 qconstruct

 Timestamp is 48822f43 (Sat Jul 19 14:15:31 2008)

 Preferred load address is 00400000

 Start         Length     Name                   Class
 0001:00000000 000b50baH .textbss                DATA
 0002:00000000 001715d6H .text                   CODE
 0003:00000000 0002500cH .rdata                  DATA
 0003:0002500c 00000150H .rdata$debug            DATA
 0003:0002515c 00000104H .rtc$IAA                DATA
 0003:00025260 000002a1H .rtc$IMZ                DATA
 0003:00025504 00000104H .rtc$IZZ                DATA
 0003:00025608 00000104H .rtc$TAA                DATA
 0003:0002570c 000002a1H .rtc$TMZ                DATA
 0003:000259b0 00000104H .rtc$TZZ                DATA
 0003:00025ab4 00000000H .edata                  DATA
 0004:00000000 00000104H .CRT$XCA                DATA
 0004:00000104 00000104H .CRT$XCAA               DATA
 0004:00000208 00000104H .CRT$XCZ                DATA
 0004:0000030c 00000104H .CRT$XIA                DATA
 0004:00000410 00000118H .CRT$XIC                DATA
 0004:00000528 00000104H .CRT$XIZ                DATA
 0004:0000062c 00000104H .CRT$XPA                DATA
 0004:00000730 00000104H .CRT$XPX                DATA
 0004:00000834 00000104H .CRT$XPZ                DATA
 0004:00000938 00000104H .CRT$XTA                DATA
 0004:00000a3c 00000104H .CRT$XTZ                DATA
 0004:00000b40 00006b72H .data                   DATA
 0004:000076c0 00914578H .bss                    DATA
 0005:00000000 0000008cH .idata$2                DATA
 0005:0000008c 00000014H .idata$3                DATA
 0005:000000a0 000004f0H .idata$4                DATA
 0005:00000590 000004f0H .idata$5                DATA
 0005:00000a80 00000f3bH .idata$6                DATA
 0006:00000000 00000216H .rsrc$01                DATA
 0006:00000220 000004d3H .rsrc$02                DATA

  Address         Publics by Value              Rva+Base     Lib:Object

 0000:00000000       __except_list              00000000     <absolute>
 0000:00000000       ___safe_se_handler_count   00000000     <absolute>
 0000:00000000       ___safe_se_handler_table   00000000     <absolute>
 0001:00000000       __enc$textbss$begin        00401000     <linker-defined>
 0001:000b50ba       __enc$textbss$end          004b60ba     <linker-defined>
 0002:00006e00       _CL_GetGameState           004bde00 f   cl_cgame.obj
 0002:00006e30       _CL_GetGlconfig            004bde30 f   cl_cgame.obj
 0002:00006e60       _CL_GetUserCmd             004bde60 f   cl_cgame.obj
 0002:00006f00       _CL_GetCurrentCmdNumber    004bdf00 f   cl_cgame.obj
 0002:00006f20       _CL_GetParseEntityState    004bdf20 f   cl_cgame.obj
 0002:00006fb0       _CL_GetCurrentSnapshotNumber 004bdfb0 f   cl_cgame.obj
 0002:00006fe0       _CL_GetSnapshot            004bdfe0 f   cl_cgame.obj
 0002:000071c0       _CL_SetUserCmdValue        004be1c0 f   cl_cgame.obj
 0002:000071f0       _CL_AddCgameCommand        004be1f0 f   cl_cgame.obj
 0002:00007220       _CL_CgameError             004be220 f   cl_cgame.obj
 0002:00007250       _CL_ConfigstringModified   004be250 f   cl_cgame.obj
 0002:00007450       _CL_GetServerCommand       004be450 f   cl_cgame.obj
 0002:000077f0       _CL_CM_LoadMap             004be7f0 f   cl_cgame.obj
 0002:00007820       _CL_ShutdownCGame          004be820 f   cl_cgame.obj
 0002:00007890       _CL_CgameSystemCalls       004be890 f   cl_cgame.obj
 0002:00008fd0       _CL_InitCGame              004bffd0 f   cl_cgame.obj
 0002:00009150       _CL_GameCommand            004c0150 f   cl_cgame.obj
 0002:00009190       _CL_CGameRendering         004c0190 f   cl_cgame.obj
 0002:000091e0       _CL_AdjustTimeDelta        004c01e0 f   cl_cgame.obj
 0002:00009390       _CL_FirstSnapshot          004c0390 f   cl_cgame.obj
 0002:00009440       _CL_SetCGameTime           004c0440 f   cl_cgame.obj
 0002:000096a0       _CIN_CloseAllVideos        004c06a0 f   cl_cin.obj
 0002:00009700       _RllDecodeMonoToMono       004c0700 f   cl_cin.obj
 0002:000097a0       _RllDecodeMonoToStereo     004c07a0 f   cl_cin.obj
 0002:00009850       _RllDecodeStereoToStereo   004c0850 f   cl_cin.obj
 0002:00009970       _RllDecodeStereoToMono     004c0970 f   cl_cin.obj
 0002:00009a60       _CIN_StopCinematic         004c0a60 f   cl_cin.obj
 0002:00009d00       _CIN_RunCinematic          004c0d00 f   cl_cin.obj
 0002:0000e560       _CIN_PlayCinematic         004c5560 f   cl_cin.obj
 0002:0000f8c0       _CIN_SetExtents            004c68c0 f   cl_cin.obj
 0002:0000f970       _CIN_SetLooping            004c6970 f   cl_cin.obj
 0002:0000f9d0       _CIN_DrawCinematic         004c69d0 f   cl_cin.obj
 0002:0000ff60       _CL_PlayCinematic_f        004c6f60 f   cl_cin.obj
 0002:000100c0       _SCR_DrawCinematic         004c70c0 f   cl_cin.obj
 0002:00010100       _SCR_RunCinematic          004c7100 f   cl_cin.obj
 0002:00010140       _SCR_StopCinematic         004c7140 f   cl_cin.obj
 0002:00010190       _CIN_UploadCinematic       004c7190 f   cl_cin.obj
 0002:00010320       _Con_ToggleConsole_f       004c7320 f   cl_console.obj
 0002:00010390       _Con_MessageMode_f         004c7390 f   cl_console.obj
 0002:000103f0       _Con_MessageMode2_f        004c73f0 f   cl_console.obj
 0002:00010450       _Con_MessageMode3_f        004c7450 f   cl_console.obj
 0002:000104e0       _Con_MessageMode4_f        004c74e0 f   cl_console.obj
 0002:00010570       _Con_Clear_f               004c7570 f   cl_console.obj
 0002:000105c0       _Con_Dump_f                004c75c0 f   cl_console.obj
 0002:00010840       _Con_ClearNotify           004c7840 f   cl_console.obj
 0002:00010890       _Con_CheckResize           004c7890 f   cl_console.obj
 0002:00010ab0       _Con_Init                  004c7ab0 f   cl_console.obj
 0002:00010c20       _Con_Linefeed              004c7c20 f   cl_console.obj
 0002:00010d20       _CL_ConsolePrint           004c7d20 f   cl_console.obj
 0002:00011010       _Con_DrawInput             004c8010 f   cl_console.obj
 0002:000110c0       _Con_DrawNotify            004c80c0 f   cl_console.obj
 0002:000113a0       _Con_DrawSolidConsole      004c83a0 f   cl_console.obj
 0002:000117b0       _Con_DrawConsole           004c87b0 f   cl_console.obj
 0002:00011840       _Con_RunConsole            004c8840 f   cl_console.obj
 0002:00011950       _Con_PageUp                004c8950 f   cl_console.obj
 0002:000119b0       _Con_PageDown              004c89b0 f   cl_console.obj
 0002:00011a00       _Con_Top                   004c8a00 f   cl_console.obj
 0002:00011a50       _Con_Bottom                004c8a50 f   cl_console.obj
 0002:00011a70       _Con_Close                 004c8a70 f   cl_console.obj
 0002:00011ae0       _IN_MLookDown              004c8ae0 f   cl_input.obj
 0002:00011b00       _IN_MLookUp                004c8b00 f   cl_input.obj
 0002:00011b40       _IN_KeyDown                004c8b40 f   cl_input.obj
 0002:00011c40       _IN_KeyUp                  004c8c40 f   cl_input.obj
 0002:00011d80       _CL_KeyState               004c8d80 f   cl_input.obj
 0002:00011e60       _IN_UpDown                 004c8e60 f   cl_input.obj
 0002:00011e90       _IN_UpUp                   004c8e90 f   cl_input.obj
 0002:00011ec0       _IN_DownDown               004c8ec0 f   cl_input.obj
 0002:00011ef0       _IN_DownUp                 004c8ef0 f   cl_input.obj
 0002:00011f20       _IN_LeftDown               004c8f20 f   cl_input.obj
 0002:00011f50       _IN_LeftUp                 004c8f50 f   cl_input.obj
 0002:00011f80       _IN_RightDown              004c8f80 f   cl_input.obj
 0002:00011fb0       _IN_RightUp                004c8fb0 f   cl_input.obj
 0002:00011fe0       _IN_ForwardDown            004c8fe0 f   cl_input.obj
 0002:00012010       _IN_ForwardUp              004c9010 f   cl_input.obj
 0002:00012040       _IN_BackDown               004c9040 f   cl_input.obj
 0002:00012070       _IN_BackUp                 004c9070 f   cl_input.obj
 0002:000120a0       _IN_LookupDown             004c90a0 f   cl_input.obj
 0002:000120d0       _IN_LookupUp               004c90d0 f   cl_input.obj
 0002:00012100       _IN_LookdownDown           004c9100 f   cl_input.obj
 0002:00012130       _IN_LookdownUp             004c9130 f   cl_input.obj
 0002:00012160       _IN_MoveleftDown           004c9160 f   cl_input.obj
 0002:00012190       _IN_MoveleftUp             004c9190 f   cl_input.obj
 0002:000121c0       _IN_MoverightDown          004c91c0 f   cl_input.obj
 0002:000121f0       _IN_MoverightUp            004c91f0 f   cl_input.obj
 0002:00012220       _IN_SpeedDown              004c9220 f   cl_input.obj
 0002:00012250       _IN_SpeedUp                004c9250 f   cl_input.obj
 0002:00012280       _IN_StrafeDown             004c9280 f   cl_input.obj
 0002:000122b0       _IN_StrafeUp               004c92b0 f   cl_input.obj
 0002:000122e0       _IN_Button0Down            004c92e0 f   cl_input.obj
 0002:00012310       _IN_Button0Up              004c9310 f   cl_input.obj
 0002:00012340       _IN_Button1Down            004c9340 f   cl_input.obj
 0002:00012370       _IN_Button1Up              004c9370 f   cl_input.obj
 0002:000123a0       _IN_Button2Down            004c93a0 f   cl_input.obj
 0002:000123d0       _IN_Button2Up              004c93d0 f   cl_input.obj
 0002:00012400       _IN_Button3Down            004c9400 f   cl_input.obj
 0002:00012430       _IN_Button3Up              004c9430 f   cl_input.obj
 0002:00012460       _IN_Button4Down            004c9460 f   cl_input.obj
 0002:00012490       _IN_Button4Up              004c9490 f   cl_input.obj
 0002:000124c0       _IN_Button5Down            004c94c0 f   cl_input.obj
 0002:000124f0       _IN_Button5Up              004c94f0 f   cl_input.obj
 0002:00012520       _IN_Button6Down            004c9520 f   cl_input.obj
 0002:00012550       _IN_Button6Up              004c9550 f   cl_input.obj
 0002:00012580       _IN_Button7Down            004c9580 f   cl_input.obj
 0002:000125b0       _IN_Button7Up              004c95b0 f   cl_input.obj
 0002:000125e0       _IN_Button8Down            004c95e0 f   cl_input.obj
 0002:00012610       _IN_Button8Up              004c9610 f   cl_input.obj
 0002:00012640       _IN_Button9Down            004c9640 f   cl_input.obj
 0002:00012670       _IN_Button9Up              004c9670 f   cl_input.obj
 0002:000126a0       _IN_Button10Down           004c96a0 f   cl_input.obj
 0002:000126d0       _IN_Button10Up             004c96d0 f   cl_input.obj
 0002:00012700       _IN_Button11Down           004c9700 f   cl_input.obj
 0002:00012730       _IN_Button11Up             004c9730 f   cl_input.obj
 0002:00012760       _IN_Button12Down           004c9760 f   cl_input.obj
 0002:00012790       _IN_Button12Up             004c9790 f   cl_input.obj
 0002:000127c0       _IN_Button13Down           004c97c0 f   cl_input.obj
 0002:000127f0       _IN_Button13Up             004c97f0 f   cl_input.obj
 0002:00012820       _IN_Button14Down           004c9820 f   cl_input.obj
 0002:00012850       _IN_Button14Up             004c9850 f   cl_input.obj
 0002:00012880       _IN_Button15Down           004c9880 f   cl_input.obj
 0002:000128b0       _IN_Button15Up             004c98b0 f   cl_input.obj
 0002:000128e0       _IN_ButtonDown             004c98e0 f   cl_input.obj
 0002:00012910       _IN_ButtonUp               004c9910 f   cl_input.obj
 0002:00012940       _IN_CenterView             004c9940 f   cl_input.obj
 0002:00012970       _CL_AdjustAngles           004c9970 f   cl_input.obj
 0002:00012aa0       _CL_KeyMove                004c9aa0 f   cl_input.obj
 0002:00012cc0       _CL_MouseEvent             004c9cc0 f   cl_input.obj
 0002:00012d80       _CL_JoystickEvent          004c9d80 f   cl_input.obj
 0002:00012dd0       _CL_JoystickMove           004c9dd0 f   cl_input.obj
 0002:00012f30       _CL_MouseMove              004c9f30 f   cl_input.obj
 0002:000131e0       _CL_CmdButtons             004ca1e0 f   cl_input.obj
 0002:000132c0       _CL_FinishMove             004ca2c0 f   cl_input.obj
 0002:00013350       _CL_CreateCmd              004ca350 f   cl_input.obj
 0002:00013510       _CL_CreateNewCommands      004ca510 f   cl_input.obj
 0002:000135f0       _CL_ReadyToSendPacket      004ca5f0 f   cl_input.obj
 0002:000137a0       _CL_WritePacket            004ca7a0 f   cl_input.obj
 0002:00013c30       _CL_SendCmd                004cac30 f   cl_input.obj
 0002:00013cc0       _CL_InitInput              004cacc0 f   cl_input.obj
 0002:00014250       _Field_VariableSizeDraw    004cb250 f   cl_keys.obj
 0002:000144d0       _Field_Draw                004cb4d0 f   cl_keys.obj
 0002:00014510       _Field_BigDraw             004cb510 f   cl_keys.obj
 0002:00014550       _Field_Paste               004cb550 f   cl_keys.obj
 0002:000145e0       _Field_KeyDownEvent        004cb5e0 f   cl_keys.obj
 0002:000147e0       _Field_CharEvent           004cb7e0 f   cl_keys.obj
 0002:00014a20       _Console_Key               004cba20 f   cl_keys.obj
 0002:00014e80       _Message_Key               004cbe80 f   cl_keys.obj
 0002:00014fe0       _Key_GetOverstrikeMode     004cbfe0 f   cl_keys.obj
 0002:00015000       _Key_SetOverstrikeMode     004cc000 f   cl_keys.obj
 0002:00015020       _Key_IsDown                004cc020 f   cl_keys.obj
 0002:00015050       _Key_StringToKeynum        004cc050 f   cl_keys.obj
 0002:000151e0       _Key_KeynumToString        004cc1e0 f   cl_keys.obj
 0002:00015330       _Key_SetBinding            004cc330 f   cl_keys.obj
 0002:000153b0       _Key_GetBinding            004cc3b0 f   cl_keys.obj
 0002:000153f0       _Key_GetKey                004cc3f0 f   cl_keys.obj
 0002:00015470       _Key_Unbind_f              004cc470 f   cl_keys.obj
 0002:00015500       _Key_Unbindall_f           004cc500 f   cl_keys.obj
 0002:00015560       _Key_Bind_f                004cc560 f   cl_keys.obj
 0002:000156e0       _Key_WriteBindings         004cc6e0 f   cl_keys.obj
 0002:00015790       _Key_Bindlist_f            004cc790 f   cl_keys.obj
 0002:00015830       _CL_InitKeyCommands        004cc830 f   cl_keys.obj
 0002:000158a0       _CL_AddKeyUpCommands       004cc8a0 f   cl_keys.obj
 0002:00015a50       _CL_KeyEvent               004cca50 f   cl_keys.obj
 0002:00016040       _CL_CharEvent              004cd040 f   cl_keys.obj
 0002:00016100       _Key_ClearStates           004cd100 f   cl_keys.obj
 0002:000161a0       _CL_CDDialog               004cd1a0 f   cl_main.obj
 0002:000161c0       _CL_AddReliableCommand     004cd1c0 f   cl_main.obj
 0002:00016240       _CL_ChangeReliableCommand  004cd240 f   cl_main.obj
 0002:00016300       _CL_WriteDemoMessage       004cd300 f   cl_main.obj
 0002:000163a0       _CL_StopRecord_f           004cd3a0 f   cl_main.obj
 0002:00016460       _CL_DemoFilename           004cd460 f   cl_main.obj
 0002:00016550       _CL_Record_f               004cd550 f   cl_main.obj
 0002:00016ab0       _CL_DemoCompleted          004cdab0 f   cl_main.obj
 0002:00016b50       _CL_ReadDemoMessage        004cdb50 f   cl_main.obj
 0002:00016cb0       _CL_PlayDemo_f             004cdcb0 f   cl_main.obj
 0002:000170e0       _CL_StartDemoLoop          004ce0e0 f   cl_main.obj
 0002:00017110       _CL_NextDemo               004ce110 f   cl_main.obj
 0002:000171c0       _CL_ShutdownAll            004ce1c0 f   cl_main.obj
 0002:00017240       _CL_FlushMemory            004ce240 f   cl_main.obj
 0002:00017290       _CL_MapLoading             004ce290 f   cl_main.obj
 0002:000173f0       _CL_ClearState             004ce3f0 f   cl_main.obj
 0002:00017420       _CL_Disconnect             004ce420 f   cl_main.obj
 0002:000175b0       _CL_ForwardCommandToServer 004ce5b0 f   cl_main.obj
 0002:00017650       _CL_RequestMotd            004ce650 f   cl_main.obj
 0002:00017860       _CL_RequestAuthorization   004ce860 f   cl_main.obj
 0002:00017b10       _CL_ForwardToServer_f      004ceb10 f   cl_main.obj
 0002:00017b70       _CL_Setenv_f               004ceb70 f   cl_main.obj
 0002:00017ce0       _CL_Disconnect_f           004cece0 f   cl_main.obj
 0002:00017d40       _CL_Reconnect_f            004ced40 f   cl_main.obj
 0002:00017dd0       _CL_Connect_f              004cedd0 f   cl_main.obj
 0002:00018030       _CL_Rcon_f                 004cf030 f   cl_main.obj
 0002:00018240       _CL_SendPureChecksums      004cf240 f   cl_main.obj
 0002:00018340       _CL_ResetPureClientAtServer 004cf340 f   cl_main.obj
 0002:00018370       _CL_Vid_Restart_f          004cf370 f   cl_main.obj
 0002:00018470       _CL_Snd_Restart_f          004cf470 f   cl_main.obj
 0002:000184a0       _CL_OpenedPK3List_f        004cf4a0 f   cl_main.obj
 0002:000184d0       _CL_ReferencedPK3List_f    004cf4d0 f   cl_main.obj
 0002:00018500       _CL_Configstrings_f        004cf500 f   cl_main.obj
 0002:000185a0       _CL_Clientinfo_f           004cf5a0 f   cl_main.obj
 0002:00018630       _CL_DownloadsComplete      004cf630 f   cl_main.obj
 0002:000186f0       _CL_BeginDownload          004cf6f0 f   cl_main.obj
 0002:00018800       _CL_NextDownload           004cf800 f   cl_main.obj
 0002:00018930       _CL_InitDownloads          004cf930 f   cl_main.obj
 0002:000189f0       _CL_CheckForResend         004cf9f0 f   cl_main.obj
 0002:00018d20       _CL_DisconnectPacket       004cfd20 f   cl_main.obj
 0002:00018e10       _CL_MotdPacket             004cfe10 f   cl_main.obj
 0002:00018f30       _CL_InitServerInfo         004cff30 f   cl_main.obj
 0002:00019020       _CL_ServersResponsePacket  004d0020 f   cl_main.obj
 0002:00019600       _CL_ConnectionlessPacket   004d0600 f   cl_main.obj
 0002:00019c30       _CL_PacketEvent            004d0c30 f   cl_main.obj
 0002:00019e60       _CL_CheckTimeout           004d0e60 f   cl_main.obj
 0002:00019f30       _CL_CheckUserinfo          004d0f30 f   cl_main.obj
 0002:00019fb0       _CL_Frame                  004d0fb0 f   cl_main.obj
 0002:0001a170       _CL_RefPrintf              004d1170 f   cl_main.obj
 0002:0001a230       _CL_ShutdownRef            004d1230 f   cl_main.obj
 0002:0001a280       _CL_InitRenderer           004d1280 f   cl_main.obj
 0002:0001a320       _CL_StartHunkUsers         004d1320 f   cl_main.obj
 0002:0001a3d0       _CL_RefMalloc              004d13d0 f   cl_main.obj
 0002:0001a410       _CL_ScaledMilliseconds     004d1410 f   cl_main.obj
 0002:0001a450       _CL_InitRef                004d1450 f   cl_main.obj
 0002:0001a5d0       _CL_SetModel_f             004d15d0 f   cl_main.obj
 0002:0001a670       _CL_Init                   004d1670 f   cl_main.obj
 0002:0001af20       _CL_Shutdown               004d1f20 f   cl_main.obj
 0002:0001b120       _CL_ServerInfoPacket       004d2120 f   cl_main.obj
 0002:0001bc90       _CL_GetServerStatus        004d2c90 f   cl_main.obj
 0002:0001be60       _CL_ServerStatus           004d2e60 f   cl_main.obj
 0002:0001c1b0       _CL_ServerStatusResponse   004d31b0 f   cl_main.obj
 0002:0001c740       _CL_LocalServers_f         004d3740 f   cl_main.obj
 0002:0001c930       _CL_GlobalServers_f        004d3930 f   cl_main.obj
 0002:0001cb40       _CL_GetPing                004d3b40 f   cl_main.obj
 0002:0001cce0       _CL_UpdateServerInfo       004d3ce0 f   cl_main.obj
 0002:0001cd80       _CL_GetPingInfo            004d3d80 f   cl_main.obj
 0002:0001cdf0       _CL_ClearPing              004d3df0 f   cl_main.obj
 0002:0001ce30       _CL_GetPingQueueCount      004d3e30 f   cl_main.obj
 0002:0001ceb0       _CL_GetFreePing            004d3eb0 f   cl_main.obj
 0002:0001cfd0       _CL_Ping_f                 004d3fd0 f   cl_main.obj
 0002:0001d100       _CL_UpdateVisiblePings_f   004d4100 f   cl_main.obj
 0002:0001d600       _CL_ServerStatus_f         004d4600 f   cl_main.obj
 0002:0001d770       _CL_ShowIP_f               004d4770 f   cl_main.obj
 0002:0001d790       _CL_CDKeyValidate          004d4790 f   cl_main.obj
 0002:0001d930       _CL_Netchan_TransmitNextFragment 004d4930 f   cl_net_chan.obj
 0002:0001d960       _CL_Netchan_Transmit       004d4960 f   cl_net_chan.obj
 0002:0001dba0       _CL_Netchan_Process        004d4ba0 f   cl_net_chan.obj
 0002:0001dda0       _SHOWNET                   004d4da0 f   cl_parse.obj
 0002:0001ddf0       _CL_DeltaEntity            004d4df0 f   cl_parse.obj
 0002:0001dea0       _CL_ParsePacketEntities    004d4ea0 f   cl_parse.obj
 0002:0001e250       _CL_ParseSnapshot          004d5250 f   cl_parse.obj
 0002:0001e650       _CL_SystemInfoChanged      004d5650 f   cl_parse.obj
 0002:0001e860       _CL_ParseGamestate         004d5860 f   cl_parse.obj
 0002:0001eb10       _CL_ParseDownload          004d5b10 f   cl_parse.obj
 0002:0001edc0       _CL_ParseCommandString     004d5dc0 f   cl_parse.obj
 0002:0001ee50       _CL_ParseServerMessage     004d5e50 f   cl_parse.obj
 0002:0001f070       _SCR_DrawNamedPic          004d6070 f   cl_scrn.obj
 0002:0001f130       _SCR_AdjustFrom640         004d6130 f   cl_scrn.obj
 0002:0001f1d0       _SCR_FillRect              004d61d0 f   cl_scrn.obj
 0002:0001f250       _SCR_DrawPic               004d6250 f   cl_scrn.obj
 0002:0001f2c0       _SCR_DrawSmallChar         004d62c0 f   cl_scrn.obj
 0002:0001f390       _SCR_DrawStringExt         004d6390 f   cl_scrn.obj
 0002:0001f6b0       _SCR_DrawBigString         004d66b0 f   cl_scrn.obj
 0002:0001f710       _SCR_DrawBigStringColor    004d6710 f   cl_scrn.obj
 0002:0001f750       _SCR_DrawSmallStringExt    004d6750 f   cl_scrn.obj
 0002:0001f870       _SCR_GetBigStringWidth     004d6870 f   cl_scrn.obj
 0002:0001f930       _SCR_DrawDemoRecording     004d6930 f   cl_scrn.obj
 0002:0001fa00       _SCR_DebugGraph            004d6a00 f   cl_scrn.obj
 0002:0001fa60       _SCR_DrawDebugGraph        004d6a60 f   cl_scrn.obj
 0002:0001fc60       _SCR_Init                  004d6c60 f   cl_scrn.obj
 0002:0001fd30       _SCR_DrawScreenField       004d6d30 f   cl_scrn.obj
 0002:0001ffb0       _SCR_UpdateScreen          004d6fb0 f   cl_scrn.obj
 0002:00020090       _LAN_LoadCachedServers     004d7090 f   cl_ui.obj
 0002:00020200       _LAN_SaveServersToCache    004d7200 f   cl_ui.obj
 0002:000202f0       _LAN_UpdateVisiblePings    004d72f0 f   cl_ui.obj
 0002:00020320       _LAN_GetServerStatus       004d7320 f   cl_ui.obj
 0002:00020350       _Key_GetCatcher            004d7350 f   cl_ui.obj
 0002:00020370       _Key_SetCatcher            004d7370 f   cl_ui.obj
 0002:00020390       _CL_UISystemCalls          004d7390 f   cl_ui.obj
 0002:00022e60       _CL_ShutdownUI             004d9e60 f   cl_ui.obj
 0002:00022ed0       _CL_InitUI                 004d9ed0 f   cl_ui.obj
 0002:00023030       _UI_usesUniqueCDKey        004da030 f   cl_ui.obj
 0002:00023080       _UI_GameCommand            004da080 f   cl_ui.obj
 0002:000230d0       _CMod_LoadShaders          004da0d0 f   cm_load.obj
 0002:00023210       _CMod_LoadSubmodels        004da210 f   cm_load.obj
 0002:000234e0       _CMod_LoadNodes            004da4e0 f   cm_load.obj
 0002:00023640       _CM_BoundBrush             004da640 f   cm_load.obj
 0002:000236f0       _CMod_LoadBrushes          004da6f0 f   cm_load.obj
 0002:00023880       _CMod_LoadLeafs            004da880 f   cm_load.obj
 0002:00023ab0       _CMod_LoadPlanes           004daab0 f   cm_load.obj
 0002:00023ce0       _CMod_LoadLeafBrushes      004dace0 f   cm_load.obj
 0002:00023de0       _CMod_LoadLeafSurfaces     004dade0 f   cm_load.obj
 0002:00023ed0       _CMod_LoadBrushSides       004daed0 f   cm_load.obj
 0002:00024040       _CMod_LoadEntityString     004db040 f   cm_load.obj
 0002:000240c0       _CMod_LoadVisibility       004db0c0 f   cm_load.obj
 0002:000241e0       _CMod_LoadPatches          004db1e0 f   cm_load.obj
 0002:000244a0       _CM_LumpChecksum           004db4a0 f   cm_load.obj
 0002:000244e0       _CM_Checksum               004db4e0 f   cm_load.obj
 0002:00024600       _CM_LoadMap                004db600 f   cm_load.obj
 0002:00024970       _CM_ClearMap               004db970 f   cm_load.obj
 0002:000249b0       _CM_ClipHandleToModel      004db9b0 f   cm_load.obj
 0002:00024a70       _CM_InlineModel            004dba70 f   cm_load.obj
 0002:00024ab0       _CM_NumClusters            004dbab0 f   cm_load.obj
 0002:00024ad0       _CM_NumInlineModels        004dbad0 f   cm_load.obj
 0002:00024af0       _CM_EntityString           004dbaf0 f   cm_load.obj
 0002:00024b10       _CM_LeafCluster            004dbb10 f   cm_load.obj
 0002:00024b60       _CM_LeafArea               004dbb60 f   cm_load.obj
 0002:00024bb0       _CM_InitBoxHull            004dbbb0 f   cm_load.obj
 0002:00024dc0       _CM_TempBoxModel           004dbdc0 f   cm_load.obj
 0002:00024fb0       _CM_ModelBounds            004dbfb0 f   cm_load.obj
 0002:00025030       _CM_ClearLevelPatches      004dc030 f   cm_patch.obj
 0002:00025060       _CM_PlaneEqual             004dc060 f   cm_patch.obj
 0002:00025250       _CM_SnapVector             004dc250 f   cm_patch.obj
 0002:00025370       _CM_FindPlane2             004dc370 f   cm_patch.obj
 0002:00025520       _CM_AddFacetBevels         004dc520 f   cm_patch.obj
 0002:00025f20       _CM_GeneratePatchCollide   004dcf20 f   cm_patch.obj
 0002:00029490       _CM_TracePointThroughPatchCollide 004e0490 f   cm_patch.obj
 0002:00029b20       _CM_CheckFacetPlane        004e0b20 f   cm_patch.obj
 0002:00029d00       _CM_TraceThroughPatchCollide 004e0d00 f   cm_patch.obj
 0002:0002a4f0       _CM_PositionTestInPatchCollide 004e14f0 f   cm_patch.obj
 0002:0002a9f0       _CM_DrawDebugSurface       004e19f0 f   cm_patch.obj
 0002:0002b0a0       _pw                        004e20a0 f   cm_polylib.obj
 0002:0002b140       _AllocWinding              004e2140 f   cm_polylib.obj
 0002:0002b200       _FreeWinding               004e2200 f   cm_polylib.obj
 0002:0002b260       _RemoveColinearPoints      004e2260 f   cm_polylib.obj
 0002:0002b4e0       _WindingPlane              004e24e0 f   cm_polylib.obj
 0002:0002b660       _WindingArea               004e2660 f   cm_polylib.obj
 0002:0002b800       _WindingBounds             004e2800 f   cm_polylib.obj
 0002:0002b910       _WindingCenter             004e2910 f   cm_polylib.obj
 0002:0002ba20       _BaseWindingForPlane       004e2a20 f   cm_polylib.obj
 0002:0002bdf0       _CopyWinding               004e2df0 f   cm_polylib.obj
 0002:0002be50       _ReverseWinding            004e2e50 f   cm_polylib.obj
 0002:0002bf30       _ClipWindingEpsilon        004e2f30 f   cm_polylib.obj
 0002:0002c790       _ChopWindingInPlace        004e3790 f   cm_polylib.obj
 0002:0002cdf0       _ChopWinding               004e3df0 f   cm_polylib.obj
 0002:0002ce60       _CheckWinding              004e3e60 f   cm_polylib.obj
 0002:0002d1e0       _WindingOnPlaneSide        004e41e0 f   cm_polylib.obj
 0002:0002d310       _AddWindingToConvexHull    004e4310 f   cm_polylib.obj
 0002:0002d7f0       _CM_PointLeafnum_r         004e47f0 f   cm_test.obj
 0002:0002d8e0       _CM_PointLeafnum           004e48e0 f   cm_test.obj
 0002:0002d920       _CM_StoreLeafs             004e4920 f   cm_test.obj
 0002:0002d9b0       _CM_StoreBrushes           004e49b0 f   cm_test.obj
 0002:0002db20       _CM_BoxLeafnums_r          004e4b20 f   cm_test.obj
 0002:0002dc00       _CM_BoxLeafnums            004e4c00 f   cm_test.obj
 0002:0002dcc0       _CM_BoxBrushes             004e4cc0 f   cm_test.obj
 0002:0002dd70       _CM_PointContents          004e4d70 f   cm_test.obj
 0002:0002df20       _CM_TransformedPointContents 004e4f20 f   cm_test.obj
 0002:0002e070       _CM_ClusterPVS             004e5070 f   cm_test.obj
 0002:0002e0d0       _CM_FloodArea_r            004e50d0 f   cm_test.obj
 0002:0002e1b0       _CM_FloodAreaConnections   004e51b0 f   cm_test.obj
 0002:0002e250       _CM_AdjustAreaPortalState  004e5250 f   cm_test.obj
 0002:0002e3e0       _CM_AreasConnected         004e53e0 f   cm_test.obj
 0002:0002e480       _CM_WriteAreaBits          004e5480 f   cm_test.obj
 0002:0002e570       _RotatePoint               004e5570 f   cm_trace.obj
 0002:0002e630       _TransposeMatrix           004e5630 f   cm_trace.obj
 0002:0002e6b0       _CreateRotationMatrix      004e56b0 f   cm_trace.obj
 0002:0002e700       _CM_ProjectPointOntoVector 004e5700 f   cm_trace.obj
 0002:0002e800       _CM_DistanceFromLineSquared 004e5800 f   cm_trace.obj
 0002:0002ea40       _CM_VectorDistanceSquared  004e5a40 f   cm_trace.obj
 0002:0002eaa0       _SquareRootFloat           004e5aa0 f   cm_trace.obj
 0002:0002eb80       _CM_TestBoxInBrush         004e5b80 f   cm_trace.obj
 0002:0002ef40       _CM_TestInLeaf             004e5f40 f   cm_trace.obj
 0002:0002f120       _CM_TestCapsuleInCapsule   004e6120 f   cm_trace.obj
 0002:0002f5c0       _CM_TestBoundingBoxInCapsule 004e65c0 f   cm_trace.obj
 0002:0002f790       _CM_PositionTest           004e6790 f   cm_trace.obj
 0002:0002f9b0       _CM_TraceThroughPatch      004e69b0 f   cm_trace.obj
 0002:0002fa40       _CM_TraceThroughBrush      004e6a40 f   cm_trace.obj
 0002:000301f0       _CM_TraceThroughLeaf       004e71f0 f   cm_trace.obj
 0002:000303c0       _CM_TraceThroughSphere     004e73c0 f   cm_trace.obj
 0002:000308a0       _CM_TraceThroughVerticalCylinder 004e78a0 f   cm_trace.obj
 0002:00030e00       _CM_TraceCapsuleThroughCapsule 004e7e00 f   cm_trace.obj
 0002:00031240       _CM_TraceBoundingBoxThroughCapsule 004e8240 f   cm_trace.obj
 0002:00031410       _CM_TraceThroughTree       004e8410 f   cm_trace.obj
 0002:000318d0       _CM_Trace                  004e88d0 f   cm_trace.obj
 0002:00032240       _CM_BoxTrace               004e9240 f   cm_trace.obj
 0002:00032290       _CM_TransformedBoxTrace    004e9290 f   cm_trace.obj
 0002:000326e0       _Cmd_Wait_f                004e96e0 f   cmd.obj
 0002:00032730       _Cbuf_Init                 004e9730 f   cmd.obj
 0002:00032770       _Cbuf_AddText              004e9770 f   cmd.obj
 0002:00032800       _Cbuf_InsertText           004e9800 f   cmd.obj
 0002:000328e0       _Cbuf_ExecuteText          004e98e0 f   cmd.obj
 0002:00032980       _Cbuf_Execute              004e9980 f   cmd.obj
 0002:00032b30       _Cmd_Exec_f                004e9b30 f   cmd.obj
 0002:00032c20       _Cmd_Vstr_f                004e9c20 f   cmd.obj
 0002:00032c90       _Cmd_Echo_f                004e9c90 f   cmd.obj
 0002:00032d00       _Cmd_Argc                  004e9d00 f   cmd.obj
 0002:00032d20       _Cmd_Argv                  004e9d20 f   cmd.obj
 0002:00032d60       _Cmd_ArgvBuffer            004e9d60 f   cmd.obj
 0002:00032da0       _Cmd_Args                  004e9da0 f   cmd.obj
 0002:00032e30       _Cmd_ArgsFrom              004e9e30 f   cmd.obj
 0002:00032ed0       _Cmd_ArgsBuffer            004e9ed0 f   cmd.obj
 0002:00032f00       _Cmd_Cmd                   004e9f00 f   cmd.obj
 0002:00032f20       _Cmd_TokenizeString        004e9f20 f   cmd.obj
 0002:00033210       _Cmd_AddCommand            004ea210 f   cmd.obj
 0002:000332f0       _Cmd_RemoveCommand         004ea2f0 f   cmd.obj
 0002:00033390       _Cmd_CommandCompletion     004ea390 f   cmd.obj
 0002:000333e0       _Cmd_ExecuteString         004ea3e0 f   cmd.obj
 0002:00033530       _Cmd_List_f                004ea530 f   cmd.obj
 0002:00033600       _Cmd_Init                  004ea600 f   cmd.obj
 0002:00033690       _Com_BeginRedirect         004ea690 f   common.obj
 0002:000336f0       _Com_EndRedirect           004ea6f0 f   common.obj
 0002:00033750       _Com_Printf                004ea750 f   common.obj
 0002:000339b0       _Com_DPrintf               004ea9b0 f   common.obj
 0002:00033a40       _Com_Error                 004eaa40 f   common.obj
 0002:00033cf0       _Com_Quit_f                004eacf0 f   common.obj
 0002:00033d40       _Com_ParseCommandLine      004ead40 f   common.obj
 0002:00033e20       _Com_SafeMode              004eae20 f   common.obj
 0002:00033ee0       _Com_StartupVariable       004eaee0 f   common.obj
 0002:00033fe0       _Com_AddStartupCommands    004eafe0 f   common.obj
 0002:000340b0       _Info_Print                004eb0b0 f   common.obj
 0002:00034290       _Com_StringContains        004eb290 f   common.obj
 0002:000343b0       _Com_Filter                004eb3b0 f   common.obj
 0002:00034810       _Com_FilterPath            004eb810 f   common.obj
 0002:00034950       _Com_HashKey               004eb950 f   common.obj
 0002:000349e0       _Com_RealTime              004eb9e0 f   common.obj
 0002:00034ac0       _Z_ClearZone               004ebac0 f   common.obj
 0002:00034b90       _Z_AvailableZoneMemory     004ebb90 f   common.obj
 0002:00034bc0       _Z_AvailableMemory         004ebbc0 f   common.obj
 0002:00034bf0       _Z_Free                    004ebbf0 f   common.obj
 0002:00034de0       _Z_FreeTags                004ebde0 f   common.obj
 0002:00034e90       _Z_TagMallocDebug          004ebe90 f   common.obj
 0002:000350d0       _Z_MallocDebug             004ec0d0 f   common.obj
 0002:00035130       _S_MallocDebug             004ec130 f   common.obj
 0002:00035170       _Z_CheckHeap               004ec170 f   common.obj
 0002:00035230       _Z_LogZoneHeap             004ec230 f   common.obj
 0002:00035570       _Z_LogHeap                 004ec570 f   common.obj
 0002:000355c0       _CopyString                004ec5c0 f   common.obj
 0002:00035680       _Com_Meminfo_f             004ec680 f   common.obj
 0002:00035ab0       _Com_TouchMemory           004ecab0 f   common.obj
 0002:00035c20       _Com_InitSmallZoneMemory   004ecc20 f   common.obj
 0002:00035cb0       _Com_InitZoneMemory        004eccb0 f   common.obj
 0002:00035d80       _Hunk_Log                  004ecd80 f   common.obj
 0002:00035f90       _Hunk_SmallLog             004ecf90 f   common.obj
 0002:00036280       _Com_InitHunkMemory        004ed280 f   common.obj
 0002:00036440       _Hunk_MemoryRemaining      004ed440 f   common.obj
 0002:000364d0       _Hunk_SetMark              004ed4d0 f   common.obj
 0002:00036500       _Hunk_ClearToMark          004ed500 f   common.obj
 0002:00036550       _Hunk_CheckMark            004ed550 f   common.obj
 0002:00036590       _Hunk_Clear                004ed590 f   common.obj
 0002:00036660       _Hunk_AllocDebug           004ed660 f   common.obj
 0002:000368d0       _Hunk_AllocateTempMemory   004ed8d0 f   common.obj
 0002:00036a40       _Hunk_FreeTempMemory       004eda40 f   common.obj
 0002:00036b60       _Hunk_ClearTempMemory      004edb60 f   common.obj
 0002:00036ba0       _Hunk_Trash                004edba0 f   common.obj
 0002:00036c10       _Com_InitJournaling        004edc10 f   common.obj
 0002:00036d60       _Com_GetRealEvent          004edd60 f   common.obj
 0002:00036f30       _Com_InitPushEvent         004edf30 f   common.obj
 0002:00036f80       _Com_PushEvent             004edf80 f   common.obj
 0002:00037070       _Com_GetEvent              004ee070 f   common.obj
 0002:00037140       _Com_RunAndTimeServerPacket 004ee140 f   common.obj
 0002:00037200       _Com_EventLoop             004ee200 f   common.obj
 0002:000375a0       _Com_Milliseconds          004ee5a0 f   common.obj
 0002:00037610       _Com_ReadCDKey             004ee610 f   common.obj
 0002:00037710       _Com_AppendCDKey           004ee710 f   common.obj
 0002:00037810       _Com_Init                  004ee810 f   common.obj
 0002:00037f20       _Com_WriteConfigToFile     004eef20 f   common.obj
 0002:00037fb0       _Com_WriteConfiguration    004eefb0 f   common.obj
 0002:00038190       _Com_WriteConfig_f         004ef190 f   common.obj
 0002:00038230       _Com_ModifyMsec            004ef230 f   common.obj
 0002:00038360       _Com_Frame                 004ef360 f   common.obj
 0002:00038750       _Com_Shutdown              004ef750 f   common.obj
 0002:000387c0       __copyDWord                004ef7c0 f   common.obj
 0002:00038880       _Com_Memcpy                004ef880 f   common.obj
 0002:000389d0       _Com_Memset                004ef9d0 f   common.obj
 0002:00038ac0       _Com_Memcmp                004efac0 f   common.obj
 0002:00038c00       _Com_Prefetch              004efc00 f   common.obj
 0002:00038c70       _Q_acos                    004efc70 f   common.obj
 0002:00038ce0       _Field_Clear               004efce0 f   common.obj
 0002:00038d30       _Field_CompleteCommand     004efd30 f   common.obj
 0002:00039260       _Cvar_VariableValue        004f0260 f   cvar.obj
 0002:000393b0       _Cvar_VariableIntegerValue 004f03b0 f   cvar.obj
 0002:000393f0       _Cvar_VariableString       004f03f0 f   cvar.obj
 0002:00039430       _Cvar_VariableStringBuffer 004f0430 f   cvar.obj
 0002:00039490       _Cvar_CommandCompletion    004f0490 f   cvar.obj
 0002:000394e0       _Cvar_Get                  004f04e0 f   cvar.obj
 0002:00039890       _Cvar_Set2                 004f0890 f   cvar.obj
 0002:00039c00       _Cvar_Set                  004f0c00 f   cvar.obj
 0002:00039c30       _Cvar_SetLatched           004f0c30 f   cvar.obj
 0002:00039c60       _Cvar_SetValue             004f0c60 f   cvar.obj
 0002:00039d00       _Cvar_Reset                004f0d00 f   cvar.obj
 0002:00039d30       _Cvar_SetCheatState        004f0d30 f   cvar.obj
 0002:00039de0       _Cvar_Command              004f0de0 f   cvar.obj
 0002:00039eb0       _Cvar_Toggle_f             004f0eb0 f   cvar.obj
 0002:00039f50       _Cvar_Set_f                004f0f50 f   cvar.obj
 0002:0003a080       _Cvar_SetU_f               004f1080 f   cvar.obj
 0002:0003a100       _Cvar_SetS_f               004f1100 f   cvar.obj
 0002:0003a180       _Cvar_SetA_f               004f1180 f   cvar.obj
 0002:0003a200       _Cvar_Reset_f              004f1200 f   cvar.obj
 0002:0003a250       _Cvar_WriteVariables       004f1250 f   cvar.obj
 0002:0003a350       _Cvar_List_f               004f1350 f   cvar.obj
 0002:0003a5a0       _Cvar_Restart_f            004f15a0 f   cvar.obj
 0002:0003a6e0       _Cvar_InfoString           004f16e0 f   cvar.obj
 0002:0003a760       _Cvar_InfoString_Big       004f1760 f   cvar.obj
 0002:0003a7e0       _Cvar_InfoStringBuffer     004f17e0 f   cvar.obj
 0002:0003a820       _Cvar_Register             004f1820 f   cvar.obj
 0002:0003a890       _Cvar_Update               004f1890 f   cvar.obj
 0002:0003a9e0       _Cvar_Init                 004f19e0 f   cvar.obj
 0002:0003aad0       _FS_Initialized            004f1ad0 f   files.obj
 0002:0003ab00       _FS_PakIsPure              004f1b00 f   files.obj
 0002:0003ab80       _FS_LoadStack              004f1b80 f   files.obj
 0002:0003aba0       _FS_ForceFlush             004f1ba0 f   files.obj
 0002:0003ac80       _FS_filelength             004f1c80 f   files.obj
 0002:0003ad00       _FS_BuildOSPath            004f1d00 f   files.obj
 0002:0003ae30       _FS_FileExists             004f1e30 f   files.obj
 0002:0003aeb0       _FS_SV_FileExists          004f1eb0 f   files.obj
 0002:0003af40       _FS_SV_FOpenFileWrite      004f1f40 f   files.obj
 0002:0003b1f0       _FS_SV_FOpenFileRead       004f21f0 f   files.obj
 0002:0003b530       _FS_SV_Rename              004f2530 f   files.obj
 0002:0003b840       _FS_Rename                 004f2840 f   files.obj
 0002:0003b930       _FS_FCloseFile             004f2930 f   files.obj
 0002:0003ba80       _FS_FOpenFileWrite         004f2a80 f   files.obj
 0002:0003bbd0       _FS_FOpenFileAppend        004f2bd0 f   files.obj
 0002:0003bd20       _FS_FilenameCompare        004f2d20 f   files.obj
 0002:0003bdf0       _FS_ShiftedStrStr          004f2df0 f   files.obj
 0002:0003be90       _FS_FOpenFileRead          004f2e90 f   files.obj
 0002:0003ca80       _FS_Read2                  004f3a80 f   files.obj
 0002:0003cb50       _FS_Read                   004f3b50 f   files.obj
 0002:0003cca0       _FS_Write                  004f3ca0 f   files.obj
 0002:0003cdd0       _FS_Printf                 004f3dd0 f   files.obj
 0002:0003ce50       _FS_Seek                   004f3e50 f   files.obj
 0002:0003d0b0       _FS_FileIsInPAK            004f40b0 f   files.obj
 0002:0003d280       _FS_ReadFile               004f4280 f   files.obj
 0002:0003d680       _FS_FreeFile               004f4680 f   files.obj
 0002:0003d700       _FS_WriteFile              004f4700 f   files.obj
 0002:0003d7b0       _FS_ListFilteredFiles      004f47b0 f   files.obj
 0002:0003de70       _FS_ListFiles              004f4e70 f   files.obj
 0002:0003dea0       _FS_FreeFileList           004f4ea0 f   files.obj
 0002:0003df30       _FS_GetFileList            004f4f30 f   files.obj
 0002:0003e060       _FS_GetModList             004f5060 f   files.obj
 0002:0003e7a0       _FS_Dir_f                  004f57a0 f   files.obj
 0002:0003e8d0       _FS_ConvertPath            004f58d0 f   files.obj
 0002:0003e930       _FS_PathCmp                004f5930 f   files.obj
 0002:0003ea10       _FS_SortFileList           004f5a10 f   files.obj
 0002:0003eb70       _FS_NewDir_f               004f5b70 f   files.obj
 0002:0003ec90       _FS_Path_f                 004f5c90 f   files.obj
 0002:0003ee00       _FS_TouchFile_f            004f5e00 f   files.obj
 0002:0003ee70       _FS_idPak                  004f5e70 f   files.obj
 0002:0003eef0       _FS_ComparePaks            004f5ef0 f   files.obj
 0002:0003f240       _FS_Shutdown               004f6240 f   files.obj
 0002:0003f390       _FS_GamePureChecksum       004f6390 f   files.obj
 0002:0003f430       _FS_LoadedPakChecksums     004f6430 f   files.obj
 0002:0003f4c0       _FS_LoadedPakNames         004f64c0 f   files.obj
 0002:0003f570       _FS_LoadedPakPureChecksums 004f6570 f   files.obj
 0002:0003f600       _FS_ReferencedPakChecksums 004f6600 f   files.obj
 0002:0003f6e0       _FS_ReferencedPakPureChecksums 004f66e0 f   files.obj
 0002:0003f8d0       _FS_ReferencedPakNames     004f68d0 f   files.obj
 0002:0003fa10       _FS_ClearPakReferences     004f6a10 f   files.obj
 0002:0003fa90       _FS_PureServerSetLoadedPaks 004f6a90 f   files.obj
 0002:0003fc60       _FS_PureServerSetReferencedPaks 004f6c60 f   files.obj
 0002:0003fde0       _FS_InitFilesystem         004f6de0 f   files.obj
 0002:00041030       _FS_Restart                004f8030 f   files.obj
 0002:000411d0       _FS_ConditionalRestart     004f81d0 f   files.obj
 0002:00041220       _FS_FOpenFileByMode        004f8220 f   files.obj
 0002:00041450       _FS_FTell                  004f8450 f   files.obj
 0002:000414d0       _FS_Flush                  004f84d0 f   files.obj
 0002:00041510       _Huff_putBit               004f8510 f   huffman.obj
 0002:000415b0       _Huff_getBit               004f85b0 f   huffman.obj
 0002:00041620       _Huff_addRef               004f8620 f   huffman.obj
 0002:00041db0       _Huff_Receive              004f8db0 f   huffman.obj
 0002:00041e80       _Huff_offsetReceive        004f8e80 f   huffman.obj
 0002:00041f20       _Huff_transmit             004f8f20 f   huffman.obj
 0002:000420c0       _Huff_offsetTransmit       004f90c0 f   huffman.obj
 0002:00042110       _Huff_Decompress           004f9110 f   huffman.obj
 0002:000423c0       _Huff_Compress             004f93c0 f   huffman.obj
 0002:000425e0       _Huff_Init                 004f95e0 f   huffman.obj
 0002:00042810       _MD4Init                   004f9810 f   md4.obj
 0002:00042870       _MD4Update                 004f9870 f   md4.obj
 0002:000429c0       _MD4Final                  004f99c0 f   md4.obj
 0002:000437a0       _Com_BlockChecksum         004fa7a0 f   md4.obj
 0002:00043810       _Com_BlockChecksumKey      004fa810 f   md4.obj
 0002:00043890       _MSG_Init                  004fa890 f   msg.obj
 0002:000438e0       _MSG_InitOOB               004fa8e0 f   msg.obj
 0002:00043940       _MSG_Clear                 004fa940 f   msg.obj
 0002:00043980       _MSG_Bitstream             004fa980 f   msg.obj
 0002:000439a0       _MSG_BeginReading          004fa9a0 f   msg.obj
 0002:000439e0       _MSG_BeginReadingOOB       004fa9e0 f   msg.obj
 0002:00043a20       _MSG_Copy                  004faa20 f   msg.obj
 0002:00043aa0       _MSG_WriteBits             004faaa0 f   msg.obj
 0002:00043dc0       _MSG_ReadBits              004fadc0 f   msg.obj
 0002:00044050       _MSG_WriteChar             004fb050 f   msg.obj
 0002:00044080       _MSG_WriteByte             004fb080 f   msg.obj
 0002:000440b0       _MSG_WriteData             004fb0b0 f   msg.obj
 0002:00044110       _MSG_WriteShort            004fb110 f   msg.obj
 0002:00044140       _MSG_WriteLong             004fb140 f   msg.obj
 0002:00044170       _MSG_WriteFloat            004fb170 f   msg.obj
 0002:000441b0       _MSG_WriteString           004fb1b0 f   msg.obj
 0002:000442c0       _MSG_WriteBigString        004fb2c0 f   msg.obj
 0002:000443d0       _MSG_WriteAngle            004fb3d0 f   msg.obj
 0002:00044420       _MSG_WriteAngle16          004fb420 f   msg.obj
 0002:00044470       _MSG_ReadChar              004fb470 f   msg.obj
 0002:000444c0       _MSG_ReadByte              004fb4c0 f   msg.obj
 0002:00044510       _MSG_ReadShort             004fb510 f   msg.obj
 0002:00044560       _MSG_ReadLong              004fb560 f   msg.obj
 0002:000445b0       _MSG_ReadFloat             004fb5b0 f   msg.obj
 0002:00044600       _MSG_ReadString            004fb600 f   msg.obj
 0002:000446a0       _MSG_ReadBigString         004fb6a0 f   msg.obj
 0002:00044730       _MSG_ReadStringLine        004fb730 f   msg.obj
 0002:000447d0       _MSG_ReadAngle16           004fb7d0 f   msg.obj
 0002:00044810       _MSG_ReadData              004fb810 f   msg.obj
 0002:00044860       _MSG_WriteDelta            004fb860 f   msg.obj
 0002:000448d0       _MSG_ReadDelta             004fb8d0 f   msg.obj
 0002:00044920       _MSG_WriteDeltaFloat       004fb920 f   msg.obj
 0002:00044990       _MSG_ReadDeltaFloat        004fb990 f   msg.obj
 0002:000449e0       _MSG_WriteDeltaKey         004fb9e0 f   msg.obj
 0002:00044a50       _MSG_ReadDeltaKey          004fba50 f   msg.obj
 0002:00044ab0       _MSG_WriteDeltaKeyFloat    004fbab0 f   msg.obj
 0002:00044b20       _MSG_ReadDeltaKeyFloat     004fbb20 f   msg.obj
 0002:00044b70       _MSG_WriteDeltaUsercmd     004fbb70 f   msg.obj
 0002:00044d20       _MSG_ReadDeltaUsercmd      004fbd20 f   msg.obj
 0002:00044ea0       _MSG_WriteDeltaUsercmdKey  004fbea0 f   msg.obj
 0002:00045170       _MSG_ReadDeltaUsercmdKey   004fc170 f   msg.obj
 0002:000453c0       _MSG_ReportChangeVectors_f 004fc3c0 f   msg.obj
 0002:00045430       _MSG_WriteDeltaEntity      004fc430 f   msg.obj
 0002:00045830       _MSG_ReadDeltaEntity       004fc830 f   msg.obj
 0002:00045c70       _MSG_WriteDeltaPlayerstate 004fcc70 f   msg.obj
 0002:00046440       _MSG_ReadDeltaPlayerstate  004fd440 f   msg.obj
 0002:00046a30       _MSG_initHuffman           004fda30 f   msg.obj
 0002:00046ae0       _Netchan_Init              004fdae0 f   net_chan.obj
 0002:00046b80       _Netchan_Setup             004fdb80 f   net_chan.obj
 0002:00046c10       _Netchan_TransmitNextFragment 004fdc10 f   net_chan.obj
 0002:00046e40       _Netchan_Transmit          004fde40 f   net_chan.obj
 0002:00047010       _Netchan_Process           004fe010 f   net_chan.obj
 0002:00047530       _NET_CompareBaseAdr        004fe530 f   net_chan.obj
 0002:00047600       _NET_AdrToString           004fe600 f   net_chan.obj
 0002:00047760       _NET_CompareAdr            004fe760 f   net_chan.obj
 0002:00047850       _NET_IsLocalAddress        004fe850 f   net_chan.obj
 0002:00047870       _NET_GetLoopPacket         004fe870 f   net_chan.obj
 0002:000479a0       _NET_SendLoopPacket        004fe9a0 f   net_chan.obj
 0002:00047a40       _NET_SendPacket            004fea40 f   net_chan.obj
 0002:00047b30       _NET_OutOfBandPrint        004feb30 f   net_chan.obj
 0002:00047c00       _NET_OutOfBandData         004fec00 f   net_chan.obj
 0002:00047d10       _NET_StringToAdr           004fed10 f   net_chan.obj
 0002:00047ec0       _Q_rand                    004feec0 f   q_math.obj
 0002:00047f00       _Q_random                  004fef00 f   q_math.obj
 0002:00047f40       _Q_crandom                 004fef40 f   q_math.obj
 0002:00047f70       _ClampChar                 004fef70 f   q_math.obj
 0002:00047fa0       _ClampShort                004fefa0 f   q_math.obj
 0002:00047fe0       _DirToByte                 004fefe0 f   q_math.obj
 0002:000480b0       _ByteToDir                 004ff0b0 f   q_math.obj
 0002:00048150       _ColorBytes3               004ff150 f   q_math.obj
 0002:000481b0       _ColorBytes4               004ff1b0 f   q_math.obj
 0002:00048220       _NormalizeColor            004ff220 f   q_math.obj
 0002:00048300       _PlaneFromPoints           004ff300 f   q_math.obj
 0002:00048490       _RotatePointAroundVector   004ff490 f   q_math.obj
 0002:00048750       _RotateAroundDirection     004ff750 f   q_math.obj
 0002:00048800       _vectoangles               004ff800 f   q_math.obj
 0002:000489e0       _AnglesToAxis              004ff9e0 f   q_math.obj
 0002:00048a50       _AxisClear                 004ffa50 f   q_math.obj
 0002:00048ae0       _AxisCopy                  004ffae0 f   q_math.obj
 0002:00048b80       _ProjectPointOnPlane       004ffb80 f   q_math.obj
 0002:00048cc0       _MakeNormalVectors         004ffcc0 f   q_math.obj
 0002:00048dc0       _VectorRotate              004ffdc0 f   q_math.obj
 0002:00048e80       _Q_rsqrt                   004ffe80 f   q_math.obj
 0002:00048ef0       _Q_fabs                    004ffef0 f   q_math.obj
 0002:00048f20       _LerpAngle                 004fff20 f   q_math.obj
 0002:00048fa0       _AngleSubtract             004fffa0 f   q_math.obj
 0002:00049010       _AnglesSubtract            00500010 f   q_math.obj
 0002:00049090       _AngleMod                  00500090 f   q_math.obj
 0002:000490e0       _AngleNormalize360         005000e0 f   q_math.obj
 0002:00049120       _AngleNormalize180         00500120 f   q_math.obj
 0002:00049170       _AngleDelta                00500170 f   q_math.obj
 0002:000491a0       _SetPlaneSignbits          005001a0 f   q_math.obj
 0002:00049220       _BoxOnPlaneSide            00500220 f   q_math.obj
 0002:000494f0       _RadiusFromBounds          005004f0 f   q_math.obj
 0002:00049610       _ClearBounds               00500610 f   q_math.obj
 0002:00049670       _AddPointToBounds          00500670 f   q_math.obj
 0002:00049770       _VectorNormalize           00500770 f   q_math.obj
 0002:00049830       _VectorNormalize2          00500830 f   q_math.obj
 0002:00049920       __VectorMA                 00500920 f   q_math.obj
 0002:00049980       __DotProduct               00500980 f   q_math.obj
 0002:000499d0       __VectorSubtract           005009d0 f   q_math.obj
 0002:00049a30       __VectorAdd                00500a30 f   q_math.obj
 0002:00049a90       __VectorCopy               00500a90 f   q_math.obj
 0002:00049ad0       __VectorScale              00500ad0 f   q_math.obj
 0002:00049b20       _Vector4Scale              00500b20 f   q_math.obj
 0002:00049b80       _Q_log2                    00500b80 f   q_math.obj
 0002:00049bc0       _MatrixMultiply            00500bc0 f   q_math.obj
 0002:00049dd0       _AngleVectors              00500dd0 f   q_math.obj
 0002:0004a040       _PerpendicularVector       00501040 f   q_math.obj
 0002:0004a130       _Com_Clamp                 00501130 f   q_shared.obj
 0002:0004a180       _COM_SkipPath              00501180 f   q_shared.obj
 0002:0004a1e0       _COM_StripExtension        005011e0 f   q_shared.obj
 0002:0004a240       _COM_DefaultExtension      00501240 f   q_shared.obj
 0002:0004a2f0       _ShortSwap                 005012f0 f   q_shared.obj
 0002:0004a340       _ShortNoSwap               00501340 f   q_shared.obj
 0002:0004a360       _LongSwap                  00501360 f   q_shared.obj
 0002:0004a3e0       _LongNoSwap                005013e0 f   q_shared.obj
 0002:0004a400       _Long64Swap                00501400 f   q_shared.obj
 0002:0004a460       _Long64NoSwap              00501460 f   q_shared.obj
 0002:0004a480       _FloatSwap                 00501480 f   q_shared.obj
 0002:0004a4c0       _FloatNoSwap               005014c0 f   q_shared.obj
 0002:0004a4e0       _COM_BeginParseSession     005014e0 f   q_shared.obj
 0002:0004a530       _COM_GetCurrentParseLine   00501530 f   q_shared.obj
 0002:0004a550       _COM_Parse                 00501550 f   q_shared.obj
 0002:0004a580       _COM_ParseError            00501580 f   q_shared.obj
 0002:0004a5f0       _COM_ParseWarning          005015f0 f   q_shared.obj
 0002:0004a660       _COM_Compress              00501660 f   q_shared.obj
 0002:0004a8e0       _COM_ParseExt              005018e0 f   q_shared.obj
 0002:0004ac10       _COM_MatchToken            00501c10 f   q_shared.obj
 0002:0004ac70       _SkipBracedSection         00501c70 f   q_shared.obj
 0002:0004ad00       _SkipRestOfLine            00501d00 f   q_shared.obj
 0002:0004ad70       _Parse1DMatrix             00501d70 f   q_shared.obj
 0002:0004ae00       _Parse2DMatrix             00501e00 f   q_shared.obj
 0002:0004ae90       _Parse3DMatrix             00501e90 f   q_shared.obj
 0002:0004af30       _Q_isprint                 00501f30 f   q_shared.obj
 0002:0004af60       _Q_islower                 00501f60 f   q_shared.obj
 0002:0004af90       _Q_isupper                 00501f90 f   q_shared.obj
 0002:0004afc0       _Q_isalpha                 00501fc0 f   q_shared.obj
 0002:0004b000       _Q_strrchr                 00502000 f   q_shared.obj
 0002:0004b080       _Q_strncpyz                00502080 f   q_shared.obj
 0002:0004b110       _Q_stricmpn                00502110 f   q_shared.obj
 0002:0004b210       _Q_strncmp                 00502210 f   q_shared.obj
 0002:0004b2a0       _Q_stricmp                 005022a0 f   q_shared.obj
 0002:0004b2f0       _Q_strlwr                  005022f0 f   q_shared.obj
 0002:0004b350       _Q_strupr                  00502350 f   q_shared.obj
 0002:0004b3b0       _Q_strcat                  005023b0 f   q_shared.obj
 0002:0004b420       _Q_PrintStrlen             00502420 f   q_shared.obj
 0002:0004b4c0       _Q_CleanStr                005024c0 f   q_shared.obj
 0002:0004b580       _Com_sprintf               00502580 f   q_shared.obj
 0002:0004b630       _va                        00502630 f   q_shared.obj
 0002:0004b6a0       _Info_ValueForKey          005026a0 f   q_shared.obj
 0002:0004b880       _Info_NextPair             00502880 f   q_shared.obj
 0002:0004b990       _Info_RemoveKey            00502990 f   q_shared.obj
 0002:0004bb60       _Info_RemoveKey_Big        00502b60 f   q_shared.obj
 0002:0004bd30       _Info_Validate             00502d30 f   q_shared.obj
 0002:0004bd90       _Info_SetValueForKey       00502d90 f   q_shared.obj
 0002:0004bf70       _Info_SetValueForKey_Big   00502f70 f   q_shared.obj
 0002:0004c140       _S_AdpcmEncode             00503140 f   snd_adpcm.obj
 0002:0004c3b0       _S_AdpcmDecode             005033b0 f   snd_adpcm.obj
 0002:0004c5a0       _S_AdpcmMemoryNeeded       005035a0 f   snd_adpcm.obj
 0002:0004c640       _S_AdpcmGetSamples         00503640 f   snd_adpcm.obj
 0002:0004c6a0       _S_AdpcmEncodeSound        005036a0 f   snd_adpcm.obj
 0002:0004c7b0       _S_SoundInfo_f             005037b0 f   snd_dma.obj
 0002:0004c8f0       _S_Init                    005038f0 f   snd_dma.obj
 0002:0004cb70       _S_ChannelFree             00503b70 f   snd_dma.obj
 0002:0004cbb0       _S_ChannelMalloc           00503bb0 f   snd_dma.obj
 0002:0004cc00       _S_ChannelSetup            00503c00 f   snd_dma.obj
 0002:0004cca0       _S_Shutdown                00503ca0 f   snd_dma.obj
 0002:0004cd30       _S_DefaultSound            00503d30 f   snd_dma.obj
 0002:0004cdb0       _S_DisableSounds           00503db0 f   snd_dma.obj
 0002:0004cde0       _S_BeginRegistration       00503de0 f   snd_dma.obj
 0002:0004ce70       _S_RegisterSound           00503e70 f   snd_dma.obj
 0002:0004d200       _S_memoryLoad              00504200 f   snd_dma.obj
 0002:0004d250       _S_SpatializeOrigin        00504250 f   snd_dma.obj
 0002:0004d410       _S_StartSound              00504410 f   snd_dma.obj
 0002:0004d860       _S_StartLocalSound         00504860 f   snd_dma.obj
 0002:0004d8e0       _S_ClearSoundBuffer        005048e0 f   snd_dma.obj
 0002:0004d9d0       _S_StopAllSounds           005049d0 f   snd_dma.obj
 0002:0004da00       _S_StopLoopingSound        00504a00 f   snd_dma.obj
 0002:0004da40       _S_ClearLoopingSounds      00504a40 f   snd_dma.obj
 0002:0004daf0       _S_AddLoopingSound         00504af0 f   snd_dma.obj
 0002:0004df30       _S_AddRealLoopingSound     00504f30 f   snd_dma.obj
 0002:0004e0c0       _S_AddLoopSounds           005050c0 f   snd_dma.obj
 0002:0004e360       _S_ByteSwapRawSamples      00505360 f   snd_dma.obj
 0002:0004e3e0       _S_GetRawSamplePointer     005053e0 f   snd_dma.obj
 0002:0004e400       _S_RawSamples              00505400 f   snd_dma.obj
 0002:0004e860       _S_UpdateEntityPosition    00505860 f   snd_dma.obj
 0002:0004e8e0       _S_Respatialize            005058e0 f   snd_dma.obj
 0002:0004eaf0       _S_ScanChannelStarts       00505af0 f   snd_dma.obj
 0002:0004ebb0       _S_Update                  00505bb0 f   snd_dma.obj
 0002:0004ecd0       _S_GetSoundtime            00505cd0 f   snd_dma.obj
 0002:0004edd0       _S_Update_                 00505dd0 f   snd_dma.obj
 0002:0004ef60       _S_Play_f                  00505f60 f   snd_dma.obj
 0002:0004f050       _S_Music_f                 00506050 f   snd_dma.obj
 0002:0004f0f0       _S_SoundList_f             005060f0 f   snd_dma.obj
 0002:0004f240       _FGetLittleLong            00506240 f   snd_dma.obj
 0002:0004f270       _FGetLittleShort           00506270 f   snd_dma.obj
 0002:0004f2a0       _S_FindWavChunk            005062a0 f   snd_dma.obj
 0002:0004f350       _S_StopBackgroundTrack     00506350 f   snd_dma.obj
 0002:0004f3b0       _S_StartBackgroundTrack    005063b0 f   snd_dma.obj
 0002:0004f6f0       _S_UpdateBackgroundTrack   005066f0 f   snd_dma.obj
 0002:0004f990       _S_FreeOldestSound         00506990 f   snd_dma.obj
 0002:0004faa0       _SND_free                  00506aa0 f   snd_mem.obj
 0002:0004fae0       _SND_malloc                00506ae0 f   snd_mem.obj
 0002:0004fb60       _SND_setup                 00506b60 f   snd_mem.obj
 0002:0004fc80       _S_LoadSound               00506c80 f   snd_mem.obj
 0002:000505c0       _S_DisplayFreeMemory       005075c0 f   snd_mem.obj
 0002:00050600       _S_WriteLinearBlastStereo16 00507600 f   snd_mix.obj
 0002:000506a0       _S_TransferStereo16        005076a0 f   snd_mix.obj
 0002:00050780       _S_TransferPaintBuffer     00507780 f   snd_mix.obj
 0002:00050a00       _S_PaintChannelFromWavelet 00507a00 f   snd_mix.obj
 0002:00050bc0       _S_PaintChannelFromADPCM   00507bc0 f   snd_mix.obj
 0002:00050da0       _S_PaintChannelFromMuLaw   00507da0 f   snd_mix.obj
 0002:00051010       _S_PaintChannels           00508010 f   snd_mix.obj
 0002:00051870       _daub4                     00508870 f   snd_wavelet.obj
 0002:00051df0       _wt1                       00508df0 f   snd_wavelet.obj
 0002:00051ea0       _MuLawEncode               00508ea0 f   snd_wavelet.obj
 0002:00051f60       _MuLawDecode               00508f60 f   snd_wavelet.obj
 0002:00051fe0       _NXPutc                    00508fe0 f   snd_wavelet.obj
 0002:00052020       _encodeWavelet             00509020 f   snd_wavelet.obj
 0002:00052310       _decodeWavelet             00509310 f   snd_wavelet.obj
 0002:00052450       _encodeMuLaw               00509450 f   snd_wavelet.obj
 0002:00052620       _decodeMuLaw               00509620 f   snd_wavelet.obj
 0002:00052690       _SV_BotAllocateClient      00509690 f   sv_bot.obj
 0002:00052780       _SV_BotFreeClient          00509780 f   sv_bot.obj
 0002:00052830       _BotDrawDebugPolygons      00509830 f   sv_bot.obj
 0002:00052a60       _BotImport_Print           00509a60 f   sv_bot.obj
 0002:00052ba0       _BotImport_Trace           00509ba0 f   sv_bot.obj
 0002:00052cb0       _BotImport_EntityTrace     00509cb0 f   sv_bot.obj
 0002:00052dc0       _BotImport_PointContents   00509dc0 f   sv_bot.obj
 0002:00052df0       _BotImport_inPVS           00509df0 f   sv_bot.obj
 0002:00052e20       _BotImport_BSPEntityData   00509e20 f   sv_bot.obj
 0002:00052e40       _BotImport_BSPModelMinsMaxsOrigin 00509e40 f   sv_bot.obj
 0002:00052fa0       _BotImport_GetMemory       00509fa0 f   sv_bot.obj
 0002:00052ff0       _BotImport_FreeMemory      00509ff0 f   sv_bot.obj
 0002:00053020       _BotImport_HunkAlloc       0050a020 f   sv_bot.obj
 0002:00053080       _BotImport_DebugPolygonCreate 0050a080 f   sv_bot.obj
 0002:00053160       _BotImport_DebugPolygonShow 0050a160 f   sv_bot.obj
 0002:000531e0       _BotImport_DebugPolygonDelete 0050a1e0 f   sv_bot.obj
 0002:00053220       _BotImport_DebugLineCreate 0050a220 f   sv_bot.obj
 0002:00053250       _BotImport_DebugLineDelete 0050a250 f   sv_bot.obj
 0002:00053280       _BotImport_DebugLineShow   0050a280 f   sv_bot.obj
 0002:00053580       _BotClientCommand          0050a580 f   sv_bot.obj
 0002:000535c0       _SV_BotFrame               0050a5c0 f   sv_bot.obj
 0002:00053610       _SV_BotLibSetup            0050a610 f   sv_bot.obj
 0002:00053670       _SV_BotLibShutdown         0050a670 f   sv_bot.obj
 0002:000536b0       _SV_BotInitCvars           0050a6b0 f   sv_bot.obj
 0002:000539e0       _SV_BotInitBotLib          0050a9e0 f   sv_bot.obj
 0002:00053bb0       _SV_BotGetConsoleMessage   0050abb0 f   sv_bot.obj
 0002:00053c90       _SV_BotGetSnapshotEntity   0050ac90 f   sv_bot.obj
 0002:00053d30       _SV_Heartbeat_f            0050ad30 f   sv_ccmds.obj
 0002:00053d50       _SV_AddOperatorCommands    0050ad50 f   sv_ccmds.obj
 0002:00055420       _SV_RemoveOperatorCommands 0050c420 f   sv_ccmds.obj
 0002:00055440       _SV_GetChallenge           0050c440 f   sv_client.obj
 0002:000559a0       _SV_AuthorizeIpPacket      0050c9a0 f   sv_client.obj
 0002:00055e70       _SV_DirectConnect          0050ce70 f   sv_client.obj
 0002:00056cc0       _SV_DropClient             0050dcc0 f   sv_client.obj
 0002:00056f60       _SV_SendClientGameState    0050df60 f   sv_client.obj
 0002:00057220       _SV_ClientEnterWorld       0050e220 f   sv_client.obj
 0002:000573f0       _SV_StopDownload_f         0050e3f0 f   sv_client.obj
 0002:00057460       _SV_DoneDownload_f         0050e460 f   sv_client.obj
 0002:000574a0       _SV_NextDownload_f         0050e4a0 f   sv_client.obj
 0002:000575d0       _SV_BeginDownload_f        0050e5d0 f   sv_client.obj
 0002:00057620       _SV_WriteDownloadToClient  0050e620 f   sv_client.obj
 0002:00058480       _SV_UserinfoChanged        0050f480 f   sv_client.obj
 0002:00058870       _SV_ExecuteClientCommand   0050f870 f   sv_client.obj
 0002:00058980       _SV_ClientThink            0050f980 f   sv_client.obj
 0002:00058a10       _SV_ExecuteClientMessage   0050fa10 f   sv_client.obj
 0002:00059150       _SV_GameError              00510150 f   sv_game.obj
 0002:00059180       _SV_GamePrint              00510180 f   sv_game.obj
 0002:000591b0       _SV_NumForGentity          005101b0 f   sv_game.obj
 0002:000591e0       _SV_GentityNum             005101e0 f   sv_game.obj
 0002:00059210       _SV_GameClientNum          00510210 f   sv_game.obj
 0002:00059240       _SV_SvEntityForGentity     00510240 f   sv_game.obj
 0002:000592a0       _SV_GEntityForSvEntity     005102a0 f   sv_game.obj
 0002:000592e0       _SV_GameSendServerCommand  005102e0 f   sv_game.obj
 0002:00059360       _SV_GameDropClient         00510360 f   sv_game.obj
 0002:000593c0       _SV_SetBrushModel          005103c0 f   sv_game.obj
 0002:000594f0       _SV_inPVS                  005104f0 f   sv_game.obj
 0002:000595e0       _SV_inPVSIgnorePortals     005105e0 f   sv_game.obj
 0002:000596b0       _SV_AdjustAreaPortalState  005106b0 f   sv_game.obj
 0002:00059710       _SV_EntityContact          00510710 f   sv_game.obj
 0002:000597a0       _SV_GetServerinfo          005107a0 f   sv_game.obj
 0002:00059800       _SV_LocateGameData         00510800 f   sv_game.obj
 0002:00059850       _SV_GetUsercmd             00510850 f   sv_game.obj
 0002:000598e0       _SV_GameSystemCalls        005108e0 f   sv_game.obj
 0002:0005cab0       _SV_ShutdownGameProgs      00513ab0 f   sv_game.obj
 0002:0005cb10       _SV_RestartGameProgs       00513b10 f   sv_game.obj
 0002:0005cc30       _SV_InitGameProgs          00513c30 f   sv_game.obj
 0002:0005ccf0       _SV_GameCommand            00513cf0 f   sv_game.obj
 0002:0005cd30       _SV_SetConfigstring        00513d30 f   sv_init.obj
 0002:0005cf90       _SV_GetConfigstring        00513f90 f   sv_init.obj
 0002:0005d030       _SV_SetUserinfo            00514030 f   sv_init.obj
 0002:0005d100       _SV_GetUserinfo            00514100 f   sv_init.obj
 0002:0005d190       _SV_CreateBaseline         00514190 f   sv_init.obj
 0002:0005d220       _SV_BoundMaxClients        00514220 f   sv_init.obj
 0002:0005d2d0       _SV_Startup                005142d0 f   sv_init.obj
 0002:0005d3b0       _SV_ChangeMaxClients       005143b0 f   sv_init.obj
 0002:0005d640       _SV_ClearServer            00514640 f   sv_init.obj
 0002:0005d6c0       _SV_TouchCGame             005146c0 f   sv_init.obj
 0002:0005d730       _SV_SpawnServer            00514730 f   sv_init.obj
 0002:0005de20       _SV_Init                   00514e20 f   sv_init.obj
 0002:0005e310       _SV_FinalMessage           00515310 f   sv_init.obj
 0002:0005e400       _SV_Shutdown               00515400 f   sv_init.obj
 0002:0005e510       _SV_ExpandNewlines         00515510 f   sv_main.obj
 0002:0005e5d0       _SV_ReplacePendingServerCommands 005155d0 f   sv_main.obj
 0002:0005e6f0       _SV_AddServerCommand       005156f0 f   sv_main.obj
 0002:0005e830       _SV_SendServerCommand      00515830 f   sv_main.obj
 0002:0005e980       _SV_MasterHeartbeat        00515980 f   sv_main.obj
 0002:0005ec70       _SV_MasterShutdown         00515c70 f   sv_main.obj
 0002:0005ecb0       _SVC_Status                00515cb0 f   sv_main.obj
 0002:0005ef70       _SVC_Info                  00515f70 f   sv_main.obj
 0002:0005f2c0       _SV_FlushRedirect          005162c0 f   sv_main.obj
 0002:0005f330       _SVC_RemoteCommand         00516330 f   sv_main.obj
 0002:0005f600       _SV_ConnectionlessPacket   00516600 f   sv_main.obj
 0002:0005f950       _SV_PacketEvent            00516950 f   sv_main.obj
 0002:0005fba0       _SV_CalcPings              00516ba0 f   sv_main.obj
 0002:0005fd80       _SV_CheckTimeouts          00516d80 f   sv_main.obj
 0002:0005ff00       _SV_CheckPaused            00516f00 f   sv_main.obj
 0002:00060000       _SV_Frame                  00517000 f   sv_main.obj
 0002:00060310       _SV_Netchan_TransmitNextFragment 00517310 f   sv_net_chan.obj
 0002:00060600       _SV_Netchan_Transmit       00517600 f   sv_net_chan.obj
 0002:00060730       _SV_Netchan_Process        00517730 f   sv_net_chan.obj
 0002:00060950       _SV_UpdateServerCommandsToClient 00517950 f   sv_snapshot.obj
 0002:00060a00       _SV_SendMessageToClient    00517a00 f   sv_snapshot.obj
 0002:00060c90       _SV_SendClientSnapshot     00517c90 f   sv_snapshot.obj
 0002:00061b80       _SV_SendClientMessages     00518b80 f   sv_snapshot.obj
 0002:00061c70       _SV_ClipHandleForEntity    00518c70 f   sv_world.obj
 0002:00061d10       _SV_SectorList_f           00518d10 f   sv_world.obj
 0002:00061db0       _SV_CreateworldSector      00518db0 f   sv_world.obj
 0002:00061fb0       _SV_ClearWorld             00518fb0 f   sv_world.obj
 0002:00062030       _SV_UnlinkEntity           00519030 f   sv_world.obj
 0002:00062100       _SV_LinkEntity             00519100 f   sv_world.obj
 0002:00062980       _SV_AreaEntities_r         00519980 f   sv_world.obj
 0002:00062b80       _SV_AreaEntities           00519b80 f   sv_world.obj
 0002:00062be0       _SV_ClipToEntity           00519be0 f   sv_world.obj
 0002:00062cf0       _SV_ClipMoveToEntities     00519cf0 f   sv_world.obj
 0002:00063000       _SV_Trace                  0051a000 f   sv_world.obj
 0002:00063240       _SV_PointContents          0051a240 f   sv_world.obj
 0002:000633c0       _unzStringFileNameCompare  0051a3c0 f   unzip.obj
 0002:00063510       _unzlocal_SearchCentralDir 0051a510 f   unzip.obj
 0002:00063720       _unzReOpen                 0051a720 f   unzip.obj
 0002:000637b0       _unzOpen                   0051a7b0 f   unzip.obj
 0002:00063b50       _unzClose                  0051ab50 f   unzip.obj
 0002:00063bc0       _unzGetGlobalInfo          0051abc0 f   unzip.obj
 0002:00063c10       _unzGetCurrentFileInfo     0051ac10 f   unzip.obj
 0002:00064250       _unzGoToFirstFile          0051b250 f   unzip.obj
 0002:000642f0       _unzGoToNextFile           0051b2f0 f   unzip.obj
 0002:000643e0       _unzGetCurrentFileInfoPosition 0051b3e0 f   unzip.obj
 0002:00064420       _unzSetCurrentFileInfoPosition 0051b420 f   unzip.obj
 0002:000644a0       _unzLocateFile             0051b4a0 f   unzip.obj
 0002:000645c0       _unzOpenCurrentFile        0051b5c0 f   unzip.obj
 0002:00064b90       _unzReadCurrentFile        0051bb90 f   unzip.obj
 0002:00064f10       _unztell                   0051bf10 f   unzip.obj
 0002:00064f60       _unzeof                    0051bf60 f   unzip.obj
 0002:00064fc0       _unzGetLocalExtrafield     0051bfc0 f   unzip.obj
 0002:000650c0       _unzCloseCurrentFile       0051c0c0 f   unzip.obj
 0002:00065190       _unzGetGlobalComment       0051c190 f   unzip.obj
 0002:0006a490       _VM_VM2C                   00521490 f   vm.obj
 0002:0006a4b0       _VM_Debug                  005214b0 f   vm.obj
 0002:0006a4d0       _VM_Init                   005214d0 f   vm.obj
 0002:0006a580       _VM_ValueToSymbol          00521580 f   vm.obj
 0002:0006a630       _VM_ValueToFunctionSymbol  00521630 f   vm.obj
 0002:0006a690       _VM_SymbolToValue          00521690 f   vm.obj
 0002:0006a6f0       _VM_SymbolForCompiledPointer 005216f0 f   vm.obj
 0002:0006a7a0       _ParseHex                  005217a0 f   vm.obj
 0002:0006a860       _VM_LoadSymbols            00521860 f   vm.obj
 0002:0006ab80       _VM_DllSyscall             00521b80 f   vm.obj
 0002:0006abb0       _VM_Restart                00521bb0 f   vm.obj
 0002:0006ae50       _VM_Create                 00521e50 f   vm.obj
 0002:0006b380       _VM_Free                   00522380 f   vm.obj
 0002:0006b400       _VM_Clear                  00522400 f   vm.obj
 0002:0006b4b0       _VM_ArgPtr                 005224b0 f   vm.obj
 0002:0006b520       _VM_ExplicitArgPtr         00522520 f   vm.obj
 0002:0006b580       _VM_Call                   00522580 f   vm.obj
 0002:0006b710       _VM_VmProfile_f            00522710 f   vm.obj
 0002:0006b930       _VM_VmInfo_f               00522930 f   vm.obj
 0002:0006ba60       _VM_LogSyscalls            00522a60 f   vm.obj
 0002:0006bb10       _VM_Indent                 00522b10 f   vm_interpreted.obj
 0002:0006bb60       _VM_StackTrace             00522b60 f   vm_interpreted.obj
 0002:0006bbf0       _VM_PrepareInterpreter     00522bf0 f   vm_interpreted.obj
 0002:0006bec0       _VM_CallInterpreted        00522ec0 f   vm_interpreted.obj
 0002:0006d4a0       _AsmCall                   005244a0 f   vm_x86.obj
 0002:0006d560       _EmitMovEBXEDI             00524560 f   vm_x86.obj
 0002:0006d8e0       _VM_Compile                005248e0 f   vm_x86.obj
 0002:0006fed0       _VM_CallCompiled           00526ed0 f   vm_x86.obj
 0002:00070170       _IN_InitWin32Mouse         00527170 f   win_input.obj
 0002:00070190       _IN_ShutdownWin32Mouse     00527190 f   win_input.obj
 0002:000701b0       _IN_ActivateWin32Mouse     005271b0 f   win_input.obj
 0002:000702b0       _IN_DeactivateWin32Mouse   005272b0 f   win_input.obj
 0002:000702f0       _IN_Win32Mouse             005272f0 f   win_input.obj
 0002:00070350       _IN_InitDIMouse            00527350 f   win_input.obj
 0002:000705c0       _IN_ShutdownDIMouse        005275c0 f   win_input.obj
 0002:00070630       _IN_ActivateDIMouse        00527630 f   win_input.obj
 0002:000706b0       _IN_DeactivateDIMouse      005276b0 f   win_input.obj
 0002:000706f0       _IN_DIMouse                005276f0 f   win_input.obj
 0002:00070a30       _IN_ActivateMouse          00527a30 f   win_input.obj
 0002:00070ab0       _IN_DeactivateMouse        00527ab0 f   win_input.obj
 0002:00070b00       _IN_StartupMouse           00527b00 f   win_input.obj
 0002:00070c20       _IN_MouseEvent             00527c20 f   win_input.obj
 0002:00070d20       _IN_MouseMove              00527d20 f   win_input.obj
 0002:00070da0       _IN_Startup                00527da0 f   win_input.obj
 0002:00070e10       _IN_Shutdown               00527e10 f   win_input.obj
 0002:00070e50       _IN_Init                   00527e50 f   win_input.obj
 0002:00070fc0       _IN_Activate               00527fc0 f   win_input.obj
 0002:00070ff0       _IN_Frame                  00527ff0 f   win_input.obj
 0002:000710e0       _IN_ClearStates            005280e0 f   win_input.obj
 0002:00071100       _IN_StartupJoystick        00528100 f   win_input.obj
 0002:00071380       _JoyToF                    00528380 f   win_input.obj
 0002:000713f0       _JoyToI                    005283f0 f   win_input.obj
 0002:00071420       _IN_JoyMove                00528420 f   win_input.obj
 0002:00071dd0       _Spk_Open                  00528dd0 f   win_main.obj
 0002:00071e10       _Spk_Close                 00528e10 f   win_main.obj
 0002:00071e50       _Spk_Printf                00528e50 f   win_main.obj
 0002:00071ef0       _Sys_LowPhysicalMemory     00528ef0 f   win_main.obj
 0002:00071f20       _Sys_BeginProfiling        00528f20 f   win_main.obj
 0002:00071f40       _Sys_Error                 00528f40 f   win_main.obj
 0002:00072040       _Sys_Quit                  00529040 f   win_main.obj
 0002:00072080       _Sys_Print                 00529080 f   win_main.obj
 0002:000720b0       _Sys_Mkdir                 005290b0 f   win_main.obj
 0002:000720e0       _Sys_Cwd                   005290e0 f   win_main.obj
 0002:00072120       _Sys_DefaultCDPath         00529120 f   win_main.obj
 0002:00072140       _Sys_DefaultBasePath       00529140 f   win_main.obj
 0002:00072160       _Sys_ListFilteredFiles     00529160 f   win_main.obj
 0002:000723e0       _Sys_ListFiles             005293e0 f   win_main.obj
 0002:00072950       _Sys_FreeFileList          00529950 f   win_main.obj
 0002:000729c0       _Sys_ScanForCD             005299c0 f   win_main.obj
 0002:00072b40       _Sys_CheckCD               00529b40 f   win_main.obj
 0002:00072b60       _Sys_GetClipboardData      00529b60 f   win_main.obj
 0002:00072c50       _Sys_UnloadDll             00529c50 f   win_main.obj
 0002:00072ca0       _Sys_LoadDll               00529ca0 f   win_main.obj
 0002:00072ed0       _Sys_InitStreamThread      00529ed0 f   win_main.obj
 0002:00072ef0       _Sys_ShutdownStreamThread  00529ef0 f   win_main.obj
 0002:00072f10       _Sys_BeginStreamedFile     00529f10 f   win_main.obj
 0002:00072f30       _Sys_EndStreamedFile       00529f30 f   win_main.obj
 0002:00072f50       _Sys_StreamedRead          00529f50 f   win_main.obj
 0002:00072f90       _Sys_StreamSeek            00529f90 f   win_main.obj
 0002:00072fc0       _Sys_QueEvent              00529fc0 f   win_main.obj
 0002:000730b0       _Sys_GetEvent              0052a0b0 f   win_main.obj
 0002:000733d0       _Sys_In_Restart_f          0052a3d0 f   win_main.obj
 0002:000733f0       _Sys_Net_Restart_f         0052a3f0 f   win_main.obj
 0002:00073410       _Sys_Init                  0052a410 f   win_main.obj
 0002:00073970       _WinMain@16                0052a970 f   win_main.obj
 0002:00073ae0       _NET_ErrorString           0052aae0 f   win_net.obj
 0002:00073f00       _NetadrToSockadr           0052af00 f   win_net.obj
 0002:00074060       _SockadrToNetadr           0052b060 f   win_net.obj
 0002:00074120       _Sys_StringToSockaddr      0052b120 f   win_net.obj
 0002:000744e0       _Sys_StringToAdr           0052b4e0 f   win_net.obj
 0002:00074530       _Sys_GetPacket             0052b530 f   win_net.obj
 0002:000747f0       _Sys_SendPacket            0052b7f0 f   win_net.obj
 0002:000749a0       _Sys_IsLANAddress          0052b9a0 f   win_net.obj
 0002:00074c50       _Sys_ShowIP                0052bc50 f   win_net.obj
 0002:00074ce0       _NET_IPSocket              0052bce0 f   win_net.obj
 0002:00074ed0       _NET_OpenSocks             0052bed0 f   win_net.obj
 0002:000754b0       _NET_GetLocalAddress       0052c4b0 f   win_net.obj
 0002:00075710       _NET_OpenIP                0052c710 f   win_net.obj
 0002:00075820       _NET_IPXSocket             0052c820 f   win_net.obj
 0002:000759b0       _NET_OpenIPX               0052c9b0 f   win_net.obj
 0002:00075a10       _NET_Config                0052ca10 f   win_net.obj
 0002:00075da0       _NET_Init                  0052cda0 f   win_net.obj
 0002:00075e20       _NET_Shutdown              0052ce20 f   win_net.obj
 0002:00075e70       _NET_Sleep                 0052ce70 f   win_net.obj
 0002:00075e90       _NET_Restart               0052ce90 f   win_net.obj
 0002:00075ec0       _Sys_Milliseconds          0052cec0 f   win_shared.obj
 0002:00075f10       _fastftol                  0052cf10 f   win_shared.obj
 0002:00075f40       _Sys_SnapVector            0052cf40 f   win_shared.obj
 0002:00075fc0       _Sys_GetProcessorId        0052cfc0 f   win_shared.obj
 0002:00076250       _Sys_GetCurrentUser        0052d250 f   win_shared.obj
 0002:000762d0       _Sys_DefaultHomePath       0052d2d0 f   win_shared.obj
 0002:000762f0       _Sys_DefaultInstallPath    0052d2f0 f   win_shared.obj
 0002:00076310       _SNDDMA_Shutdown           0052d310 f   win_snd.obj
 0002:000764f0       _SNDDMA_Init               0052d4f0 f   win_snd.obj
 0002:00076570       _SNDDMA_InitDS             0052d570 f   win_snd.obj
 0002:000769d0       _SNDDMA_GetDMAPos          0052d9d0 f   win_snd.obj
 0002:00076a50       _SNDDMA_BeginPainting      0052da50 f   win_snd.obj
 0002:00076c50       _SNDDMA_Submit             0052dc50 f   win_snd.obj
 0002:00076ca0       _SNDDMA_Activate           0052dca0 f   win_snd.obj
 0002:00076d00       _InputLineWndProc@16       0052dd00 f   win_syscon.obj
 0002:00076e60       _Sys_CreateConsole         0052de60 f   win_syscon.obj
 0002:00077770       _Sys_DestroyConsole        0052e770 f   win_syscon.obj
 0002:000777d0       _Sys_ShowConsole           0052e7d0 f   win_syscon.obj
 0002:000778b0       _Sys_ConsoleInput          0052e8b0 f   win_syscon.obj
 0002:00077900       _Conbuf_AppendText         0052e900 f   win_syscon.obj
 0002:00077c50       _Sys_SetErrorText          0052ec50 f   win_syscon.obj
 0002:00077d20       _MainWndProc@16            0052ed20 f   win_wndproc.obj
 0002:000788ce       _joyGetDevCapsA@12         0052f8ce f   winmm:WINMM.dll
 0002:000788d4       _joyGetPosEx@8             0052f8d4 f   winmm:WINMM.dll
[...]
 0004:0091a6c8       ___lconv_num_refcount      00f696c8     <common>
 0004:0091a6d4       __nhandle                  00f696d4     <common>
 0004:0091a720       ___pioinfo                 00f69720     <common>
 0004:0091a820       ___sbh_initialized         00f69820     <common>
 0004:0091a834       ___sbh_pHeaderDefer        00f69834     <common>
 0004:0091a838       ___sbh_cntHeaderList       00f69838     <common>
 0004:0091a83c       ___sbh_pHeaderList         00f6983c     <common>
 0004:0091a840       ___sbh_threshold           00f69840     <common>
 0004:0091a844       ___sbh_pHeaderScan         00f69844     <common>
 0004:0091a848       ___sbh_sizeHeaderList      00f69848     <common>
 0004:0091a84c       ___sbh_indGroupDefer       00f6984c     <common>
 0004:0091a850       __crtheap                  00f69850     <common>
 0004:0091a860       ___active_heap             00f69860     <common>
 0004:0091a864       __pfnReportHook            00f69864     <common>
 0004:0091a874       __pReportHookList          00f69874     <common>
 0004:0091a878       ___use_sse2_mathfcns       00f69878     <common>
 0004:0091a888       ___sse2_available          00f69888     <common>
 0004:0091a88c       ___piob                    00f6988c     <common>
 0004:0091abe0       __bufin                    00f69be0     <common>
 0004:0091bbe0       __nstream                  00f6abe0     <common>
 0004:0091bbe4       ___setlc_active            00f6abe4     <common>
 0004:0091bbf4       ___unguarded_readlc_active 00f6abf4     <common>
 0004:0091bbf8       __acmdln                   00f6abf8     <common>
 0004:0091bc04       ___env_initialized         00f6ac04     <common>
 0004:0091bc14       ___onexitend               00f6ac14     <common>
 0004:0091bc18       ___onexitbegin             00f6ac18     <common>
 0004:0091bc1c       ___mbctype_initialized     00f6ac1c     <common>
 0004:0091bc20       __pfnDumpClient            00f6ac20     <common>
 0004:0091bc2c       __setjmpexused             00f6ac2c     <common>
 0005:00000000       __IMPORT_DESCRIPTOR_WINMM  00f6b000     winmm:WINMM.dll
 0005:00000014       __IMPORT_DESCRIPTOR_WSOCK32 00f6b014     wsock32:WSOCK32.dll
 0005:00000028       __IMPORT_DESCRIPTOR_KERNEL32 00f6b028     kernel32:KERNEL32.dll
 0005:0000003c       __IMPORT_DESCRIPTOR_USER32 00f6b03c     user32:USER32.dll
 0005:00000050       __IMPORT_DESCRIPTOR_GDI32  00f6b050     gdi32:GDI32.dll
 0005:00000064       __IMPORT_DESCRIPTOR_ADVAPI32 00f6b064     advapi32:ADVAPI32.dll
 0005:00000078       __IMPORT_DESCRIPTOR_ole32  00f6b078     ole32:ole32.dll
 0005:0000008c       __NULL_IMPORT_DESCRIPTOR   00f6b08c     winmm:WINMM.dll
 0005:00000590       __imp__GetUserNameA@8      00f6b590     advapi32:ADVAPI32.dll
 0005:00000594       \177ADVAPI32_NULL_THUNK_DATA 00f6b594     advapi32:ADVAPI32.dll
 0005:000005c0       __imp__SetPixelFormat@12   00f6b5c0     gdi32:GDI32.dll
 0005:000005c4       __imp__SwapBuffers@4       00f6b5c4     gdi32:GDI32.dll
 0005:000005c8       __imp__DescribePixelFormat@16 00f6b5c8     gdi32:GDI32.dll
 0005:000005cc       __imp__GetDeviceGammaRamp@8 00f6b5cc     gdi32:GDI32.dll
 0005:000005d0       __imp__SetBkColor@8        00f6b5d0     gdi32:GDI32.dll
 0005:000005d4       __imp__SetTextColor@8      00f6b5d4     gdi32:GDI32.dll
 0005:000005d8       __imp__CreateSolidBrush@4  00f6b5d8     gdi32:GDI32.dll
 0005:000005dc       __imp__GetDeviceCaps@8     00f6b5dc     gdi32:GDI32.dll
 0005:000005e0       __imp__CreateFontA@56      00f6b5e0     gdi32:GDI32.dll
 0005:000005e4       __imp__SetDeviceGammaRamp@8 00f6b5e4     gdi32:GDI32.dll
 0005:000005e8       \177GDI32_NULL_THUNK_DATA  00f6b5e8     gdi32:GDI32.dll
 0005:0000061c       __imp__GetSystemInfo@4     00f6b61c     kernel32:KERNEL32.dll
 0005:00000620       __imp__VirtualProtect@16   00f6b620     kernel32:KERNEL32.dll
 0005:00000624       __imp__GetCurrentProcessId@0 00f6b624     kernel32:KERNEL32.dll
 0005:00000628       __imp__GetTickCount@0      00f6b628     kernel32:KERNEL32.dll
 0005:0000062c       __imp__QueryPerformanceCounter@4 00f6b62c     kernel32:KERNEL32.dll
 0005:00000630       __imp__GetOEMCP@0          00f6b630     kernel32:KERNEL32.dll
 0005:00000634       __imp__GetACP@0            00f6b634     kernel32:KERNEL32.dll
 0005:00000638       __imp__GetUserDefaultLCID@0 00f6b638     kernel32:KERNEL32.dll
 0005:0000063c       __imp__EnumSystemLocalesA@8 00f6b63c     kernel32:KERNEL32.dll
 0005:00000640       __imp__GetLocaleInfoA@16   00f6b640     kernel32:KERNEL32.dll
 0005:00000644       __imp__IsValidCodePage@4   00f6b644     kernel32:KERNEL32.dll
 0005:00000648       __imp__IsValidLocale@8     00f6b648     kernel32:KERNEL32.dll
 0005:0000064c       __imp__GetCPInfo@8         00f6b64c     kernel32:KERNEL32.dll
 0005:00000650       __imp__GetDateFormatA@24   00f6b650     kernel32:KERNEL32.dll
 0005:00000654       __imp__GetTimeFormatA@24   00f6b654     kernel32:KERNEL32.dll
 0005:00000658       __imp__GetStringTypeW@16   00f6b658     kernel32:KERNEL32.dll
 0005:0000065c       __imp__GetStringTypeA@20   00f6b65c     kernel32:KERNEL32.dll
 0005:00000660       __imp__SetEnvironmentVariableW@8 00f6b660     kernel32:KERNEL32.dll
 0005:00000664       __imp__GetProcAddress@8    00f6b664     kernel32:KERNEL32.dll
 0005:00000668       __imp__LoadLibraryA@4      00f6b668     kernel32:KERNEL32.dll
 0005:0000066c       __imp__GlobalMemoryStatus@4 00f6b66c     kernel32:KERNEL32.dll
 0005:00000670       __imp__GetDriveTypeA@4     00f6b670     kernel32:KERNEL32.dll
 0005:00000674       __imp__GlobalUnlock@4      00f6b674     kernel32:KERNEL32.dll
 0005:00000678       __imp__GlobalSize@4        00f6b678     kernel32:KERNEL32.dll
 0005:0000067c       __imp__GlobalLock@4        00f6b67c     kernel32:KERNEL32.dll
 0005:00000680       __imp__FreeLibrary@4       00f6b680     kernel32:KERNEL32.dll
 0005:00000684       __imp__GetVersionExA@4     00f6b684     kernel32:KERNEL32.dll
 0005:00000688       __imp__Sleep@4             00f6b688     kernel32:KERNEL32.dll
 0005:0000068c       __imp__SetErrorMode@4      00f6b68c     kernel32:KERNEL32.dll
 0005:00000690       __imp__MulDiv@12           00f6b690     kernel32:KERNEL32.dll
 0005:00000694       __imp__SetEnvironmentVariableA@8 00f6b694     kernel32:KERNEL32.dll
 0005:00000698       __imp__GetProcessHeap@0    00f6b698     kernel32:KERNEL32.dll
 0005:0000069c       __imp__GetEnvironmentStringsW@0 00f6b69c     kernel32:KERNEL32.dll
 0005:000006a0       __imp__FreeEnvironmentStringsW@4 00f6b6a0     kernel32:KERNEL32.dll
 0005:000006a4       __imp__VirtualQuery@12     00f6b6a4     kernel32:KERNEL32.dll
 0005:000006a8       __imp__FreeEnvironmentStringsA@4 00f6b6a8     kernel32:KERNEL32.dll
 0005:000006ac       __imp__UnhandledExceptionFilter@4 00f6b6ac     kernel32:KERNEL32.dll
 0005:000006b0       __imp__SetStdHandle@8      00f6b6b0     kernel32:KERNEL32.dll
 0005:000006b4       __imp__ReadFile@20         00f6b6b4     kernel32:KERNEL32.dll
 0005:000006b8       __imp__CloseHandle@4       00f6b6b8     kernel32:KERNEL32.dll
 0005:000006bc       __imp__GetFileType@4       00f6b6bc     kernel32:KERNEL32.dll
 0005:000006c0       __imp__SetHandleCount@4    00f6b6c0     kernel32:KERNEL32.dll
 0005:000006c4       __imp__SetFilePointer@16   00f6b6c4     kernel32:KERNEL32.dll
 0005:000006c8       __imp__VirtualAlloc@16     00f6b6c8     kernel32:KERNEL32.dll
 0005:000006cc       __imp__VirtualFree@12      00f6b6cc     kernel32:KERNEL32.dll
 0005:000006d0       __imp__HeapCreate@12       00f6b6d0     kernel32:KERNEL32.dll
 0005:000006d4       __imp__HeapDestroy@4       00f6b6d4     kernel32:KERNEL32.dll
 0005:000006d8       __imp__HeapFree@12         00f6b6d8     kernel32:KERNEL32.dll
 0005:000006dc       __imp__HeapReAlloc@16      00f6b6dc     kernel32:KERNEL32.dll
 0005:000006e0       __imp__HeapAlloc@12        00f6b6e0     kernel32:KERNEL32.dll
 0005:000006e4       __imp__GetTimeZoneInformation@4 00f6b6e4     kernel32:KERNEL32.dll
 0005:000006e8       __imp__InterlockedIncrement@4 00f6b6e8     kernel32:KERNEL32.dll
 0005:000006ec       __imp__OutputDebugStringA@4 00f6b6ec     kernel32:KERNEL32.dll
 0005:000006f0       __imp__InterlockedDecrement@4 00f6b6f0     kernel32:KERNEL32.dll
 0005:000006f4       __imp__WriteFile@20        00f6b6f4     kernel32:KERNEL32.dll
 0005:000006f8       __imp__GetStdHandle@4      00f6b6f8     kernel32:KERNEL32.dll
 0005:000006fc       __imp__RtlUnwind@16        00f6b6fc     kernel32:KERNEL32.dll
 0005:00000700       __imp__FatalAppExitA@8     00f6b700     kernel32:KERNEL32.dll
 0005:00000704       __imp__DeleteCriticalSection@4 00f6b704     kernel32:KERNEL32.dll
 0005:00000708       __imp__LCMapStringW@24     00f6b708     kernel32:KERNEL32.dll
 0005:0000070c       __imp__LCMapStringA@24     00f6b70c     kernel32:KERNEL32.dll
 0005:00000710       __imp__WideCharToMultiByte@32 00f6b710     kernel32:KERNEL32.dll
 0005:00000714       __imp__LeaveCriticalSection@4 00f6b714     kernel32:KERNEL32.dll
 0005:00000718       __imp__EnterCriticalSection@4 00f6b718     kernel32:KERNEL32.dll
 0005:0000071c       __imp__SetConsoleCtrlHandler@8 00f6b71c     kernel32:KERNEL32.dll
 0005:00000720       __imp__GetCurrentThread@0  00f6b720     kernel32:KERNEL32.dll
 0005:00000724       __imp__SetLastError@4      00f6b724     kernel32:KERNEL32.dll
 0005:00000728       __imp__TlsGetValue@4       00f6b728     kernel32:KERNEL32.dll
 0005:0000072c       __imp__TlsSetValue@8       00f6b72c     kernel32:KERNEL32.dll
 0005:00000730       __imp__TlsFree@4           00f6b730     kernel32:KERNEL32.dll
 0005:00000734       __imp__GetCurrentThreadId@0 00f6b734     kernel32:KERNEL32.dll
 0005:00000738       __imp__TlsAlloc@0          00f6b738     kernel32:KERNEL32.dll
 0005:0000073c       __imp__MultiByteToWideChar@24 00f6b73c     kernel32:KERNEL32.dll
 0005:00000740       __imp__RaiseException@16   00f6b740     kernel32:KERNEL32.dll
 0005:00000744       __imp__InitializeCriticalSection@4 00f6b744     kernel32:KERNEL32.dll
 0005:00000748       __imp__InterlockedExchange@8 00f6b748     kernel32:KERNEL32.dll
 0005:0000074c       __imp__CompareStringA@24   00f6b74c     kernel32:KERNEL32.dll
 0005:00000750       __imp__CompareStringW@24   00f6b750     kernel32:KERNEL32.dll
 0005:00000754       __imp__CreateFileA@28      00f6b754     kernel32:KERNEL32.dll
 0005:00000758       __imp__SetEndOfFile@4      00f6b758     kernel32:KERNEL32.dll
 0005:0000075c       __imp__GetLocaleInfoW@16   00f6b75c     kernel32:KERNEL32.dll
 0005:00000760       __imp__GetEnvironmentStrings@0 00f6b760     kernel32:KERNEL32.dll
 0005:00000764       __imp__DebugBreak@0        00f6b764     kernel32:KERNEL32.dll
 0005:00000768       __imp__GetCommandLineA@0   00f6b768     kernel32:KERNEL32.dll
 0005:0000076c       __imp__GetStartupInfoA@4   00f6b76c     kernel32:KERNEL32.dll
 0005:00000770       __imp__FileTimeToLocalFileTime@8 00f6b770     kernel32:KERNEL32.dll
 0005:00000774       __imp__GetSystemDirectoryA@8 00f6b774     kernel32:KERNEL32.dll
 0005:00000778       __imp__CreateThread@24     00f6b778     kernel32:KERNEL32.dll
 0005:0000077c       __imp__CreateEventA@16     00f6b77c     kernel32:KERNEL32.dll
 0005:00000780       __imp__WaitForSingleObject@8 00f6b780     kernel32:KERNEL32.dll
 0005:00000784       __imp__SetEvent@4          00f6b784     kernel32:KERNEL32.dll
 0005:00000788       __imp__ResetEvent@4        00f6b788     kernel32:KERNEL32.dll
 0005:0000078c       __imp__GetModuleFileNameA@12 00f6b78c     kernel32:KERNEL32.dll
 0005:00000790       __imp__GetSystemTimeAsFileTime@4 00f6b790     kernel32:KERNEL32.dll
 0005:00000794       __imp__IsBadWritePtr@8     00f6b794     kernel32:KERNEL32.dll
 0005:00000798       __imp__IsBadReadPtr@8      00f6b798     kernel32:KERNEL32.dll
 0005:0000079c       __imp__HeapValidate@12     00f6b79c     kernel32:KERNEL32.dll
 0005:000007a0       __imp__GetLastError@0      00f6b7a0     kernel32:KERNEL32.dll
 0005:000007a4       __imp__MoveFileA@8         00f6b7a4     kernel32:KERNEL32.dll
 0005:000007a8       __imp__DeleteFileA@4       00f6b7a8     kernel32:KERNEL32.dll
 0005:000007ac       __imp__FlushFileBuffers@4  00f6b7ac     kernel32:KERNEL32.dll
 0005:000007b0       __imp__TerminateProcess@8  00f6b7b0     kernel32:KERNEL32.dll
 0005:000007b4       __imp__GetCurrentProcess@0 00f6b7b4     kernel32:KERNEL32.dll
 0005:000007b8       __imp__ExitProcess@4       00f6b7b8     kernel32:KERNEL32.dll
 0005:000007bc       __imp__GetModuleHandleA@4  00f6b7bc     kernel32:KERNEL32.dll
 0005:000007c0       __imp__CreateDirectoryA@8  00f6b7c0     kernel32:KERNEL32.dll
 0005:000007c4       __imp__GetCurrentDirectoryA@8 00f6b7c4     kernel32:KERNEL32.dll
 0005:000007c8       __imp__GetFullPathNameA@16 00f6b7c8     kernel32:KERNEL32.dll
 0005:000007cc       __imp__FindFirstFileA@8    00f6b7cc     kernel32:KERNEL32.dll
 0005:000007d0       __imp__FindNextFileA@8     00f6b7d0     kernel32:KERNEL32.dll
 0005:000007d4       __imp__FindClose@4         00f6b7d4     kernel32:KERNEL32.dll
 0005:000007d8       __imp__FileTimeToSystemTime@8 00f6b7d8     kernel32:KERNEL32.dll
 0005:000007dc       \177KERNEL32_NULL_THUNK_DATA 00f6b7dc     kernel32:KERNEL32.dll
 0005:00000860       __imp__ReleaseCapture@0    00f6b860     user32:USER32.dll
 0005:00000864       __imp__ChangeDisplaySettingsA@8 00f6b864     user32:USER32.dll
 0005:00000868       __imp__MessageBoxA@16      00f6b868     user32:USER32.dll
 0005:0000086c       __imp__ShowCursor@4        00f6b86c     user32:USER32.dll
 0005:00000870       __imp__UnregisterHotKey@8  00f6b870     user32:USER32.dll
 0005:00000874       __imp__RegisterHotKey@16   00f6b874     user32:USER32.dll
 0005:00000878       __imp__SystemParametersInfoA@16 00f6b878     user32:USER32.dll
 0005:0000087c       __imp__RegisterWindowMessageA@4 00f6b87c     user32:USER32.dll
 0005:00000880       __imp__GetWindowLongA@8    00f6b880     user32:USER32.dll
 0005:00000884       __imp__CloseWindow@4       00f6b884     user32:USER32.dll
 0005:00000888       __imp__DestroyWindow@4     00f6b888     user32:USER32.dll
 0005:0000088c       __imp__PostQuitMessage@4   00f6b88c     user32:USER32.dll
 0005:00000890       __imp__SetTimer@16         00f6b890     user32:USER32.dll
 0005:00000894       __imp__DefWindowProcA@16   00f6b894     user32:USER32.dll
 0005:00000898       __imp__InvalidateRect@12   00f6b898     user32:USER32.dll
 0005:0000089c       __imp__LoadIconA@8         00f6b89c     user32:USER32.dll
 0005:000008a0       __imp__LoadCursorA@8       00f6b8a0     user32:USER32.dll
 0005:000008a4       __imp__RegisterClassA@4    00f6b8a4     user32:USER32.dll
 0005:000008a8       __imp__AdjustWindowRect@12 00f6b8a8     user32:USER32.dll
 0005:000008ac       __imp__GetDesktopWindow@0  00f6b8ac     user32:USER32.dll
 0005:000008b0       __imp__GetDC@4             00f6b8b0     user32:USER32.dll
 0005:000008b4       __imp__ReleaseDC@8         00f6b8b4     user32:USER32.dll
 0005:000008b8       __imp__CreateWindowExA@48  00f6b8b8     user32:USER32.dll
 0005:000008bc       __imp__SendMessageA@16     00f6b8bc     user32:USER32.dll
 0005:000008c0       __imp__SetWindowLongA@12   00f6b8c0     user32:USER32.dll
 0005:000008c4       __imp__ShowWindow@8        00f6b8c4     user32:USER32.dll
 0005:000008c8       __imp__UpdateWindow@4      00f6b8c8     user32:USER32.dll
 0005:000008cc       __imp__SetForegroundWindow@4 00f6b8cc     user32:USER32.dll
 0005:000008d0       __imp__SetFocus@4          00f6b8d0     user32:USER32.dll
 0005:000008d4       __imp__GetWindowTextA@12   00f6b8d4     user32:USER32.dll
 0005:000008d8       __imp__SetWindowTextA@8    00f6b8d8     user32:USER32.dll
 0005:000008dc       __imp__CallWindowProcA@20  00f6b8dc     user32:USER32.dll
 0005:000008e0       __imp__PeekMessageA@20     00f6b8e0     user32:USER32.dll
 0005:000008e4       __imp__OpenClipboard@4     00f6b8e4     user32:USER32.dll
 0005:000008e8       __imp__GetClipboardData@4  00f6b8e8     user32:USER32.dll
 0005:000008ec       __imp__CloseClipboard@0    00f6b8ec     user32:USER32.dll
 0005:000008f0       __imp__GetMessageA@16      00f6b8f0     user32:USER32.dll
 0005:000008f4       __imp__TranslateMessage@4  00f6b8f4     user32:USER32.dll
 0005:000008f8       __imp__DispatchMessageA@4  00f6b8f8     user32:USER32.dll
 0005:000008fc       __imp__GetCursorPos@4      00f6b8fc     user32:USER32.dll
 0005:00000900       __imp__ClipCursor@4        00f6b900     user32:USER32.dll
 0005:00000904       __imp__GetSystemMetrics@4  00f6b904     user32:USER32.dll
 0005:00000908       __imp__GetWindowRect@8     00f6b908     user32:USER32.dll
 0005:0000090c       __imp__SetCursorPos@8      00f6b90c     user32:USER32.dll
 0005:00000910       __imp__SetCapture@4        00f6b910     user32:USER32.dll
 0005:00000914       __imp__EnumDisplaySettingsA@12 00f6b914     user32:USER32.dll
 0005:00000918       \177USER32_NULL_THUNK_DATA 00f6b918     user32:USER32.dll
 0005:00000968       __imp__midiInOpen@20       00f6b968     winmm:WINMM.dll
 0005:0000096c       __imp__joyGetNumDevs@0     00f6b96c     winmm:WINMM.dll
 0005:00000970       __imp__joyGetPosEx@8       00f6b970     winmm:WINMM.dll
 0005:00000974       __imp__midiInStart@4       00f6b974     winmm:WINMM.dll
 0005:00000978       __imp__joyGetDevCapsA@12   00f6b978     winmm:WINMM.dll
 0005:0000097c       __imp__midiInGetDevCapsA@12 00f6b97c     winmm:WINMM.dll
 0005:00000980       __imp__midiInGetNumDevs@0  00f6b980     winmm:WINMM.dll
 0005:00000984       __imp__midiInClose@4       00f6b984     winmm:WINMM.dll
 0005:00000988       __imp__timeEndPeriod@4     00f6b988     winmm:WINMM.dll
 0005:0000098c       __imp__timeGetTime@0       00f6b98c     winmm:WINMM.dll
 0005:00000990       __imp__timeBeginPeriod@4   00f6b990     winmm:WINMM.dll
 0005:00000994       \177WINMM_NULL_THUNK_DATA  00f6b994     winmm:WINMM.dll
 0005:000009c8       __imp__htons@4             00f6b9c8     wsock32:WSOCK32.dll
 0005:000009cc       __imp__bind@12             00f6b9cc     wsock32:WSOCK32.dll
 0005:000009d0       __imp__closesocket@4       00f6b9d0     wsock32:WSOCK32.dll
 0005:000009d4       __imp__sendto@24           00f6b9d4     wsock32:WSOCK32.dll
 0005:000009d8       __imp__recvfrom@24         00f6b9d8     wsock32:WSOCK32.dll
 0005:000009dc       __imp__inet_addr@4         00f6b9dc     wsock32:WSOCK32.dll
 0005:000009e0       __imp__gethostbyname@4     00f6b9e0     wsock32:WSOCK32.dll
 0005:000009e4       __imp__WSAGetLastError@0   00f6b9e4     wsock32:WSOCK32.dll
 0005:000009e8       __imp__setsockopt@20       00f6b9e8     wsock32:WSOCK32.dll
 0005:000009ec       __imp__ioctlsocket@12      00f6b9ec     wsock32:WSOCK32.dll
 0005:000009f0       __imp__socket@12           00f6b9f0     wsock32:WSOCK32.dll
 0005:000009f4       __imp__recv@16             00f6b9f4     wsock32:WSOCK32.dll
 0005:000009f8       __imp__send@16             00f6b9f8     wsock32:WSOCK32.dll
 0005:000009fc       __imp__connect@12          00f6b9fc     wsock32:WSOCK32.dll
 0005:00000a00       __imp__ntohl@4             00f6ba00     wsock32:WSOCK32.dll
 0005:00000a04       __imp__gethostname@8       00f6ba04     wsock32:WSOCK32.dll
 0005:00000a08       __imp__WSAStartup@8        00f6ba08     wsock32:WSOCK32.dll
 0005:00000a0c       __imp__WSACleanup@0        00f6ba0c     wsock32:WSOCK32.dll
 0005:00000a10       \177WSOCK32_NULL_THUNK_DATA 00f6ba10     wsock32:WSOCK32.dll
 0005:00000a48       __imp__CoInitialize@4      00f6ba48     ole32:ole32.dll
 0005:00000a4c       __imp__CoCreateInstance@20 00f6ba4c     ole32:ole32.dll
 0005:00000a50       __imp__CoUninitialize@0    00f6ba50     ole32:ole32.dll
 0005:00000a54       \177ole32_NULL_THUNK_DATA  00f6ba54     ole32:ole32.dll

 entry point at        0002:00003480

