 cgamex86

 Timestamp is 4865ada8 (Fri Jun 27 23:19:04 2008)

 Preferred load address is 30000000

 Start         Length     Name                   Class
 0001:00000000 00056194H .text                   CODE
 0002:00000000 0000014cH .idata$5                DATA
 0002:00000150 0000952aH .rdata                  DATA
 0002:0000967c 0000004bH .rdata$debug            DATA
 0002:000096c8 00000004H .rtc$IAA                DATA
 0002:000096cc 00000004H .rtc$IZZ                DATA
 0002:000096d0 00000004H .rtc$TAA                DATA
 0002:000096d4 00000004H .rtc$TZZ                DATA
 0002:000096d8 00000014H .idata$2                DATA
 0002:000096ec 00000014H .idata$3                DATA
 0002:00009700 0000014cH .idata$4                DATA
 0002:0000984c 000005f2H .idata$6                DATA
 0002:00009e40 00000059H .edata                  DATA
 0003:00000000 00000004H .CRT$XCA                DATA
 0003:00000004 00000004H .CRT$XCAA               DATA
 0003:00000008 00000004H .CRT$XCZ                DATA
 0003:0000000c 00000004H .CRT$XIA                DATA
 0003:00000010 00000010H .CRT$XIC                DATA
 0003:00000020 00000004H .CRT$XIZ                DATA
 0003:00000024 00000004H .CRT$XPA                DATA
 0003:00000028 00000004H .CRT$XPX                DATA
 0003:0000002c 00000004H .CRT$XPZ                DATA
 0003:00000030 00000004H .CRT$XTA                DATA
 0003:00000034 00000004H .CRT$XTZ                DATA
 0003:00000040 00003ef0H .data                   DATA
 0003:00003f40 0050ea54H .bss                    DATA

  Address         Publics by Value              Rva+Base     Lib:Object

 0000:00000000       ___safe_se_handler_count   00000000     <absolute>
 0000:00000000       ___safe_se_handler_table   00000000     <absolute>
 0000:00000000       __except_list              00000000     <absolute>
 0001:00000000       _BG_FindItemForPowerup     30001000 f   bg_misc.obj
 0001:00000080       _BG_FindItemForHoldable    30001080 f   bg_misc.obj
 0001:000000f0       _BG_FindItemForWeapon      300010f0 f   bg_misc.obj
 0001:00000150       _BG_FindItem               30001150 f   bg_misc.obj
 0001:000001a0       _BG_PlayerTouchesItem      300011a0 f   bg_misc.obj
 0001:00000260       _BG_CanItemBeGrabbed       30001260 f   bg_misc.obj
 0001:00000490       _BG_EvaluateTrajectory     30001490 f   bg_misc.obj
 0001:000006f0       _BG_EvaluateTrajectoryDelta 300016f0 f   bg_misc.obj
 0001:000008b0       _BG_AddPredictableEventToPlayerstate 300018b0 f   bg_misc.obj
 0001:00000960       _BG_TouchJumpPad           30001960 f   bg_misc.obj
 0001:00000a50       _BG_PlayerStateToEntityState 30001a50 f   bg_misc.obj
 0001:00000db0       _BG_PlayerStateToEntityStateExtraPolate 30001db0 f   bg_misc.obj
 0001:00001120       _PM_AddEvent               30002120 f   bg_pmove.obj
 0001:00001150       _PM_AddTouchEnt            30002150 f   bg_pmove.obj
 0001:000011e0       _PM_ClipVelocity           300021e0 f   bg_pmove.obj
 0001:00001280       _PM_UpdateViewAngles       30002280 f   bg_pmove.obj
 0001:00001380       _PmoveSingle               30002380 f   bg_pmove.obj
 0001:00004740       _Pmove                     30005740 f   bg_pmove.obj
 0001:00004830       _PM_SlideMove              30005830 f   bg_slidemove.obj
 0001:000050d0       _PM_StepSlideMove          300060d0 f   bg_slidemove.obj
 0001:000054f0       _CG_TargetCommand_f        300064f0 f   cg_consolecmds.obj
 0001:00005950       _CG_ConsoleCommand         30006950 f   cg_consolecmds.obj
 0001:000059c0       _CG_InitConsoleCommands    300069c0 f   cg_consolecmds.obj
 0001:00005b60       _CG_Draw3DModel            30006b60 f   cg_draw.obj
 0001:00005cc0       _CG_DrawHead               30006cc0 f   cg_draw.obj
 0001:00005e10       _CG_DrawFlagModel          30006e10 f   cg_draw.obj
 0001:00005fb0       _CG_DrawTeamBackground     30006fb0 f   cg_draw.obj
 0001:00006050       _CG_AddLagometerFrameInfo  30007050 f   cg_draw.obj
 0001:00006090       _CG_AddLagometerSnapshotInfo 30007090 f   cg_draw.obj
 0001:00006100       _CG_CenterPrint            30007100 f   cg_draw.obj
 0001:00006180       _CG_DrawActive             30007180 f   cg_draw.obj
 0001:00009860       _CG_AdjustFrom640          3000a860 f   cg_drawtools.obj
 0001:000098b0       _CG_FillRect               3000a8b0 f   cg_drawtools.obj
 0001:00009920       _CG_DrawSides              3000a920 f   cg_drawtools.obj
 0001:000099b0       _CG_DrawTopBottom          3000a9b0 f   cg_drawtools.obj
 0001:00009a40       _CG_DrawRect               3000aa40 f   cg_drawtools.obj
 0001:00009aa0       _CG_DrawPic                3000aaa0 f   cg_drawtools.obj
 0001:00009b00       _CG_DrawChar               3000ab00 f   cg_drawtools.obj
 0001:00009bd0       _CG_DrawStringExt          3000abd0 f   cg_drawtools.obj
 0001:00009dc0       _CG_DrawBigString          3000adc0 f   cg_drawtools.obj
 0001:00009e10       _CG_DrawBigStringColor     3000ae10 f   cg_drawtools.obj
 0001:00009e50       _CG_DrawSmallString        3000ae50 f   cg_drawtools.obj
 0001:00009ea0       _CG_DrawSmallStringColor   3000aea0 f   cg_drawtools.obj
 0001:00009ee0       _CG_DrawStrlen             3000aee0 f   cg_drawtools.obj
 0001:00009f60       _CG_TileClear              3000af60 f   cg_drawtools.obj
 0001:0000a0f0       _CG_FadeColor              3000b0f0 f   cg_drawtools.obj
 0001:0000a180       _CG_TeamColor              3000b180 f   cg_drawtools.obj
 0001:0000a1d0       _CG_GetColorForHealth      3000b1d0 f   cg_drawtools.obj
 0001:0000a2e0       _CG_ColorForHealth         3000b2e0 f   cg_drawtools.obj
 0001:0000a320       _UI_DrawBannerString       3000b320 f   cg_drawtools.obj
 0001:0000a5b0       _UI_ProportionalStringWidth 3000b5b0 f   cg_drawtools.obj
 0001:0000a630       _UI_ProportionalSizeScale  3000b630 f   cg_drawtools.obj
 0001:0000a660       _UI_DrawProportionalString 3000b660 f   cg_drawtools.obj
 0001:0000aa20       _CG_BubbleTrail            3000ba20 f   cg_effects.obj
 0001:0000ace0       _CG_SmokePuff              3000bce0 f   cg_effects.obj
 0001:0000af10       _CG_SpawnEffect            3000bf10 f   cg_effects.obj
 0001:0000b030       _CG_ScorePlum              3000c030 f   cg_effects.obj
 0001:0000b1b0       _CG_MakeExplosion          3000c1b0 f   cg_effects.obj
 0001:0000b3c0       _CG_Bleed                  3000c3c0 f   cg_effects.obj
 0001:0000b4b0       _CG_LaunchGib              3000c4b0 f   cg_effects.obj
 0001:0000b5f0       _CG_GibPlayer              3000c5f0 f   cg_effects.obj
 0001:0000bcf0       _CG_LaunchExplode          3000ccf0 f   cg_effects.obj
 0001:0000be30       _CG_BigExplode             3000ce30 f   cg_effects.obj
 0001:0000c1d0       _CG_PositionEntityOnTag    3000d1d0 f   cg_ents.obj
 0001:0000c2e0       _CG_PositionRotatedEntityOnTag 3000d2e0 f   cg_ents.obj
 0001:0000c400       _CG_SetEntitySoundPosition 3000d400 f   cg_ents.obj
 0001:0000c4a0       _CG_Beam                   3000d4a0 f   cg_ents.obj
 0001:0000c550       _CG_AdjustPositionForMover 3000d550 f   cg_ents.obj
 0001:0000c6a0       _CG_AddPacketEntities      3000d6a0 f   cg_ents.obj
 0001:0000dd00       _CG_PlaceString            3000ed00 f   cg_event.obj
 0001:0000de50       _CG_PainEvent              3000ee50 f   cg_event.obj
 0001:0000df00       _CG_EntityEvent            3000ef00 f   cg_event.obj
 0001:0000fc00       _CG_CheckEvents            30010c00 f   cg_event.obj
 0001:0000fcf0       _CG_LoadingString          30010cf0 f   cg_info.obj
 0001:0000fd20       _CG_LoadingItem            30010d20 f   cg_info.obj
 0001:0000fd90       _CG_LoadingClient          30010d90 f   cg_info.obj
 0001:0000ff70       _CG_DrawInformation        30010f70 f   cg_info.obj
 0001:00010500       _CG_InitLocalEntities      30011500 f   cg_localents.obj
 0001:00010580       _CG_FreeLocalEntity        30011580 f   cg_localents.obj
 0001:000105e0       _CG_AllocLocalEntity       300115e0 f   cg_localents.obj
 0001:00010660       _CG_BloodTrail             30011660 f   cg_localents.obj
 0001:00010720       _CG_FragmentBounceMark     30011720 f   cg_localents.obj
 0001:00010830       _CG_FragmentBounceSound    30011830 f   cg_localents.obj
 0001:000108b0       _CG_ReflectVelocity        300118b0 f   cg_localents.obj
 0001:00010a30       _CG_AddFragment            30011a30 f   cg_localents.obj
 0001:00010c70       _CG_AddFadeRGB             30011c70 f   cg_localents.obj
 0001:00010d10       _CG_AddScorePlum           30011d10 f   cg_localents.obj
 0001:000111a0       _CG_AddLocalEntities       300121a0 f   cg_localents.obj
 0001:00011880       _vmMain                    30012880 f   cg_main.obj
 0001:00011970       _CG_RegisterCvars          30012970 f   cg_main.obj
 0001:00011a70       _CG_UpdateCvars            30012a70 f   cg_main.obj
 0001:00011ba0       _CG_CrosshairPlayer        30012ba0 f   cg_main.obj
 0001:00011bd0       _CG_LastAttacker           30012bd0 f   cg_main.obj
 0001:00011c00       _CG_Printf                 30012c00 f   cg_main.obj
 0001:00011c50       _CG_Error                  30012c50 f   cg_main.obj
 0001:00011ca0       _Com_Error                 30012ca0 f   cg_main.obj
 0001:00011cf0       _Com_Printf                30012cf0 f   cg_main.obj
 0001:00011d40       _CG_Argv                   30012d40 f   cg_main.obj
 0001:00011d70       _CG_BuildSpectatorString   30012d70 f   cg_main.obj
 0001:00011e30       _CG_ConfigString           30012e30 f   cg_main.obj
 0001:00011e70       _CG_StartMusic             30012e70 f   cg_main.obj
 0001:00011ee0       _CG_Init                   30012ee0 f   cg_main.obj
 0001:00013400       _CG_Shutdown               30014400 f   cg_main.obj
 0001:00013410       _CG_EventHandling          30014410 f   cg_main.obj
 0001:00013420       _CG_KeyEvent               30014420 f   cg_main.obj
 0001:00013430       _CG_MouseEvent             30014430 f   cg_main.obj
 0001:00013440       _CG_InitMarkPolys          30014440 f   cg_marks.obj
 0001:000134c0       _CG_FreeMarkPoly           300144c0 f   cg_marks.obj
 0001:00013520       _CG_AllocMark              30014520 f   cg_marks.obj
 0001:000135c0       _CG_ImpactMark             300145c0 f   cg_marks.obj
 0001:00013aa0       _CG_AddMarks               30014aa0 f   cg_marks.obj
 0001:00013ce0       _CG_ClearParticles         30014ce0 f   cg_marks.obj
 0001:00013e10       _CG_AddParticleToScene     30014e10 f   cg_marks.obj
 0001:00016100       _CG_AddParticles           30017100 f   cg_marks.obj
 0001:000164f0       _CG_ParticleSnowFlurry     300174f0 f   cg_marks.obj
 0001:000167a0       _CG_ParticleSnow           300177a0 f   cg_marks.obj
 0001:000169f0       _CG_ParticleBubble         300179f0 f   cg_marks.obj
 0001:00016c90       _CG_ParticleSmoke          30017c90 f   cg_marks.obj
 0001:00016e60       _CG_ParticleBulletDebris   30017e60 f   cg_marks.obj
 0001:00016fc0       _CG_ParticleExplosion      30017fc0 f   cg_marks.obj
 0001:000171b0       _CG_AddParticleShrapnel    300181b0 f   cg_marks.obj
 0001:000171c0       _CG_NewParticleArea        300181c0 f   cg_marks.obj
 0001:000173d0       _CG_SnowLink               300183d0 f   cg_marks.obj
 0001:00017450       _CG_ParticleImpactSmokePuff 30018450 f   cg_marks.obj
 0001:00017610       _CG_Particle_Bleed         30018610 f   cg_marks.obj
 0001:000177b0       _CG_Particle_OilParticle   300187b0 f   cg_marks.obj
 0001:00017970       _CG_Particle_OilSlick      30018970 f   cg_marks.obj
 0001:00017bc0       _CG_OilSlickRemove         30018bc0 f   cg_marks.obj
 0001:00017c50       _ValidBloodPool            30018c50 f   cg_marks.obj
 0001:00017e30       _CG_BloodPool              30018e30 f   cg_marks.obj
 0001:00018010       _CG_ParticleBloodCloud     30019010 f   cg_marks.obj
 0001:00018280       _CG_ParticleSparks         30019280 f   cg_marks.obj
 0001:00018510       _CG_ParticleDust           30019510 f   cg_marks.obj
 0001:00018900       _CG_ParticleMisc           30019900 f   cg_marks.obj
 0001:00018a20       _CG_CustomSound            30019a20 f   cg_players.obj
 0001:00018ae0       _CG_NewClientInfo          30019ae0 f   cg_players.obj
 0001:0001acf0       _CG_LoadDeferredPlayers    3001bcf0 f   cg_players.obj
 0001:0001ad80       _CG_AddRefEntityWithPowerups 3001bd80 f   cg_players.obj
 0001:0001ae70       _CG_LightVerts             3001be70 f   cg_players.obj
 0001:0001aff0       _CG_Player                 3001bff0 f   cg_players.obj
 0001:0001cd20       _CG_ResetPlayerEntity      3001dd20 f   cg_players.obj
 0001:0001cf90       _CG_CheckAmmo              3001df90 f   cg_playerstate.obj
 0001:0001d090       _CG_DamageFeedback         3001e090 f   cg_playerstate.obj
 0001:0001d3b0       _CG_Respawn                3001e3b0 f   cg_playerstate.obj
 0001:0001d3f0       _CG_CheckPlayerstateEvents 3001e3f0 f   cg_playerstate.obj
 0001:0001d540       _CG_CheckChangedPredictableEvents 3001e540 f   cg_playerstate.obj
 0001:0001d630       _CG_CheckLocalSounds       3001e630 f   cg_playerstate.obj
 0001:0001dc40       _CG_TransitionPlayerState  3001ec40 f   cg_playerstate.obj
 0001:0001dd70       _CG_BuildSolidList         3001ed70 f   cg_predict.obj
 0001:0001de80       _CG_Trace                  3001ee80 f   cg_predict.obj
 0001:0001e130       _CG_PointContents          3001f130 f   cg_predict.obj
 0001:0001e1f0       _CG_PredictPlayerState     3001f1f0 f   cg_predict.obj
 0001:0001ed10       _CG_DrawOldScoreboard      3001fd10 f   cg_scoreboard.obj
 0001:0001fa60       _CG_DrawOldTourneyScoreboard 30020a60 f   cg_scoreboard.obj
 0001:0001fdd0       _CG_ParseServerinfo        30020dd0 f   cg_servercmds.obj
 0001:0001ff80       _CG_SetConfigValues        30020f80 f   cg_servercmds.obj
 0001:00020030       _CG_ShaderStateChanged     30021030 f   cg_servercmds.obj
 0001:000201f0       _CG_ParseVoiceChats        300211f0 f   cg_servercmds.obj
 0001:000206a0       _CG_LoadVoiceChats         300216a0 f   cg_servercmds.obj
 0001:00020770       _CG_HeadModelVoiceChats    30021770 f   cg_servercmds.obj
 0001:000208b0       _CG_GetVoiceChat           300218b0 f   cg_servercmds.obj
 0001:00020980       _CG_VoiceChatListForClient 30021980 f   cg_servercmds.obj
 0001:00020d20       _CG_PlayVoiceChat          30021d20 f   cg_servercmds.obj
 0001:00020d30       _CG_PlayBufferedVoiceChats 30021d30 f   cg_servercmds.obj
 0001:00020d40       _CG_AddBufferedVoiceChat   30021d40 f   cg_servercmds.obj
 0001:00020d50       _CG_VoiceChatLocal         30021d50 f   cg_servercmds.obj
 0001:00020d60       _CG_VoiceChat              30021d60 f   cg_servercmds.obj
 0001:00020d70       _CG_ExecuteNewServerCommands 30021d70 f   cg_servercmds.obj
 0001:00021c50       _CG_SetInitialSnapshot     30022c50 f   cg_snapshot.obj
 0001:00021e10       _CG_ProcessSnapshots       30022e10 f   cg_snapshot.obj
 0001:000223e0       _dllEntry                  300233e0 f   cg_syscalls.obj
 0001:00022400       _PASSFLOAT                 30023400 f   cg_syscalls.obj
 0001:00022420       _trap_Print                30023420 f   cg_syscalls.obj
 0001:00022440       _trap_Error                30023440 f   cg_syscalls.obj
 0001:00022460       _trap_Milliseconds         30023460 f   cg_syscalls.obj
 0001:00022480       _trap_Cvar_Register        30023480 f   cg_syscalls.obj
 0001:000224b0       _trap_Cvar_Update          300234b0 f   cg_syscalls.obj
 0001:000224d0       _trap_Cvar_Set             300234d0 f   cg_syscalls.obj
 0001:00022500       _trap_Cvar_VariableStringBuffer 30023500 f   cg_syscalls.obj
 0001:00022530       _trap_Argc                 30023530 f   cg_syscalls.obj
 0001:00022550       _trap_Argv                 30023550 f   cg_syscalls.obj
 0001:00022580       _trap_Args                 30023580 f   cg_syscalls.obj
 0001:000225b0       _trap_FS_FOpenFile         300235b0 f   cg_syscalls.obj
 0001:000225e0       _trap_FS_Read              300235e0 f   cg_syscalls.obj
 0001:00022610       _trap_FS_Write             30023610 f   cg_syscalls.obj
 0001:00022640       _trap_FS_FCloseFile        30023640 f   cg_syscalls.obj
 0001:00022660       _trap_FS_Seek              30023660 f   cg_syscalls.obj
 0001:00022690       _trap_SendConsoleCommand   30023690 f   cg_syscalls.obj
 0001:000226b0       _trap_AddCommand           300236b0 f   cg_syscalls.obj
 0001:000226d0       _trap_RemoveCommand        300236d0 f   cg_syscalls.obj
 0001:000226f0       _trap_SendClientCommand    300236f0 f   cg_syscalls.obj
 0001:00022710       _trap_UpdateScreen         30023710 f   cg_syscalls.obj
 0001:00022730       _trap_CM_LoadMap           30023730 f   cg_syscalls.obj
 0001:00022750       _trap_CM_NumInlineModels   30023750 f   cg_syscalls.obj
 0001:00022770       _trap_CM_InlineModel       30023770 f   cg_syscalls.obj
 0001:00022790       _trap_CM_TempBoxModel      30023790 f   cg_syscalls.obj
 0001:000227c0       _trap_CM_TempCapsuleModel  300237c0 f   cg_syscalls.obj
 0001:000227f0       _trap_CM_PointContents     300237f0 f   cg_syscalls.obj
 0001:00022820       _trap_CM_TransformedPointContents 30023820 f   cg_syscalls.obj
 0001:00022850       _trap_CM_BoxTrace          30023850 f   cg_syscalls.obj
 0001:00022890       _trap_CM_CapsuleTrace      30023890 f   cg_syscalls.obj
 0001:000228d0       _trap_CM_TransformedBoxTrace 300238d0 f   cg_syscalls.obj
 0001:00022910       _trap_CM_TransformedCapsuleTrace 30023910 f   cg_syscalls.obj
 0001:00022950       _trap_CM_MarkFragments     30023950 f   cg_syscalls.obj
 0001:00022990       _trap_S_StartSound         30023990 f   cg_syscalls.obj
 0001:000229c0       _trap_S_StartLocalSound    300239c0 f   cg_syscalls.obj
 0001:000229f0       _trap_S_ClearLoopingSounds 300239f0 f   cg_syscalls.obj
 0001:00022a10       _trap_S_AddLoopingSound    30023a10 f   cg_syscalls.obj
 0001:00022a40       _trap_S_AddRealLoopingSound 30023a40 f   cg_syscalls.obj
 0001:00022a70       _trap_S_StopLoopingSound   30023a70 f   cg_syscalls.obj
 0001:00022a90       _trap_S_UpdateEntityPosition 30023a90 f   cg_syscalls.obj
 0001:00022ac0       _trap_S_Respatialize       30023ac0 f   cg_syscalls.obj
 0001:00022af0       _trap_S_RegisterSound      30023af0 f   cg_syscalls.obj
 0001:00022b20       _trap_S_StartBackgroundTrack 30023b20 f   cg_syscalls.obj
 0001:00022b50       _trap_R_LoadWorldMap       30023b50 f   cg_syscalls.obj
 0001:00022b70       _trap_R_RegisterModel      30023b70 f   cg_syscalls.obj
 0001:00022b90       _trap_R_RegisterSkin       30023b90 f   cg_syscalls.obj
 0001:00022bb0       _trap_R_RegisterShader     30023bb0 f   cg_syscalls.obj
 0001:00022bd0       _trap_R_RegisterShaderNoMip 30023bd0 f   cg_syscalls.obj
 0001:00022bf0       _trap_R_RegisterFont       30023bf0 f   cg_syscalls.obj
 0001:00022c20       _trap_R_ClearScene         30023c20 f   cg_syscalls.obj
 0001:00022c40       _trap_R_AddRefEntityToScene 30023c40 f   cg_syscalls.obj
 0001:00022c60       _trap_R_AddPolyToScene     30023c60 f   cg_syscalls.obj
 0001:00022c90       _trap_R_AddPolysToScene    30023c90 f   cg_syscalls.obj
 0001:00022cc0       _trap_R_LightForPoint      30023cc0 f   cg_syscalls.obj
 0001:00022cf0       _trap_R_AddLightToScene    30023cf0 f   cg_syscalls.obj
 0001:00022d50       _trap_R_AddAdditiveLightToScene 30023d50 f   cg_syscalls.obj
 0001:00022db0       _trap_R_RenderScene        30023db0 f   cg_syscalls.obj
 0001:00022dd0       _trap_R_SetColor           30023dd0 f   cg_syscalls.obj
 0001:00022df0       _trap_R_DrawStretchPic     30023df0 f   cg_syscalls.obj
 0001:00022e80       _trap_R_ModelBounds        30023e80 f   cg_syscalls.obj
 0001:00022eb0       _trap_R_LerpTag            30023eb0 f   cg_syscalls.obj
 0001:00022ef0       _trap_R_RemapShader        30023ef0 f   cg_syscalls.obj
 0001:00022f20       _trap_GetGlconfig          30023f20 f   cg_syscalls.obj
 0001:00022f40       _trap_GetGameState         30023f40 f   cg_syscalls.obj
 0001:00022f60       _trap_GetCurrentSnapshotNumber 30023f60 f   cg_syscalls.obj
 0001:00022f90       _trap_GetSnapshot          30023f90 f   cg_syscalls.obj
 0001:00022fc0       _trap_GetServerCommand     30023fc0 f   cg_syscalls.obj
 0001:00022fe0       _trap_GetCurrentCmdNumber  30023fe0 f   cg_syscalls.obj
 0001:00023000       _trap_GetUserCmd           30024000 f   cg_syscalls.obj
 0001:00023030       _trap_SetUserCmdValue      30024030 f   cg_syscalls.obj
 0001:00023060       _testPrintInt              30024060 f   cg_syscalls.obj
 0001:00023090       _testPrintFloat            30024090 f   cg_syscalls.obj
 0001:000230c0       _trap_MemoryRemaining      300240c0 f   cg_syscalls.obj
 0001:000230e0       _trap_Key_IsDown           300240e0 f   cg_syscalls.obj
 0001:00023100       _trap_Key_GetCatcher       30024100 f   cg_syscalls.obj
 0001:00023120       _trap_Key_SetCatcher       30024120 f   cg_syscalls.obj
 0001:00023140       _trap_Key_GetKey           30024140 f   cg_syscalls.obj
 0001:00023160       _trap_PC_AddGlobalDefine   30024160 f   cg_syscalls.obj
 0001:00023180       _trap_PC_LoadSource        30024180 f   cg_syscalls.obj
 0001:000231a0       _trap_PC_FreeSource        300241a0 f   cg_syscalls.obj
 0001:000231c0       _trap_PC_ReadToken         300241c0 f   cg_syscalls.obj
 0001:000231f0       _trap_PC_SourceFileAndLine 300241f0 f   cg_syscalls.obj
 0001:00023220       _trap_S_StopBackgroundTrack 30024220 f   cg_syscalls.obj
 0001:00023240       _trap_RealTime             30024240 f   cg_syscalls.obj
 0001:00023260       _trap_SnapVector           30024260 f   cg_syscalls.obj
 0001:00023280       _trap_CIN_PlayCinematic    30024280 f   cg_syscalls.obj
 0001:000232c0       _trap_CIN_StopCinematic    300242c0 f   cg_syscalls.obj
 0001:000232e0       _trap_CIN_RunCinematic     300242e0 f   cg_syscalls.obj
 0001:00023300       _trap_CIN_DrawCinematic    30024300 f   cg_syscalls.obj
 0001:00023320       _trap_CIN_SetExtents       30024320 f   cg_syscalls.obj
 0001:00023350       _trap_GetEntityToken       30024350 f   cg_syscalls.obj
 0001:00023380       _trap_R_inPVS              30024380 f   cg_syscalls.obj
 0001:000233b0       _CG_TestModel_f            300243b0 f   cg_view.obj
 0001:000234f0       _CG_TestGun_f              300244f0 f   cg_view.obj
 0001:00023520       _CG_TestModelNextFrame_f   30024520 f   cg_view.obj
 0001:00023550       _CG_TestModelPrevFrame_f   30024550 f   cg_view.obj
 0001:00023590       _CG_TestModelNextSkin_f    30024590 f   cg_view.obj
 0001:000235c0       _CG_TestModelPrevSkin_f    300245c0 f   cg_view.obj
 0001:00023600       _CG_ZoomDown_f             30024600 f   cg_view.obj
 0001:00023630       _CG_ZoomUp_f               30024630 f   cg_view.obj
 0001:00023660       _CG_AddBufferedSound       30024660 f   cg_view.obj
 0001:000236c0       _CG_DrawActiveFrame        300246c0 f   cg_view.obj
 0001:00024b10       _CG_RailTrail              30025b10 f   cg_weapons.obj
 0001:00025250       _CG_GrappleTrail           30026250 f   cg_weapons.obj
 0001:00025470       _CG_RegisterWeapon         30026470 f   cg_weapons.obj
 0001:00026a50       _CG_RegisterItemVisuals    30027a50 f   cg_weapons.obj
 0001:00026b60       _CG_AddPlayerWeapon        30027b60 f   cg_weapons.obj
 0001:00027770       _CG_AddViewWeapon          30028770 f   cg_weapons.obj
 0001:00027d00       _CG_DrawWeaponSelect       30028d00 f   cg_weapons.obj
 0001:00027f20       _CG_NextWeapon_f           30028f20 f   cg_weapons.obj
 0001:00028020       _CG_PrevWeapon_f           30029020 f   cg_weapons.obj
 0001:000280d0       _CG_Weapon_f               300290d0 f   cg_weapons.obj
 0001:00028150       _CG_OutOfAmmoChange        30029150 f   cg_weapons.obj
 0001:000281a0       _CG_FireWeapon             300291a0 f   cg_weapons.obj
 0001:000282e0       _CG_MissileHitWall         300292e0 f   cg_weapons.obj
 0001:000287a0       _CG_MissileHitPlayer       300297a0 f   cg_weapons.obj
 0001:000287f0       _CG_ShotgunFire            300297f0 f   cg_weapons.obj
 0001:00028c40       _CG_Tracer                 30029c40 f   cg_weapons.obj
 0001:00029020       _CG_Bullet                 3002a020 f   cg_weapons.obj
 0001:00029340       _Q_rand                    3002a340 f   q_math.obj
 0001:00029370       _Q_random                  3002a370 f   q_math.obj
 0001:000293a0       _Q_crandom                 3002a3a0 f   q_math.obj
 0001:000293d0       _ClampChar                 3002a3d0 f   q_math.obj
 0001:00029400       _ClampShort                3002a400 f   q_math.obj
 0001:00029440       _DirToByte                 3002a440 f   q_math.obj
 0001:000294e0       _ByteToDir                 3002a4e0 f   q_math.obj
 0001:00029560       _ColorBytes3               3002a560 f   q_math.obj
 0001:000295b0       _ColorBytes4               3002a5b0 f   q_math.obj
 0001:00029610       _NormalizeColor            3002a610 f   q_math.obj
 0001:000296c0       _PlaneFromPoints           3002a6c0 f   q_math.obj
 0001:00029800       _RotatePointAroundVector   3002a800 f   q_math.obj
 0001:00029a30       _RotateAroundDirection     3002aa30 f   q_math.obj
 0001:00029ac0       _vectoangles               3002aac0 f   q_math.obj
 0001:00029c40       _AnglesToAxis              3002ac40 f   q_math.obj
 0001:00029ca0       _AxisClear                 3002aca0 f   q_math.obj
 0001:00029d10       _AxisCopy                  3002ad10 f   q_math.obj
 0001:00029d90       _ProjectPointOnPlane       3002ad90 f   q_math.obj
 0001:00029e90       _MakeNormalVectors         3002ae90 f   q_math.obj
 0001:00029f60       _VectorRotate              3002af60 f   q_math.obj
 0001:0002a000       _Q_rsqrt                   3002b000 f   q_math.obj
 0001:0002a060       _Q_fabs                    3002b060 f   q_math.obj
 0001:0002a090       _LerpAngle                 3002b090 f   q_math.obj
 0001:0002a0f0       _AngleSubtract             3002b0f0 f   q_math.obj
 0001:0002a150       _AnglesSubtract            3002b150 f   q_math.obj
 0001:0002a1c0       _AngleMod                  3002b1c0 f   q_math.obj
 0001:0002a200       _AngleNormalize360         3002b200 f   q_math.obj
 0001:0002a240       _AngleNormalize180         3002b240 f   q_math.obj
 0001:0002a280       _AngleDelta                3002b280 f   q_math.obj
 0001:0002a2b0       _SetPlaneSignbits          3002b2b0 f   q_math.obj
 0001:0002a310       _BoxOnPlaneSide            3002b310 f   q_math.obj
 0001:0002a550       _RadiusFromBounds          3002b550 f   q_math.obj
 0001:0002a630       _ClearBounds               3002b630 f   q_math.obj
 0001:0002a680       _AddPointToBounds          3002b680 f   q_math.obj
 0001:0002a750       _VectorNormalize           3002b750 f   q_math.obj
 0001:0002a7f0       _VectorNormalize2          3002b7f0 f   q_math.obj
 0001:0002a8b0       __VectorMA                 3002b8b0 f   q_math.obj
 0001:0002a900       __DotProduct               3002b900 f   q_math.obj
 0001:0002a940       __VectorSubtract           3002b940 f   q_math.obj
 0001:0002a990       __VectorAdd                3002b990 f   q_math.obj
 0001:0002a9e0       __VectorCopy               3002b9e0 f   q_math.obj
 0001:0002aa20       __VectorScale              3002ba20 f   q_math.obj
 0001:0002aa60       _Vector4Scale              3002ba60 f   q_math.obj
 0001:0002aab0       _Q_log2                    3002bab0 f   q_math.obj
 0001:0002aaf0       _MatrixMultiply            3002baf0 f   q_math.obj
 0001:0002aca0       _AngleVectors              3002bca0 f   q_math.obj
 0001:0002ae90       _PerpendicularVector       3002be90 f   q_math.obj
 0001:0002af50       _Com_Clamp                 3002bf50 f   q_shared.obj
 0001:0002af90       _COM_SkipPath              3002bf90 f   q_shared.obj
 0001:0002afe0       _COM_StripExtension        3002bfe0 f   q_shared.obj
 0001:0002b030       _COM_DefaultExtension      3002c030 f   q_shared.obj
 0001:0002b0c0       _ShortSwap                 3002c0c0 f   q_shared.obj
 0001:0002b100       _ShortNoSwap               3002c100 f   q_shared.obj
 0001:0002b120       _LongSwap                  3002c120 f   q_shared.obj
 0001:0002b190       _LongNoSwap                3002c190 f   q_shared.obj
 0001:0002b1b0       _Long64Swap                3002c1b0 f   q_shared.obj
 0001:0002b200       _Long64NoSwap              3002c200 f   q_shared.obj
 0001:0002b220       _FloatSwap                 3002c220 f   q_shared.obj
 0001:0002b250       _FloatNoSwap               3002c250 f   q_shared.obj
 0001:0002b270       _COM_BeginParseSession     3002c270 f   q_shared.obj
 0001:0002b2b0       _COM_GetCurrentParseLine   3002c2b0 f   q_shared.obj
 0001:0002b2d0       _COM_Parse                 3002c2d0 f   q_shared.obj
 0001:0002b2f0       _COM_ParseError            3002c2f0 f   q_shared.obj
 0001:0002b340       _COM_ParseWarning          3002c340 f   q_shared.obj
 0001:0002b390       _COM_Compress              3002c390 f   q_shared.obj
 0001:0002b590       _COM_ParseExt              3002c590 f   q_shared.obj
 0001:0002b820       _COM_MatchToken            3002c820 f   q_shared.obj
 0001:0002b870       _SkipBracedSection         3002c870 f   q_shared.obj
 0001:0002b8e0       _SkipRestOfLine            3002c8e0 f   q_shared.obj
 0001:0002b930       _Parse1DMatrix             3002c930 f   q_shared.obj
 0001:0002b9b0       _Parse2DMatrix             3002c9b0 f   q_shared.obj
 0001:0002ba20       _Parse3DMatrix             3002ca20 f   q_shared.obj
 0001:0002baa0       _Q_isprint                 3002caa0 f   q_shared.obj
 0001:0002bad0       _Q_islower                 3002cad0 f   q_shared.obj
 0001:0002bb00       _Q_isupper                 3002cb00 f   q_shared.obj
 0001:0002bb30       _Q_isalpha                 3002cb30 f   q_shared.obj
 0001:0002bb70       _Q_strrchr                 3002cb70 f   q_shared.obj
 0001:0002bbd0       _Q_strncpyz                3002cbd0 f   q_shared.obj
 0001:0002bc40       _Q_stricmpn                3002cc40 f   q_shared.obj
 0001:0002bd10       _Q_strncmp                 3002cd10 f   q_shared.obj
 0001:0002bd80       _Q_stricmp                 3002cd80 f   q_shared.obj
 0001:0002bdc0       _Q_strlwr                  3002cdc0 f   q_shared.obj
 0001:0002be10       _Q_strupr                  3002ce10 f   q_shared.obj
 0001:0002be60       _Q_strcat                  3002ce60 f   q_shared.obj
 0001:0002beb0       _Q_PrintStrlen             3002ceb0 f   q_shared.obj
 0001:0002bf30       _Q_CleanStr                3002cf30 f   q_shared.obj
 0001:0002bfc0       _Com_sprintf               3002cfc0 f   q_shared.obj
 0001:0002c050       _va                        3002d050 f   q_shared.obj
 0001:0002c0b0       _Info_ValueForKey          3002d0b0 f   q_shared.obj
 0001:0002c230       _Info_NextPair             3002d230 f   q_shared.obj
 0001:0002c310       _Info_RemoveKey            3002d310 f   q_shared.obj
 0001:0002c480       _Info_RemoveKey_Big        3002d480 f   q_shared.obj
 0001:0002c5f0       _Info_Validate             3002d5f0 f   q_shared.obj
 0001:0002c640       _Info_SetValueForKey       3002d640 f   q_shared.obj
 0001:0002c7c0       _Info_SetValueForKey_Big   3002d7c0 f   q_shared.obj
 0001:0002c930       _UI_Alloc                  3002d930 f   ui_shared.obj
 0001:0002c9b0       _UI_InitMemory             3002d9b0 f   ui_shared.obj
 0001:0002c9e0       _UI_OutOfMemory            3002d9e0 f   ui_shared.obj
 0001:0002ca00       _String_Alloc              3002da00 f   ui_shared.obj
 0001:0002cbd0       _String_Report             3002dbd0 f   ui_shared.obj
 0001:0002cc80       _String_Init               3002dc80 f   ui_shared.obj
 0001:0002cd10       _PC_SourceWarning          3002dd10 f   ui_shared.obj
 0001:0002cd90       _PC_SourceError            3002dd90 f   ui_shared.obj
 0001:0002ce10       _LerpColor                 3002de10 f   ui_shared.obj
 0001:0002ceb0       _Float_Parse               3002deb0 f   ui_shared.obj
 0001:0002cf00       _PC_Float_Parse            3002df00 f   ui_shared.obj
 0001:0002cfc0       _Color_Parse               3002dfc0 f   ui_shared.obj
 0001:0002d020       _PC_Color_Parse            3002e020 f   ui_shared.obj
 0001:0002d080       _Int_Parse                 3002e080 f   ui_shared.obj
 0001:0002d0d0       _PC_Int_Parse              3002e0d0 f   ui_shared.obj
 0001:0002d190       _Rect_Parse                3002e190 f   ui_shared.obj
 0001:0002d210       _PC_Rect_Parse             3002e210 f   ui_shared.obj
 0001:0002d290       _String_Parse              3002e290 f   ui_shared.obj
 0001:0002d2e0       _PC_String_Parse           3002e2e0 f   ui_shared.obj
 0001:0002d330       _PC_Script_Parse           3002e330 f   ui_shared.obj
 0001:0002d470       _Init_Display              3002e470 f   ui_shared.obj
 0001:0002d490       _GradientBar_Paint         3002e490 f   ui_shared.obj
 0001:0002d4f0       _Window_Init               3002e4f0 f   ui_shared.obj
 0001:0002d550       _Fade                      3002e550 f   ui_shared.obj
 0001:0002d610       _Window_Paint              3002e610 f   ui_shared.obj
 0001:0002db00       _Item_SetScreenCoords      3002eb00 f   ui_shared.obj
 0001:0002db90       _Item_UpdatePosition       3002eb90 f   ui_shared.obj
 0001:0002dc10       _Menu_UpdatePosition       3002ec10 f   ui_shared.obj
 0001:0002dca0       _Menu_PostParse            3002eca0 f   ui_shared.obj
 0001:0002dd00       _Menu_ClearFocus           3002ed00 f   ui_shared.obj
 0001:0002dde0       _IsVisible                 3002ede0 f   ui_shared.obj
 0001:0002de20       _Rect_ContainsPoint        3002ee20 f   ui_shared.obj
 0001:0002de90       _Menu_ItemsMatchingGroup   3002ee90 f   ui_shared.obj
 0001:0002df30       _Menu_GetMatchingItemByNumber 3002ef30 f   ui_shared.obj
 0001:0002dff0       _Script_SetColor           3002eff0 f   ui_shared.obj
 0001:0002e0f0       _Script_SetAsset           3002f0f0 f   ui_shared.obj
 0001:0002e110       _Script_SetBackground      3002f110 f   ui_shared.obj
 0001:0002e150       _Menu_FindItemByName       3002f150 f   ui_shared.obj
 0001:0002e1d0       _Script_SetTeamColor       3002f1d0 f   ui_shared.obj
 0001:0002e230       _Script_SetItemColor       3002f230 f   ui_shared.obj
 0001:0002e3a0       _Menu_ShowItemByName       3002f3a0 f   ui_shared.obj
 0001:0002e450       _Menu_FadeItemByName       3002f450 f   ui_shared.obj
 0001:0002e4f0       _Menus_FindByName          3002f4f0 f   ui_shared.obj
 0001:0002e560       _Menus_ShowByName          3002f560 f   ui_shared.obj
 0001:0002e5a0       _Menus_OpenByName          3002f5a0 f   ui_shared.obj
 0001:0002e5c0       _Menus_CloseByName         3002f5c0 f   ui_shared.obj
 0001:0002e660       _Menus_CloseAll            3002f660 f   ui_shared.obj
 0001:0002e6d0       _Script_Show               3002f6d0 f   ui_shared.obj
 0001:0002e710       _Script_Hide               3002f710 f   ui_shared.obj
 0001:0002e750       _Script_FadeIn             3002f750 f   ui_shared.obj
 0001:0002e790       _Script_FadeOut            3002f790 f   ui_shared.obj
 0001:0002e7d0       _Script_Open               3002f7d0 f   ui_shared.obj
 0001:0002e800       _Script_ConditionalOpen    3002f800 f   ui_shared.obj
 0001:0002e890       _Script_Close              3002f890 f   ui_shared.obj
 0001:0002e8c0       _Menu_TransitionItemByName 3002f8c0 f   ui_shared.obj
 0001:0002ea10       _Script_Transition         3002fa10 f   ui_shared.obj
 0001:0002eaf0       _Menu_OrbitItemByName      3002faf0 f   ui_shared.obj
 0001:0002eba0       _Script_Orbit              3002fba0 f   ui_shared.obj
 0001:0002ec60       _Script_SetFocus           3002fc60 f   ui_shared.obj
 0001:0002ed30       _Script_SetPlayerModel     3002fd30 f   ui_shared.obj
 0001:0002ed70       _Script_SetPlayerHead      3002fd70 f   ui_shared.obj
 0001:0002edb0       _Script_SetCvar            3002fdb0 f   ui_shared.obj
 0001:0002ee00       _Script_Exec               3002fe00 f   ui_shared.obj
 0001:0002ee50       _Script_Play               3002fe50 f   ui_shared.obj
 0001:0002eea0       _Script_playLooped         3002fea0 f   ui_shared.obj
 0001:0002eef0       _Item_RunScript            3002fef0 f   ui_shared.obj
 0001:0002f050       _Item_EnableShowViaCvar    30030050 f   ui_shared.obj
 0001:0002f1e0       _Item_SetFocus             300301e0 f   ui_shared.obj
 0001:0002f410       _Item_ListBox_MaxScroll    30030410 f   ui_shared.obj
 0001:0002f4a0       _Item_ListBox_ThumbPosition 300304a0 f   ui_shared.obj
 0001:0002f5b0       _Item_ListBox_ThumbDrawPosition 300305b0 f   ui_shared.obj
 0001:0002f730       _Item_Slider_ThumbPosition 30030730 f   ui_shared.obj
 0001:0002f820       _Item_Slider_OverSlider    30030820 f   ui_shared.obj
 0001:0002f890       _Item_ListBox_OverLB       30030890 f   ui_shared.obj
 0001:0002fb40       _Item_ListBox_MouseEnter   30030b40 f   ui_shared.obj
 0001:0002fce0       _Item_MouseEnter           30030ce0 f   ui_shared.obj
 0001:0002fe80       _Item_MouseLeave           30030e80 f   ui_shared.obj
 0001:0002ff00       _Menu_HitTest              30030f00 f   ui_shared.obj
 0001:0002ff70       _Item_SetMouseOver         30030f70 f   ui_shared.obj
 0001:0002ffb0       _Item_OwnerDraw_HandleKey  30030fb0 f   ui_shared.obj
 0001:00030000       _Item_ListBox_HandleKey    30031000 f   ui_shared.obj
 0001:000307e0       _Item_YesNo_HandleKey      300317e0 f   ui_shared.obj
 0001:000308d0       _Item_Multi_CountSettings  300318d0 f   ui_shared.obj
 0001:00030900       _Item_Multi_FindCvarByValue 30031900 f   ui_shared.obj
 0001:00030a30       _Item_Multi_Setting        30031a30 f   ui_shared.obj
 0001:00030b70       _Item_Multi_HandleKey      30031b70 f   ui_shared.obj
 0001:00030d10       _Item_TextField_HandleKey  30031d10 f   ui_shared.obj
 0001:00031340       _Item_StartCapture         30032340 f   ui_shared.obj
 0001:00031980       _Item_StopCapture          30032980 f   ui_shared.obj
 0001:00031990       _Item_Slider_HandleKey     30032990 f   ui_shared.obj
 0001:00031b50       _Item_HandleKey            30032b50 f   ui_shared.obj
 0001:00031cd0       _Item_Action               30032cd0 f   ui_shared.obj
 0001:00031d00       _Menu_SetPrevCursorItem    30032d00 f   ui_shared.obj
 0001:00031e50       _Menu_SetNextCursorItem    30032e50 f   ui_shared.obj
 0001:00031fa0       _Menus_Activate            30032fa0 f   ui_shared.obj
 0001:00032180       _Display_VisibleMenuCount  30033180 f   ui_shared.obj
 0001:000321e0       _Menus_HandleOOBClick      300331e0 f   ui_shared.obj
 0001:00032350       _Menu_HandleKey            30033350 f   ui_shared.obj
 0001:00032980       _ToWindowCoords            30033980 f   ui_shared.obj
 0001:000329e0       _Rect_ToWindowCoords       300339e0 f   ui_shared.obj
 0001:00032a10       _Item_SetTextExtents       30033a10 f   ui_shared.obj
 0001:00032c80       _Item_TextColor            30033c80 f   ui_shared.obj
 0001:00032ed0       _Item_Text_AutoWrapped_Paint 30033ed0 f   ui_shared.obj
 0001:00033260       _Item_Text_Wrapped_Paint   30034260 f   ui_shared.obj
 0001:00033490       _Item_Text_Paint           30034490 f   ui_shared.obj
 0001:000335d0       _Item_TextField_Paint      300345d0 f   ui_shared.obj
 0001:000338a0       _Item_YesNo_Paint          300348a0 f   ui_shared.obj
 0001:00033ab0       _Item_Multi_Paint          30034ab0 f   ui_shared.obj
 0001:00033c50       _Controls_GetConfig        30034c50 f   ui_shared.obj
 0001:00033d70       _Controls_SetConfig        30034d70 f   ui_shared.obj
 0001:00033e30       _Controls_SetDefaults      30034e30 f   ui_shared.obj
 0001:00033e90       _BindingIDFromName         30034e90 f   ui_shared.obj
 0001:00033ef0       _BindingFromName           30034ef0 f   ui_shared.obj
 0001:00034000       _Item_Slider_Paint         30035000 f   ui_shared.obj
 0001:000341e0       _Item_Bind_Paint           300351e0 f   ui_shared.obj
 0001:00034420       _Display_KeyBindPending    30035420 f   ui_shared.obj
 0001:00034440       _Item_Bind_HandleKey       30035440 f   ui_shared.obj
 0001:00034790       _AdjustFrom640             30035790 f   ui_shared.obj
 0001:00034800       _Item_Model_Paint          30035800 f   ui_shared.obj
 0001:00034b70       _Item_Image_Paint          30035b70 f   ui_shared.obj
 0001:00034be0       _Item_ListBox_Paint        30035be0 f   ui_shared.obj
 0001:00035480       _Item_OwnerDraw_Paint      30036480 f   ui_shared.obj
 0001:00035930       _Item_Paint                30036930 f   ui_shared.obj
 0001:00035f80       _Menu_Init                 30036f80 f   ui_shared.obj
 0001:00036000       _Menu_GetFocusedItem       30037000 f   ui_shared.obj
 0001:00036060       _Menu_GetFocused           30037060 f   ui_shared.obj
 0001:000360d0       _Menu_ScrollFeeder         300370d0 f   ui_shared.obj
 0001:00036160       _Menu_SetFeederSelection   30037160 f   ui_shared.obj
 0001:00036270       _Menus_AnyFullScreenVisible 30037270 f   ui_shared.obj
 0001:000362d0       _Menus_ActivateByName      300372d0 f   ui_shared.obj
 0001:000363b0       _Item_Init                 300373b0 f   ui_shared.obj
 0001:000363f0       _Menu_HandleMouseMove      300373f0 f   ui_shared.obj
 0001:00036630       _Menu_Paint                30037630 f   ui_shared.obj
 0001:00036790       _Item_ValidateTypeData     30037790 f   ui_shared.obj
 0001:000368e0       _KeywordHash_Key           300378e0 f   ui_shared.obj
 0001:00036990       _KeywordHash_Add           30037990 f   ui_shared.obj
 0001:000369d0       _KeywordHash_Find          300379d0 f   ui_shared.obj
 0001:00036a30       _ItemParse_name            30037a30 f   ui_shared.obj
 0001:00036a60       _ItemParse_focusSound      30037a60 f   ui_shared.obj
 0001:00036ab0       _ItemParse_text            30037ab0 f   ui_shared.obj
 0001:00036af0       _ItemParse_group           30037af0 f   ui_shared.obj
 0001:00036b20       _ItemParse_asset_model     30037b20 f   ui_shared.obj
 0001:00036b90       _ItemParse_asset_shader    30037b90 f   ui_shared.obj
 0001:00036be0       _ItemParse_model_origin    30037be0 f   ui_shared.obj
 0001:00036c60       _ItemParse_model_fovx      30037c60 f   ui_shared.obj
 0001:00036cb0       _ItemParse_model_fovy      30037cb0 f   ui_shared.obj
 0001:00036d00       _ItemParse_model_rotation  30037d00 f   ui_shared.obj
 0001:00036d50       _ItemParse_model_angle     30037d50 f   ui_shared.obj
 0001:00036da0       _ItemParse_rect            30037da0 f   ui_shared.obj
 0001:00036dd0       _ItemParse_style           30037dd0 f   ui_shared.obj
 0001:00036e00       _ItemParse_decoration      30037e00 f   ui_shared.obj
 0001:00036e30       _ItemParse_notselectable   30037e30 f   ui_shared.obj
 0001:00036e80       _ItemParse_wrapped         30037e80 f   ui_shared.obj
 0001:00036eb0       _ItemParse_autowrapped     30037eb0 f   ui_shared.obj
 0001:00036ee0       _ItemParse_horizontalscroll 30037ee0 f   ui_shared.obj
 0001:00036f10       _ItemParse_type            30037f10 f   ui_shared.obj
 0001:00036f50       _ItemParse_elementwidth    30037f50 f   ui_shared.obj
 0001:00036fa0       _ItemParse_elementheight   30037fa0 f   ui_shared.obj
 0001:00036ff0       _ItemParse_feeder          30037ff0 f   ui_shared.obj
 0001:00037030       _ItemParse_elementtype     30038030 f   ui_shared.obj
 0001:00037090       _ItemParse_columns         30038090 f   ui_shared.obj
 0001:000371a0       _ItemParse_border          300381a0 f   ui_shared.obj
 0001:000371d0       _ItemParse_bordersize      300381d0 f   ui_shared.obj
 0001:00037200       _ItemParse_visible         30038200 f   ui_shared.obj
 0001:00037250       _ItemParse_ownerdraw       30038250 f   ui_shared.obj
 0001:00037290       _ItemParse_align           30038290 f   ui_shared.obj
 0001:000372d0       _ItemParse_textalign       300382d0 f   ui_shared.obj
 0001:00037310       _ItemParse_textalignx      30038310 f   ui_shared.obj
 0001:00037350       _ItemParse_textaligny      30038350 f   ui_shared.obj
 0001:00037390       _ItemParse_textscale       30038390 f   ui_shared.obj
 0001:000373d0       _ItemParse_textstyle       300383d0 f   ui_shared.obj
 0001:00037410       _ItemParse_backcolor       30038410 f   ui_shared.obj
 0001:00037470       _ItemParse_forecolor       30038470 f   ui_shared.obj
 0001:000374e0       _ItemParse_bordercolor     300384e0 f   ui_shared.obj
 0001:00037540       _ItemParse_outlinecolor    30038540 f   ui_shared.obj
 0001:00037580       _ItemParse_background      30038580 f   ui_shared.obj
 0001:000375d0       _ItemParse_cinematic       300385d0 f   ui_shared.obj
 0001:00037600       _ItemParse_doubleClick     30038600 f   ui_shared.obj
 0001:00037660       _ItemParse_onFocus         30038660 f   ui_shared.obj
 0001:000376a0       _ItemParse_leaveFocus      300386a0 f   ui_shared.obj
 0001:000376e0       _ItemParse_mouseEnter      300386e0 f   ui_shared.obj
 0001:00037720       _ItemParse_mouseExit       30038720 f   ui_shared.obj
 0001:00037760       _ItemParse_mouseEnterText  30038760 f   ui_shared.obj
 0001:000377a0       _ItemParse_mouseExitText   300387a0 f   ui_shared.obj
 0001:000377e0       _ItemParse_action          300387e0 f   ui_shared.obj
 0001:00037820       _ItemParse_special         30038820 f   ui_shared.obj
 0001:00037860       _ItemParse_cvarTest        30038860 f   ui_shared.obj
 0001:000378a0       _ItemParse_cvar            300388a0 f   ui_shared.obj
 0001:00037920       _ItemParse_maxChars        30038920 f   ui_shared.obj
 0001:00037980       _ItemParse_maxPaintChars   30038980 f   ui_shared.obj
 0001:000379e0       _ItemParse_cvarFloat       300389e0 f   ui_shared.obj
 0001:00037a80       _ItemParse_cvarStrList     30038a80 f   ui_shared.obj
 0001:00037c30       _ItemParse_cvarFloatList   30038c30 f   ui_shared.obj
 0001:00037dc0       _ItemParse_addColorRange   30038dc0 f   ui_shared.obj
 0001:00037e60       _ItemParse_ownerdrawFlag   30038e60 f   ui_shared.obj
 0001:00037ea0       _ItemParse_enableCvar      30038ea0 f   ui_shared.obj
 0001:00037ee0       _ItemParse_disableCvar     30038ee0 f   ui_shared.obj
 0001:00037f20       _ItemParse_showCvar        30038f20 f   ui_shared.obj
 0001:00037f60       _ItemParse_hideCvar        30038f60 f   ui_shared.obj
 0001:00037fa0       _Item_SetupKeywordHash     30038fa0 f   ui_shared.obj
 0001:00038000       _Item_Parse                30039000 f   ui_shared.obj
 0001:00038110       _Item_InitControls         30039110 f   ui_shared.obj
 0001:00038180       _MenuParse_font            30039180 f   ui_shared.obj
 0001:00038200       _MenuParse_name            30039200 f   ui_shared.obj
 0001:00038250       _MenuParse_fullscreen      30039250 f   ui_shared.obj
 0001:00038290       _MenuParse_rect            30039290 f   ui_shared.obj
 0001:000382d0       _MenuParse_style           300392d0 f   ui_shared.obj
 0001:00038310       _MenuParse_visible         30039310 f   ui_shared.obj
 0001:00038360       _MenuParse_onOpen          30039360 f   ui_shared.obj
 0001:000383a0       _MenuParse_onClose         300393a0 f   ui_shared.obj
 0001:000383e0       _MenuParse_onESC           300393e0 f   ui_shared.obj
 0001:00038420       _MenuParse_border          30039420 f   ui_shared.obj
 0001:00038460       _MenuParse_borderSize      30039460 f   ui_shared.obj
 0001:000384a0       _MenuParse_backcolor       300394a0 f   ui_shared.obj
 0001:00038500       _MenuParse_forecolor       30039500 f   ui_shared.obj
 0001:00038570       _MenuParse_bordercolor     30039570 f   ui_shared.obj
 0001:000385d0       _MenuParse_focuscolor      300395d0 f   ui_shared.obj
 0001:00038630       _MenuParse_disablecolor    30039630 f   ui_shared.obj
 0001:00038690       _MenuParse_outlinecolor    30039690 f   ui_shared.obj
 0001:000386d0       _MenuParse_background      300396d0 f   ui_shared.obj
 0001:00038720       _MenuParse_cinematic       30039720 f   ui_shared.obj
 0001:00038760       _MenuParse_ownerdrawFlag   30039760 f   ui_shared.obj
 0001:000387b0       _MenuParse_ownerdraw       300397b0 f   ui_shared.obj
 0001:000387f0       _MenuParse_popup           300397f0 f   ui_shared.obj
 0001:00038820       _MenuParse_outOfBounds     30039820 f   ui_shared.obj
 0001:00038850       _MenuParse_soundLoop       30039850 f   ui_shared.obj
 0001:00038890       _MenuParse_fadeClamp       30039890 f   ui_shared.obj
 0001:000388d0       _MenuParse_fadeAmount      300398d0 f   ui_shared.obj
 0001:00038910       _MenuParse_fadeCycle       30039910 f   ui_shared.obj
 0001:00038950       _MenuParse_itemDef         30039950 f   ui_shared.obj
 0001:00038a30       _Menu_SetupKeywordHash     30039a30 f   ui_shared.obj
 0001:00038a90       _Menu_Parse                30039a90 f   ui_shared.obj
 0001:00038bc0       _Menu_New                  30039bc0 f   ui_shared.obj
 0001:00038c30       _Menu_Count                30039c30 f   ui_shared.obj
 0001:00038c50       _Menu_PaintAll             30039c50 f   ui_shared.obj
 0001:00038d20       _Menu_Reset                30039d20 f   ui_shared.obj
 0001:00038d40       _Display_GetContext        30039d40 f   ui_shared.obj
 0001:00038d60       _Display_CaptureItem       30039d60 f   ui_shared.obj
 0001:00038dd0       _Display_MouseMove         30039dd0 f   ui_shared.obj
 0001:00038ea0       _Display_CursorType        30039ea0 f   ui_shared.obj
 0001:00038f40       _Display_HandleKey         30039f40 f   ui_shared.obj
 0001:00038f90       _Display_CacheAll          30039f90 f   ui_shared.obj
 0001:00039240       __fpmath                   3003a240 f   LIBCMTD:fpinit.obj
 0001:00039270       __fpclear                  3003a270 f   LIBCMTD:fpinit.obj
 0001:00039280       __cfltcvt_init             3003a280 f   LIBCMTD:fpinit.obj
 0001:000392d0       ___setfflag                3003a2d0 f   LIBCMTD:fpinit.obj
 0001:000392f0       __CIsin                    3003a2f0 f   LIBCMTD:sin.obj
 0001:00039304       _sin                       3003a304     LIBCMTD:sin.obj
 0001:000393a0       __CIcos                    3003a3a0 f   LIBCMTD:cos.obj
 0001:000393b4       _cos                       3003a3b4     LIBCMTD:cos.obj
 0001:00039450       _atof                      3003a450 f   LIBCMTD:atof.obj
 0001:000394a0       _fabs                      3003a4a0 f   LIBCMTD:fabs.obj
 0001:00039598       __ftol2                    3003a598 f   LIBCMTD:ftol2.obj
 0001:00039610       _memset                    3003a610 f   LIBCMTD:memset.obj
 0001:00039670       _abs                       3003a670 f   LIBCMTD:abs.obj
 0001:000396a0       __abs64                    3003a6a0 f   LIBCMTD:abs.obj
 0001:000396e0       __CIsqrt                   3003a6e0 f   LIBCMTD:sqrt.obj
 0001:000396f4       _sqrt                      3003a6f4     LIBCMTD:sqrt.obj
 0001:000397a0       _atol                      3003a7a0 f   LIBCMTD:atox.obj
 0001:000398b0       _atoi                      3003a8b0 f   LIBCMTD:atox.obj
 0001:000398d0       __atoi64                   3003a8d0 f   LIBCMTD:atox.obj
 0001:00039a10       _strlen                    3003aa10 f   LIBCMTD:strlen.obj
 0001:00039aa0       _srand                     3003aaa0 f   LIBCMTD:rand.obj
 0001:00039ab0       _rand                      3003aab0 f   LIBCMTD:rand.obj
 0001:00039af0       _memcpy                    3003aaf0 f   LIBCMTD:memcpy.obj
 0001:00039e30       _strcpy                    3003ae30 f   LIBCMTD:strcat.obj
 0001:00039e40       _strcat                    3003ae40 f   LIBCMTD:strcat.obj
 0001:00039f30       _vsprintf                  3003af30 f   LIBCMTD:vsprintf.obj
 0001:0003a020       __vscprintf                3003b020 f   LIBCMTD:vsprintf.obj
 0001:0003a0a0       _strcmp                    3003b0a0 f   LIBCMTD:strcmp.obj
 0001:0003a130       __alloca_probe             3003b130     LIBCMTD:chkstk.obj
 0001:0003a130       __chkstk                   3003b130 f   LIBCMTD:chkstk.obj
 0001:0003a170       _floor                     3003b170 f   LIBCMTD:floor_pentium4.obj
 0001:0003a1b0       __floor_pentium4           3003b1b0 f   LIBCMTD:floor_pentium4.obj
 0001:0003a2b0       _strchr                    3003b2b0 f   LIBCMTD:strchr.obj
 0001:0003a2b6       ___from_strstr_to_strchr   3003b2b6     LIBCMTD:strchr.obj
 0001:0003a370       __CIacos                   3003b370 f   LIBCMTD:acos.obj
 0001:0003a384       _acos                      3003b384     LIBCMTD:acos.obj
 0001:0003a440       _strncpy                   3003b440 f   LIBCMTD:strncpy.obj
 0001:0003a570       _strstr                    3003b570 f   LIBCMTD:strstr.obj
 0001:0003a600       _atan2                     3003b600 f   LIBCMTD:87ctriga.obj
 0001:0003a60a       __CIatan2                  3003b60a f   LIBCMTD:87ctriga.obj
 0001:0003a620       __CItan                    3003b620 f   LIBCMTD:tan.obj
 0001:0003a634       _tan                       3003b634     LIBCMTD:tan.obj
 0001:0003a6e0       __assert                   3003b6e0 f   LIBCMTD:assert.obj
 0001:0003ace0       __tolower                  3003bce0 f   LIBCMTD:tolower.obj
 0001:0003acf0       _tolower                   3003bcf0 f   LIBCMTD:tolower.obj
 0001:0003ad30       ___tolower_mt              3003bd30 f   LIBCMTD:tolower.obj
 0001:0003ae70       __toupper                  3003be70 f   LIBCMTD:toupper.obj
 0001:0003ae80       _toupper                   3003be80 f   LIBCMTD:toupper.obj
 0001:0003aec0       ___toupper_mt              3003bec0 f   LIBCMTD:toupper.obj
 0001:0003b000       _memmove                   3003c000 f   LIBCMTD:memmove.obj
 0001:0003b340       __CRT_INIT@12              3003c340 f   LIBCMTD:dllcrt0.obj
 0001:0003b590       __DllMainCRTStartup@12     3003c590 f   LIBCMTD:dllcrt0.obj
 0001:0003b710       __amsg_exit                3003c710 f   LIBCMTD:dllcrt0.obj
 0001:0003b750       __setdefaultprecision      3003c750 f   LIBCMTD:fp8.obj
 0001:0003b770       __ms_p5_test_fdiv          3003c770 f   LIBCMTD:testfdiv.obj
 0001:0003b7c0       __ms_p5_mp_test_fdiv       3003c7c0 f   LIBCMTD:testfdiv.obj
 0001:0003b810       __forcdecpt                3003c810 f   LIBCMTD:cvt.obj
 0001:0003b890       __cropzeros                3003c890 f   LIBCMTD:cvt.obj
 0001:0003b970       __positive                 3003c970 f   LIBCMTD:cvt.obj
 0001:0003b9a0       __fassign                  3003c9a0 f   LIBCMTD:cvt.obj
 0001:0003b9f0       __cftoe                    3003c9f0 f   LIBCMTD:cvt.obj
 0001:0003bbf0       __cftof                    3003cbf0 f   LIBCMTD:cvt.obj
 0001:0003bdb0       __cftog                    3003cdb0 f   LIBCMTD:cvt.obj
 0001:0003beb0       __cfltcvt                  3003ceb0 f   LIBCMTD:cvt.obj
 0001:0003bf40       __trandisp1                3003cf40 f   LIBCMTD:87disp.obj
 0001:0003bfa7       __trandisp2                3003cfa7 f   LIBCMTD:87disp.obj
 0001:0003c033       __rttospopde               3003d033     LIBCMTD:87disp.obj
 0001:0003c038       __rttospop                 3003d038     LIBCMTD:87disp.obj
 0001:0003c03a       __rtnospop                 3003d03a     LIBCMTD:87disp.obj
 0001:0003c03c       __rttosnpop                3003d03c     LIBCMTD:87disp.obj
 0001:0003c03d       __rtnospopde               3003d03d     LIBCMTD:87disp.obj
 0001:0003c044       __rtzeropop                3003d044     LIBCMTD:87disp.obj
 0001:0003c046       __rtzeronpop               3003d046     LIBCMTD:87disp.obj
 0001:0003c04b       __rtonepop                 3003d04b     LIBCMTD:87disp.obj
 0001:0003c04d       __rtonenpop                3003d04d     LIBCMTD:87disp.obj
 0001:0003c052       __tosnan1                  3003d052     LIBCMTD:87disp.obj
 0001:0003c07d       __nosnan2                  3003d07d     LIBCMTD:87disp.obj
 0001:0003c07f       __tosnan2                  3003d07f     LIBCMTD:87disp.obj
 0001:0003c0a7       __nan2                     3003d0a7     LIBCMTD:87disp.obj
 0001:0003c0e6       __rtindfpop                3003d0e6     LIBCMTD:87disp.obj
 0001:0003c0e8       __rtindfnpop               3003d0e8     LIBCMTD:87disp.obj
 0001:0003c0f9       __rttosnpopde              3003d0f9     LIBCMTD:87disp.obj
 0001:0003c103       __rtchsifneg               3003d103     LIBCMTD:87disp.obj
 0001:0003c110       __twoToTOS                 3003d110 f   LIBCMTD:common.obj
 0001:0003c125       __load_CW                  3003d125 f   LIBCMTD:common.obj
 0001:0003c13c       __convertTOStoQNaN         3003d13c f   LIBCMTD:common.obj
 0001:0003c155       __fload_withFB             3003d155 f   LIBCMTD:common.obj
 0001:0003c198       __checkTOS_withFB          3003d198 f   LIBCMTD:common.obj
 0001:0003c1ae       __fast_exit                3003d1ae f   LIBCMTD:common.obj
 0001:0003c1bb       __math_exit                3003d1bb f   LIBCMTD:common.obj
 0001:0003c1e5       __check_overflow_exit      3003d1e5 f   LIBCMTD:common.obj
 0001:0003c1f9       __check_range_exit         3003d1f9 f   LIBCMTD:common.obj
 0001:0003c2a0       __startTwoArgErrorHandling 3003d2a0 f   LIBCMTD:genexcep.obj
 0001:0003c2b7       __startOneArgErrorHandling 3003d2b7 f   LIBCMTD:genexcep.obj
 0001:0003c300       __fltin2                   3003d300 f   LIBCMTD:cfin.obj
 0001:0003c3e0       _isalpha                   3003d3e0 f   LIBCMTD:_ctype.obj
 0001:0003c450       _isupper                   3003d450 f   LIBCMTD:_ctype.obj
 0001:0003c4b0       _islower                   3003d4b0 f   LIBCMTD:_ctype.obj
 0001:0003c510       _isdigit                   3003d510 f   LIBCMTD:_ctype.obj
 0001:0003c570       _isxdigit                  3003d570 f   LIBCMTD:_ctype.obj
 0001:0003c5e0       _isspace                   3003d5e0 f   LIBCMTD:_ctype.obj
 0001:0003c640       _ispunct                   3003d640 f   LIBCMTD:_ctype.obj
 0001:0003c6a0       _isalnum                   3003d6a0 f   LIBCMTD:_ctype.obj
 0001:0003c710       _isprint                   3003d710 f   LIBCMTD:_ctype.obj
 0001:0003c780       _isgraph                   3003d780 f   LIBCMTD:_ctype.obj
 0001:0003c7f0       _iscntrl                   3003d7f0 f   LIBCMTD:_ctype.obj
 0001:0003c850       ___isascii                 3003d850 f   LIBCMTD:_ctype.obj
 0001:0003c860       ___toascii                 3003d860 f   LIBCMTD:_ctype.obj
 0001:0003c870       ___iscsymf                 3003d870 f   LIBCMTD:_ctype.obj
 0001:0003c8b0       ___iscsym                  3003d8b0 f   LIBCMTD:_ctype.obj
 0001:0003c8f0       __handle_qnan1             3003d8f0 f   LIBCMTD:fpexcept.obj
 0001:0003c950       __handle_qnan2             3003d950 f   LIBCMTD:fpexcept.obj
 0001:0003c9c0       __except1                  3003d9c0 f   LIBCMTD:fpexcept.obj
 0001:0003cac0       __except2                  3003dac0 f   LIBCMTD:fpexcept.obj
 0001:0003cbd0       __raise_exc                3003dbd0 f   LIBCMTD:fpexcept.obj
 0001:0003d080       __handle_exc               3003e080 f   LIBCMTD:fpexcept.obj
 0001:0003d3a0       __umatherr                 3003e3a0 f   LIBCMTD:fpexcept.obj
 0001:0003d440       __set_errno                3003e440 f   LIBCMTD:fpexcept.obj
 0001:0003d4c0       __errcode                  3003e4c0 f   LIBCMTD:fpexcept.obj
 0001:0003d530       __set_exp                  3003e530 f   LIBCMTD:util.obj
 0001:0003d570       __get_exp                  3003e570 f   LIBCMTD:util.obj
 0001:0003d5a0       __add_exp                  3003e5a0 f   LIBCMTD:util.obj
 0001:0003d5d0       __set_bexp                 3003e5d0 f   LIBCMTD:util.obj
 0001:0003d600       __sptype                   3003e600 f   LIBCMTD:util.obj
 0001:0003d680       __decomp                   3003e680 f   LIBCMTD:util.obj
 0001:0003d7b0       __statfp                   3003e7b0 f   LIBCMTD:fpctrl.obj
 0001:0003d7c0       __clrfp                    3003e7c0 f   LIBCMTD:fpctrl.obj
 0001:0003d7e0       __ctrlfp                   3003e7e0 f   LIBCMTD:fpctrl.obj
 0001:0003d810       __set_statfp               3003e810 f   LIBCMTD:fpctrl.obj
 0001:0003d880       __chvalidator              3003e880 f   LIBCMTD:isctype.obj
 0001:0003d8c0       __chvalidator_mt           3003e8c0 f   LIBCMTD:isctype.obj
 0001:0003d900       __isctype                  3003e900 f   LIBCMTD:isctype.obj
 0001:0003d940       ___isctype_mt              3003e940 f   LIBCMTD:isctype.obj
 0001:0003da00       ____setlc_active_func      3003ea00 f   LIBCMTD:setlocal.obj
 0001:0003da10       ____unguarded_readlc_active_add_func 3003ea10 f   LIBCMTD:setlocal.obj
 0001:0003da20       ___freetlocinfo            3003ea20 f   LIBCMTD:setlocal.obj
 0001:0003dba0       ___updatetlocinfo          3003eba0 f   LIBCMTD:setlocal.obj
 0001:0003dde0       _setlocale                 3003ede0 f   LIBCMTD:setlocal.obj
 0001:0003e890       __expandlocale             3003f890 f   LIBCMTD:setlocal.obj
 0001:0003ea70       ___init_dummy              3003fa70 f   LIBCMTD:setlocal.obj
 0001:0003ea80       __strcats                  3003fa80 f   LIBCMTD:setlocal.obj
 0001:0003ead0       ___lc_strtolc              3003fad0 f   LIBCMTD:setlocal.obj
 0001:0003ec40       ___lc_lctostr              3003fc40 f   LIBCMTD:setlocal.obj
 0001:0003ecb0       ___crtTlsAlloc@4           3003fcb0 f   LIBCMTD:tidtable.obj
 0001:0003ecc0       __mtinit                   3003fcc0 f   LIBCMTD:tidtable.obj
 0001:0003ee10       __mtterm                   3003fe10 f   LIBCMTD:tidtable.obj
 0001:0003ee40       __initptd                  3003fe40 f   LIBCMTD:tidtable.obj
 0001:0003ee60       __getptd                   3003fe60 f   LIBCMTD:tidtable.obj
 0001:0003ef00       __freefls@4                3003ff00 f   LIBCMTD:tidtable.obj
 0001:0003f180       __freeptd                  30040180 f   LIBCMTD:tidtable.obj
 0001:0003f1c0       ___threadid                300401c0 f   LIBCMTD:tidtable.obj
 0001:0003f1d0       ___threadhandle            300401d0 f   LIBCMTD:tidtable.obj
 0001:0003f1e0       __allmul                   300401e0 f   LIBCMTD:llmul.obj
 0001:0003f220       __flsbuf                   30040220 f   LIBCMTD:_flsbuf.obj
 0001:0003f480       __output                   30040480 f   LIBCMTD:output.obj
 0001:00040400       __CrtDbgBreak              30041400 f   LIBCMTD:dbgrpt.obj
 0001:00040410       __CrtSetReportMode         30041410 f   LIBCMTD:dbgrpt.obj
 0001:00040470       __CrtSetReportFile         30041470 f   LIBCMTD:dbgrpt.obj
 0001:000404f0       __CrtSetReportHook         300414f0 f   LIBCMTD:dbgrpt.obj
 0001:00040510       __CrtSetReportHook2        30041510 f   LIBCMTD:dbgrpt.obj
 0001:00040760       __CrtDbgReport             30041760 f   LIBCMTD:dbgrpt.obj
 0001:00040ed0       ___libm_error_support      30041ed0 f   LIBCMTD:libm_error.obj
 0001:000418e0       ___sse2_available_init     300428e0 f   LIBCMTD:cpu_disp.obj
 0001:00041a70       __set_SSE2_enable          30042a70 f   LIBCMTD:cpu_disp.obj
 0001:00041a90       __floor_default            30042a90 f   LIBCMTD:floor.obj
 0001:00041bec       __fFATN2                   30042bec     LIBCMTD:87triga.obj
 0001:00041c3c       __rtpiby2                  30042c3c     LIBCMTD:87triga.obj
 0001:00041c80       __cintrindisp2             30042c80 f   LIBCMTD:87cdisp.obj
 0001:00041cbe       __cintrindisp1             30042cbe f   LIBCMTD:87cdisp.obj
 0001:00041cfb       __ctrandisp2               30042cfb f   LIBCMTD:87cdisp.obj
 0001:00041e91       __ctrandisp1               30042e91 f   LIBCMTD:87cdisp.obj
 0001:00041ec4       __fload                    30042ec4 f   LIBCMTD:87cdisp.obj
 0001:00041f00       _abort                     30042f00 f   LIBCMTD:abort.obj
 0001:00041f20       __cinit                    30042f20 f   LIBCMTD:crt0dat.obj
 0001:00041f80       _exit                      30042f80 f   LIBCMTD:crt0dat.obj
 0001:00041fa0       __exit                     30042fa0 f   LIBCMTD:crt0dat.obj
 0001:00041fc0       __cexit                    30042fc0 f   LIBCMTD:crt0dat.obj
 0001:00041fe0       __c_exit                   30042fe0 f   LIBCMTD:crt0dat.obj
 0001:00042130       ___crtExitProcess          30043130 f   LIBCMTD:crt0dat.obj
 0001:00042180       __lockexit                 30043180 f   LIBCMTD:crt0dat.obj
 0001:00042190       __unlockexit               30043190 f   LIBCMTD:crt0dat.obj
 0001:00042210       _signal                    30043210 f   LIBCMTD:winsig.obj
 0001:00042550       _raise                     30043550 f   LIBCMTD:winsig.obj
 0001:00042810       ___fpecode                 30043810 f   LIBCMTD:winsig.obj
 0001:00042820       ___pxcptinfoptrs           30043820 f   LIBCMTD:winsig.obj
 0001:00042830       ___crtMessageBoxA          30043830 f   LIBCMTD:crtmbox.obj
 0001:000429a0       __itoa                     300439a0 f   LIBCMTD:xtoa.obj
 0001:00042ac0       __ltoa                     30043ac0 f   LIBCMTD:xtoa.obj
 0001:00042b00       __ultoa                    30043b00 f   LIBCMTD:xtoa.obj
 0001:00042b20       __i64toa                   30043b20 f   LIBCMTD:xtoa.obj
 0001:00042c70       __ui64toa                  30043c70 f   LIBCMTD:xtoa.obj
 0001:00042c90       _strncat                   30043c90 f   LIBCMTD:strncat.obj
 0001:00042dd0       _fflush                    30043dd0 f   LIBCMTD:fflush.obj
 0001:00042e60       __fflush_lk                30043e60 f   LIBCMTD:fflush.obj
 0001:00042ea0       __flush                    30043ea0 f   LIBCMTD:fflush.obj
 0001:00042f60       __flushall                 30043f60 f   LIBCMTD:fflush.obj
 0001:00043100       _fprintf                   30044100 f   LIBCMTD:fprintf.obj
 0001:000431f0       _setvbuf                   300441f0 f   LIBCMTD:setvbuf.obj
 0001:00043390       ___iob_func                30044390 f   LIBCMTD:_file.obj
 0001:000433a0       ___initstdio               300443a0 f   LIBCMTD:_file.obj
 0001:000434d0       ___endstdio                300444d0 f   LIBCMTD:_file.obj
 0001:000434f0       __lock_file                300444f0 f   LIBCMTD:_file.obj
 0001:00043530       __lock_file2               30044530 f   LIBCMTD:_file.obj
 0001:00043560       __unlock_file              30044560 f   LIBCMTD:_file.obj
 0001:000435a0       __unlock_file2             300445a0 f   LIBCMTD:_file.obj
 0001:000435d0       @__security_check_cookie@4 300445d0 f   LIBCMTD:secchk.obj
 0001:00043650       ___crtLCMapStringA         30044650 f   LIBCMTD:a_map.obj
 0001:00043c10       _malloc                    30044c10 f   LIBCMTD:dbgheap.obj
 0001:00043c40       __malloc_dbg               30044c40 f   LIBCMTD:dbgheap.obj
 0001:00043c70       __nh_malloc                30044c70 f   LIBCMTD:dbgheap.obj
 0001:00043c90       __nh_malloc_dbg            30044c90 f   LIBCMTD:dbgheap.obj
 0001:00043d30       __heap_alloc               30044d30 f   LIBCMTD:dbgheap.obj
 0001:00043d50       __heap_alloc_dbg           30044d50 f   LIBCMTD:dbgheap.obj
 0001:00044070       _calloc                    30045070 f   LIBCMTD:dbgheap.obj
 0001:000440a0       __calloc_dbg               300450a0 f   LIBCMTD:dbgheap.obj
 0001:00044100       _realloc                   30045100 f   LIBCMTD:dbgheap.obj
 0001:00044130       __realloc_dbg              30045130 f   LIBCMTD:dbgheap.obj
 0001:000446d0       __expand                   300456d0 f   LIBCMTD:dbgheap.obj
 0001:00044700       __expand_dbg               30045700 f   LIBCMTD:dbgheap.obj
 0001:00044790       _free                      30045790 f   LIBCMTD:dbgheap.obj
 0001:000447b0       __free_lk                  300457b0 f   LIBCMTD:dbgheap.obj
 0001:000447d0       __free_dbg                 300457d0 f   LIBCMTD:dbgheap.obj
 0001:00044840       __free_dbg_lk              30045840 f   LIBCMTD:dbgheap.obj
 0001:00044c50       __msize                    30045c50 f   LIBCMTD:dbgheap.obj
 0001:00044c70       __msize_dbg                30045c70 f   LIBCMTD:dbgheap.obj
 0001:00044de0       __CrtSetBreakAlloc         30045de0 f   LIBCMTD:dbgheap.obj
 0001:00044e00       __CrtSetDbgBlockType       30045e00 f   LIBCMTD:dbgheap.obj
 0001:00044ee0       __CrtSetAllocHook          30045ee0 f   LIBCMTD:dbgheap.obj
 0001:00044f50       __CrtCheckMemory           30045f50 f   LIBCMTD:dbgheap.obj
 0001:000452c0       __CrtSetDbgFlag            300462c0 f   LIBCMTD:dbgheap.obj
 0001:00045370       __CrtDoForAllClientObjects 30046370 f   LIBCMTD:dbgheap.obj
 0001:00045420       __CrtIsValidPointer        30046420 f   LIBCMTD:dbgheap.obj
 0001:00045470       __CrtIsValidHeapPointer    30046470 f   LIBCMTD:dbgheap.obj
 0001:00045520       __CrtIsMemoryBlock         30046520 f   LIBCMTD:dbgheap.obj
 0001:00045650       __CrtReportBlockType       30046650 f   LIBCMTD:dbgheap.obj
 0001:00045680       __CrtSetDumpClient         30046680 f   LIBCMTD:dbgheap.obj
 0001:000456a0       __CrtMemCheckpoint         300466a0 f   LIBCMTD:dbgheap.obj
 0001:00045840       __CrtMemDifference         30046840 f   LIBCMTD:dbgheap.obj
 0001:00045960       __CrtMemDumpAllObjectsSince 30046960 f   LIBCMTD:dbgheap.obj
 0001:00045d60       __CrtDumpMemoryLeaks       30046d60 f   LIBCMTD:dbgheap.obj
 0001:00045dd0       __CrtMemDumpStatistics     30046dd0 f   LIBCMTD:dbgheap.obj
 0001:00045e80       __aligned_malloc           30046e80 f   LIBCMTD:dbgheap.obj
 0001:00045ea0       __aligned_malloc_dbg       30046ea0 f   LIBCMTD:dbgheap.obj
 0001:00045ec0       __aligned_realloc          30046ec0 f   LIBCMTD:dbgheap.obj
 0001:00045ee0       __aligned_realloc_dbg      30046ee0 f   LIBCMTD:dbgheap.obj
 0001:00045f10       __aligned_offset_malloc    30046f10 f   LIBCMTD:dbgheap.obj
 0001:00045f30       __aligned_offset_malloc_dbg 30046f30 f   LIBCMTD:dbgheap.obj
 0001:00046070       __aligned_offset_realloc   30047070 f   LIBCMTD:dbgheap.obj
 0001:000460a0       __aligned_offset_realloc_dbg 300470a0 f   LIBCMTD:dbgheap.obj
 0001:00046300       __aligned_free             30047300 f   LIBCMTD:dbgheap.obj
 0001:00046320       __aligned_free_dbg         30047320 f   LIBCMTD:dbgheap.obj
 0001:000463d0       __ioinit                   300473d0 f   LIBCMTD:ioinit.obj
 0001:00046760       __ioterm                   30047760 f   LIBCMTD:ioinit.obj
 0001:00046800       __setenvp                  30047800 f   LIBCMTD:stdenvp.obj
 0001:00046980       __setargv                  30047980 f   LIBCMTD:stdargv.obj
 0001:00046de0       ___crtGetEnvironmentStringsA 30047de0 f   LIBCMTD:a_env.obj
 0001:00047000       __RTC_Initialize           30048000 f   LIBCMTD:initsect.obj
 0001:00047080       __RTC_Terminate            30048080 f   LIBCMTD:initsect.obj
 0001:00047100       ___heap_select             30048100 f   LIBCMTD:heapinit.obj
 0001:00047130       __heap_init                30048130 f   LIBCMTD:heapinit.obj
 0001:000471a0       __heap_term                300481a0 f   LIBCMTD:heapinit.obj
 0001:00047250       __get_heap_handle          30048250 f   LIBCMTD:heapinit.obj
 0001:00047260       ___CppXcptFilter           30048260 f   LIBCMTD:winxfltr.obj
 0001:00047290       __XcptFilter               30048290 f   LIBCMTD:winxfltr.obj
 0001:000474b0       _DllMain@12                300484b0 f   LIBCMTD:dllmain.obj
 0001:000474bc       __global_unwind2           300484bc f   LIBCMTD:exsup.obj
 0001:000474fe       __local_unwind2            300484fe f   LIBCMTD:exsup.obj
 0001:00047556       __NLG_Return2              30048556     LIBCMTD:exsup.obj
 0001:00047566       __abnormal_termination     30048566 f   LIBCMTD:exsup.obj
 0001:00047589       __NLG_Notify1              30048589 f   LIBCMTD:exsup.obj
 0001:00047592       __NLG_Notify               30048592 f   LIBCMTD:exsup.obj
 0001:000475a5       __NLG_Dispatch             300485a5     LIBCMTD:exsup.obj
 0001:000475b4       __except_handler3          300485b4 f   LIBCMTD:exsup3.obj
 0001:0004769a       __seh_longjmp_unwind@4     3004869a f   LIBCMTD:exsup3.obj
 0001:000476c0       __FF_MSGBANNER             300486c0 f   LIBCMTD:crt0msg.obj
 0001:00047710       __NMSG_WRITE               30048710 f   LIBCMTD:crt0msg.obj
 0001:00047920       __GET_RTERRMSG             30048920 f   LIBCMTD:crt0msg.obj
 0001:00047970       __statusfp                 30048970 f   LIBCMTD:ieee87.obj
 0001:00047990       __clearfp                  30048990 f   LIBCMTD:ieee87.obj
 0001:000479b0       __control87                300489b0 f   LIBCMTD:ieee87.obj
 0001:00047a00       __controlfp                30048a00 f   LIBCMTD:ieee87.obj
 0001:00047a20       __fpreset                  30048a20 f   LIBCMTD:ieee87.obj
 0001:00047db0       __ZeroTail                 30048db0 f   LIBCMTD:intrncvt.obj
 0001:00047e40       __IncMan                   30048e40 f   LIBCMTD:intrncvt.obj
 0001:00047ef0       __RoundMan                 30048ef0 f   LIBCMTD:intrncvt.obj
 0001:00047fd0       __CopyMan                  30048fd0 f   LIBCMTD:intrncvt.obj
 0001:00048020       __FillZeroMan              30049020 f   LIBCMTD:intrncvt.obj
 0001:00048050       __IsZeroMan                30049050 f   LIBCMTD:intrncvt.obj
 0001:00048090       __ShrMan                   30049090 f   LIBCMTD:intrncvt.obj
 0001:00048180       __ld12cvt                  30049180 f   LIBCMTD:intrncvt.obj
 0001:000483c0       __ld12tod                  300493c0 f   LIBCMTD:intrncvt.obj
 0001:000483e0       __ld12tof                  300493e0 f   LIBCMTD:intrncvt.obj
 0001:00048400       __ld12told                 30049400 f   LIBCMTD:intrncvt.obj
 0001:000484b0       __atodbl                   300494b0 f   LIBCMTD:intrncvt.obj
 0001:00048500       __atoldbl                  30049500 f   LIBCMTD:intrncvt.obj
 0001:00048550       __atoflt                   30049550 f   LIBCMTD:intrncvt.obj
 0001:000485a0       __fptostr                  300495a0 f   LIBCMTD:_fptostr.obj
 0001:000486a0       __fltout2                  300496a0 f   LIBCMTD:cfout.obj
 0001:00048730       ___dtold                   30049730 f   LIBCMTD:cfout.obj
 0001:00048880       __fptrap                   30049880 f   LIBCMTD:crt0fp.obj
 0001:00048890       __87except                 30049890 f   LIBCMTD:87except.obj
 0001:00048a40       ___strgtold12              30049a40 f   LIBCMTD:strgtold.obj
 0001:00049440       ___STRINGTOLD              3004a440 f   LIBCMTD:strgtold.obj
 0001:000494a0       __dosmaperr                3004a4a0 f   LIBCMTD:dosmap.obj
 0001:00049540       __errno                    3004a540 f   LIBCMTD:dosmap.obj
 0001:00049550       ___doserrno                3004a550 f   LIBCMTD:dosmap.obj
 0001:00049560       __matherr                  3004a560 f   LIBCMTD:matherr.obj
 0001:00049570       ___pwctype_func            3004a570 f   LIBCMTD:ctype.obj
 0001:00049580       ___pctype_func             3004a580 f   LIBCMTD:ctype.obj
 0001:00049590       ___crtGetStringTypeA       3004a590 f   LIBCMTD:a_str.obj
 0001:00049830       __Getdays                  3004a830 f   LIBCMTD:strftime.obj
 0001:00049960       __Getmonths                3004a960 f   LIBCMTD:strftime.obj
 0001:00049a90       __Gettnames                3004aa90 f   LIBCMTD:strftime.obj
 0001:00049e20       _strftime                  3004ae20 f   LIBCMTD:strftime.obj
 0001:00049e40       __Strftime                 3004ae40 f   LIBCMTD:strftime.obj
 0001:00049e90       __Strftime_mt              3004ae90 f   LIBCMTD:strftime.obj
 0001:0004b0b0       _localeconv                3004c0b0 f   LIBCMTD:lconv.obj
 0001:0004b0c0       ___init_time               3004c0c0 f   LIBCMTD:inittime.obj
 0001:0004b6d0       ___free_lc_time            3004c6d0 f   LIBCMTD:inittime.obj
 0001:0004b9e0       ___init_numeric            3004c9e0 f   LIBCMTD:initnum.obj
 0001:0004bd20       ___free_lconv_num          3004cd20 f   LIBCMTD:initnum.obj
 0001:0004bdc0       ___init_monetary           3004cdc0 f   LIBCMTD:initmon.obj
 0001:0004c1c0       ___free_lconv_mon          3004d1c0 f   LIBCMTD:initmon.obj
 0001:0004c320       ___init_ctype              3004d320 f   LIBCMTD:initctyp.obj
 0001:0004c5e0       ____mb_cur_max_func        3004d5e0 f   LIBCMTD:initctyp.obj
 0001:0004c5f0       ____lc_codepage_func       3004d5f0 f   LIBCMTD:initctyp.obj
 0001:0004c620       ____lc_collate_cp_func     3004d620 f   LIBCMTD:initctyp.obj
 0001:0004c650       ____lc_handle_func         3004d650 f   LIBCMTD:initctyp.obj
 0001:0004c680       ___init_collate            3004d680 f   LIBCMTD:initcoll.obj
 0001:0004c690       __mtinitlocks              3004d690 f   LIBCMTD:mlock.obj
 0001:0004c720       __mtdeletelocks            3004d720 f   LIBCMTD:mlock.obj
 0001:0004c7e0       __mtinitlocknum            3004d7e0 f   LIBCMTD:mlock.obj
 0001:0004c900       __lock                     3004d900 f   LIBCMTD:mlock.obj
 0001:0004c940       __unlock                   3004d940 f   LIBCMTD:mlock.obj
 0001:0004c960       __lockerr_exit             3004d960 f   LIBCMTD:mlock.obj
 0001:0004c980       _strcspn                   3004d980 f   LIBCMTD:strcspn.obj
 0001:0004c9d0       _strncmp                   3004d9d0 f   LIBCMTD:strncmp.obj
 0001:0004ca10       _strpbrk                   3004da10 f   LIBCMTD:strpbrk.obj
 0001:0004ca50       _memcmp                    3004da50 f   LIBCMTD:memcmp.obj
 0001:0004cb10       ___get_qualified_locale    3004db10 f   LIBCMTD:getqloc.obj
 0001:0004d940       ___updatetmbcinfo          3004e940 f   LIBCMTD:mbctype.obj
 0001:0004da10       __setmbcp                  3004ea10 f   LIBCMTD:mbctype.obj
 0001:0004e350       __getmbcp                  3004f350 f   LIBCMTD:mbctype.obj
 0001:0004e370       ___initmbctable            3004f370 f   LIBCMTD:mbctype.obj
 0001:0004e3a0       __lseek                    3004f3a0 f   LIBCMTD:lseek.obj
 0001:0004e4b0       __lseek_lk                 3004f4b0 f   LIBCMTD:lseek.obj
 0001:0004e570       __write                    3004f570 f   LIBCMTD:write.obj
 0001:0004e680       __write_lk                 3004f680 f   LIBCMTD:write.obj
 0001:0004e970       __getbuf                   3004f970 f   LIBCMTD:_getbuf.obj
 0001:0004ea30       __isatty                   3004fa30 f   LIBCMTD:isatty.obj
 0001:0004ea70       _wctomb                    3004fa70 f   LIBCMTD:wctomb.obj
 0001:0004eab0       ___wctomb_mt               3004fab0 f   LIBCMTD:wctomb.obj
 0001:0004eb50       __aulldiv                  3004fb50 f   LIBCMTD:ulldiv.obj
 0001:0004ebc0       __aullrem                  3004fbc0 f   LIBCMTD:ullrem.obj
 0001:0004ec40       __snprintf                 3004fc40 f   LIBCMTD:snprintf.obj
 0001:0004ed30       __vsnprintf                3004fd30 f   LIBCMTD:vsnprint.obj
 0001:0004ee00       __frnd                     3004fe00 f   LIBCMTD:frnd.obj
 0001:0004ee20       __onexit                   3004fe20 f   LIBCMTD:onexit.obj
 0001:0004ef80       _atexit                    3004ff80 f   LIBCMTD:onexit.obj
 0001:0004efa0       ___onexitinit              3004ffa0 f   LIBCMTD:onexit.obj
 0001:0004eff0       __commit                   3004fff0 f   LIBCMTD:commit.obj
 0001:0004f100       __stbuf                    30050100 f   LIBCMTD:_sftbuf.obj
 0001:0004f250       __ftbuf                    30050250 f   LIBCMTD:_sftbuf.obj
 0001:0004f2e0       __freebuf                  300502e0 f   LIBCMTD:_freebuf.obj
 0001:0004f370       __fcloseall                30050370 f   LIBCMTD:closeall.obj
 0001:0004f490       ___security_init_cookie    30050490 f   LIBCMTD:seccinit.obj
 0001:0004f530       ___security_error_handler  30050530 f   LIBCMTD:secfail.obj
 0001:0004f760       __set_security_error_handler 30050760 f   LIBCMTD:secfail.obj
 0001:0004f780       ___buffer_overrun          30050780 f   LIBCMTD:secfail.obj
 0001:0004f7a0       ___set_buffer_overrun_handler 300507a0 f   LIBCMTD:secfail.obj
 0001:0004f7c0       __resetstkoflw             300507c0 f   LIBCMTD:resetstk.obj
[...]
 0001:000045f0       _PM_Animate                300055f0 f   bg_pmove.obj
 0001:00004640       _PM_DropTimers             30005640 f   bg_pmove.obj
 0001:00005060       _CrossProduct              30006060 f   bg_slidemove.obj
 0001:00005550       _CG_SizeUp_f               30006550 f   cg_consolecmds.obj
 0001:00005590       _CG_SizeDown_f             30006590 f   cg_consolecmds.obj
 0001:000055d0       _CG_Viewpos_f              300065d0 f   cg_consolecmds.obj
 0001:00005620       _CG_ScoresDown_f           30006620 f   cg_consolecmds.obj
 0001:00005690       _CG_ScoresUp_f             30006690 f   cg_consolecmds.obj
 0001:000056c0       _CG_TellTarget_f           300066c0 f   cg_consolecmds.obj
 0001:00005730       _CG_TellAttacker_f         30006730 f   cg_consolecmds.obj
 0001:000057a0       _CG_VoiceTellTarget_f      300067a0 f   cg_consolecmds.obj
 0001:00005810       _CG_VoiceTellAttacker_f    30006810 f   cg_consolecmds.obj
 0001:00005880       _CG_StartOrbit_f           30006880 f   cg_consolecmds.obj
 0001:000062e0       _CG_Draw2D                 300072e0 f   cg_draw.obj
 0001:000063d0       _CG_DrawStatusBar          300073d0 f   cg_draw.obj
 0001:000067b0       _CG_DrawField              300077b0 f   cg_draw.obj
 0001:000069b0       _CG_DrawStatusBarHead      300079b0 f   cg_draw.obj
 0001:00006cf0       _CG_DrawStatusBarFlag      30007cf0 f   cg_draw.obj
 0001:00006d30       _CG_DrawUpperRight         30007d30 f   cg_draw.obj
 0001:00006dd0       _CG_DrawAttacker           30007dd0 f   cg_draw.obj
 0001:00006f10       _CG_DrawSnapshot           30007f10 f   cg_draw.obj
 0001:00006fa0       _CG_DrawFPS                30007fa0 f   cg_draw.obj
 0001:000070b0       _CG_DrawTimer              300080b0 f   cg_draw.obj
 0001:00007180       _CG_DrawTeamOverlay        30008180 f   cg_draw.obj
 0001:000076c0       _CG_DrawLowerRight         300086c0 f   cg_draw.obj
 0001:00007720       _CG_DrawScores             30008720 f   cg_draw.obj
 0001:00007d90       _CG_DrawPowerups           30008d90 f   cg_draw.obj
 0001:00008160       _CG_DrawLowerLeft          30009160 f   cg_draw.obj
 0001:000081c0       _CG_DrawPickupItem         300091c0 f   cg_draw.obj
 0001:000082a0       _CG_DrawTeamInfo           300092a0 f   cg_draw.obj
 0001:000084c0       _CG_DrawHoldableItem       300094c0 f   cg_draw.obj
 0001:00008520       _CG_DrawReward             30009520 f   cg_draw.obj
 0001:00008740       _CG_DrawLagometer          30009740 f   cg_draw.obj
 0001:00008b00       _CG_DrawDisconnect         30009b00 f   cg_draw.obj
 0001:00008bd0       _CG_DrawCenterString       30009bd0 f   cg_draw.obj
 0001:00008d70       _CG_DrawCrosshair          30009d70 f   cg_draw.obj
 0001:00008f00       _CG_DrawCrosshairNames     30009f00 f   cg_draw.obj
 0001:00008fe0       _CG_ScanForCrosshairEntity 30009fe0 f   cg_draw.obj
 0001:000090c0       _CG_DrawSpectator          3000a0c0 f   cg_draw.obj
 0001:00009140       _CG_DrawVote               3000a140 f   cg_draw.obj
 0001:000091f0       _CG_DrawTeamVote           3000a1f0 f   cg_draw.obj
 0001:000092f0       _CG_DrawScoreboard         3000a2f0 f   cg_draw.obj
 0001:00009310       _CG_DrawIntermission       3000a310 f   cg_draw.obj
 0001:00009350       _CG_DrawFollow             3000a350 f   cg_draw.obj
 0001:00009420       _CG_DrawAmmoWarning        3000a420 f   cg_draw.obj
 0001:000094a0       _CG_DrawWarmup             3000a4a0 f   cg_draw.obj
 0001:00009840       _CG_DrawTourneyScoreboard  3000a840 f   cg_draw.obj
 0001:0000a060       _CG_TileClearBox           3000b060 f   cg_drawtools.obj
 0001:0000a430       _UI_DrawBannerString2      3000b430 f   cg_drawtools.obj
 0001:0000a8a0       _UI_DrawProportionalString2 3000b8a0 f   cg_drawtools.obj
 0001:0000c830       _CG_CalcEntityLerpPositions 3000d830 f   cg_ents.obj
 0001:0000c940       _CG_InterpolateEntityPosition 3000d940 f   cg_ents.obj
 0001:0000ca80       _CG_AddCEntity             3000da80 f   cg_ents.obj
 0001:0000cbb0       _CG_EntityEffects          3000dbb0 f   cg_ents.obj
 0001:0000ccc0       _CG_General                3000dcc0 f   cg_ents.obj
 0001:0000cdd0       _CG_Speaker                3000ddd0 f   cg_ents.obj
 0001:0000ce90       _CG_Item                   3000de90 f   cg_ents.obj
 0001:0000d4f0       _CG_Missile                3000e4f0 f   cg_ents.obj
 0001:0000d7b0       _CG_Grapple                3000e7b0 f   cg_ents.obj
 0001:0000d920       _CG_Mover                  3000e920 f   cg_ents.obj
 0001:0000da60       _CG_Portal                 3000ea60 f   cg_ents.obj
 0001:0000dba0       _CrossProduct              3000eba0 f   cg_ents.obj
 0001:0000dc10       _CG_TeamBase               3000ec10 f   cg_ents.obj
 0001:0000f520       _CG_Obituary               30010520 f   cg_event.obj
 0001:0000fa70       _CG_UseItem                30010a70 f   cg_event.obj
 0001:0000fb90       _CG_ItemPickup             30010b90 f   cg_event.obj
 0001:00010410       _CG_DrawLoadingIcons       30011410 f   cg_info.obj
 0001:000110e0       _VectorLength              300120e0 f   cg_localents.obj
 0001:00011130       _CrossProduct              30012130 f   cg_localents.obj
 0001:000112c0       _CG_AddMoveScaleFade       300122c0 f   cg_localents.obj
 0001:00011410       _CG_AddScaleFade           30012410 f   cg_localents.obj
 0001:000114f0       _CG_AddFallScaleFade       300124f0 f   cg_localents.obj
 0001:000115f0       _CG_AddExplosion           300125f0 f   cg_localents.obj
 0001:000116d0       _CG_AddSpriteExplosion     300126d0 f   cg_localents.obj
 0001:00011b40       _CG_ForceModelChange       30012b40 f   cg_main.obj
 0001:00012130       _CG_RegisterSounds         30013130 f   cg_main.obj
 0001:000129b0       _CG_RegisterItemSounds     300139b0 f   cg_main.obj
 0001:00012ad0       _CG_RegisterGraphics       30013ad0 f   cg_main.obj
 0001:00013370       _CG_RegisterClients        30014370 f   cg_main.obj
 0001:00013a30       _CrossProduct              30014a30 f   cg_marks.obj
 0001:00016060       _Distance                  30017060 f   cg_marks.obj
 0001:000160b0       _VectorLength              300170b0 f   cg_marks.obj
 0001:00019190       _CG_ColorFromString        3001a190 f   cg_players.obj
 0001:00019230       _CG_LoadClientInfo         3001a230 f   cg_players.obj
 0001:00019560       _CG_RegisterClientModelname 3001a560 f   cg_players.obj
 0001:000199d0       _CG_ParseAnimationFile     3001a9d0 f   cg_players.obj
 0001:0001a220       _CG_FindClientHeadFile     3001b220 f   cg_players.obj
 0001:0001a470       _CG_FileExists             3001b470 f   cg_players.obj
 0001:0001a4b0       _CG_RegisterClientSkin     3001b4b0 f   cg_players.obj
 0001:0001a610       _CG_FindClientModelFile    3001b610 f   cg_players.obj
 0001:0001a850       _CG_ScanForExistingClientInfo 3001b850 f   cg_players.obj
 0001:0001a9c0       _CG_CopyClientInfoModel    3001b9c0 f   cg_players.obj
 0001:0001ab00       _CG_SetDeferredClientInfo  3001bb00 f   cg_players.obj
 0001:0001b3d0       _CG_PlayerAnimation        3001c3d0 f   cg_players.obj
 0001:0001b530       _CG_RunLerpFrame           3001c530 f   cg_players.obj
 0001:0001b7b0       _CG_SetLerpFrameAnimation  3001c7b0 f   cg_players.obj
 0001:0001b840       _CG_PlayerAngles           3001c840 f   cg_players.obj
 0001:0001bbe0       _CG_SwingAngles            3001cbe0 f   cg_players.obj
 0001:0001bdc0       _CG_AddPainTwitch          3001cdc0 f   cg_players.obj
 0001:0001be40       _CG_PlayerPowerups         3001ce40 f   cg_players.obj
 0001:0001c070       _CG_HasteTrail             3001d070 f   cg_players.obj
 0001:0001c170       _CG_TrailItem              3001d170 f   cg_players.obj
 0001:0001c290       _CG_PlayerFlag             3001d290 f   cg_players.obj
 0001:0001c6f0       _CG_PlayerSprites          3001d6f0 f   cg_players.obj
 0001:0001c880       _CG_PlayerFloatSprite      3001d880 f   cg_players.obj
 0001:0001c950       _CG_PlayerShadow           3001d950 f   cg_players.obj
 0001:0001caa0       _CG_PlayerSplash           3001daa0 f   cg_players.obj
 0001:0001cf30       _CG_ClearLerpFrame         3001df30 f   cg_players.obj
 0001:0001d360       _VectorLength              3001e360 f   cg_playerstate.obj
 0001:0001dbe0       _pushReward                3001ebe0 f   cg_playerstate.obj
 0001:0001df10       _CG_ClipMoveToEntities     3001ef10 f   cg_predict.obj
 0001:0001e820       _VectorCompare             3001f820 f   cg_predict.obj
 0001:0001e880       _VectorLength              3001f880 f   cg_predict.obj
 0001:0001e8d0       _CG_InterpolatePlayerState 3001f8d0 f   cg_predict.obj
 0001:0001ea80       _CG_TouchTriggerPrediction 3001fa80 f   cg_predict.obj
 0001:0001ebd0       _CG_TouchItem              3001fbd0 f   cg_predict.obj
 0001:0001f340       _CG_DrawClientScore        30020340 f   cg_scoreboard.obj
 0001:0001f9a0       _CG_TeamScoreboard         300209a0 f   cg_scoreboard.obj
 0001:0001fd50       _CG_CenterGiantLine        30020d50 f   cg_scoreboard.obj
 0001:00020dc0       _CG_ServerCommand          30021dc0 f   cg_servercmds.obj
 0001:000210d0       _CG_ParseScores            300220d0 f   cg_servercmds.obj
 0001:00021420       _CG_ParseTeamInfo          30022420 f   cg_servercmds.obj
 0001:00021570       _CG_ConfigStringModified   30022570 f   cg_servercmds.obj
 0001:00021880       _CG_ParseWarmup            30022880 f   cg_servercmds.obj
 0001:000218f0       _CG_AddToTeamChat          300228f0 f   cg_servercmds.obj
 0001:00021b20       _CG_MapRestart             30022b20 f   cg_servercmds.obj
 0001:00021be0       _CG_RemoveChatEscapeChar   30022be0 f   cg_servercmds.obj
 0001:00021d50       _CG_ResetEntity            30022d50 f   cg_snapshot.obj
 0001:00021f60       _CG_TransitionSnapshot     30022f60 f   cg_snapshot.obj
 0001:00022140       _CG_TransitionEntity       30023140 f   cg_snapshot.obj
 0001:000221b0       _CG_SetNextSnap            300231b0 f   cg_snapshot.obj
 0001:00022330       _CG_ReadNextSnapshot       30023330 f   cg_snapshot.obj
 0001:00023960       _CG_AddTestModel           30024960 f   cg_view.obj
 0001:00023ad0       _CG_DamageBlendBlob        30024ad0 f   cg_view.obj
 0001:00023c80       _CG_CalcViewValues         30024c80 f   cg_view.obj
 0001:00023f10       _CG_CalcVrect              30024f10 f   cg_view.obj
 0001:00024000       _CG_OffsetThirdPersonView  30025000 f   cg_view.obj
 0001:00024350       _CG_OffsetFirstPersonView  30025350 f   cg_view.obj
 0001:00024740       _CG_StepOffset             30025740 f   cg_view.obj
 0001:00024790       _CG_CalcFov                30025790 f   cg_view.obj
 0001:000249d0       _CG_PowerupTimerSounds     300259d0 f   cg_view.obj
 0001:00024a80       _CG_PlayBufferedSounds     30025a80 f   cg_view.obj
 0001:000253d0       _Distance                  300263d0 f   cg_weapons.obj
 0001:00025420       _VectorLength              30026420 f   cg_weapons.obj
 0001:00025d00       _CG_MachineGunEjectBrass   30026d00 f   cg_weapons.obj
 0001:00026080       _CG_ShotgunEjectBrass      30027080 f   cg_weapons.obj
 0001:00026470       _CG_RocketTrail            30027470 f   cg_weapons.obj
 0001:00026600       _CG_PlasmaTrail            30027600 f   cg_weapons.obj
 0001:00026a30       _CG_GrenadeTrail           30027a30 f   cg_weapons.obj
 0001:00027110       _CG_LightningBolt          30028110 f   cg_weapons.obj
 0001:00027590       _CG_SpawnRailTrail         30028590 f   cg_weapons.obj
 0001:00027600       _CG_MachinegunSpinAngle    30028600 f   cg_weapons.obj
 0001:000276f0       _CG_AddWeaponWithPowerups  300286f0 f   cg_weapons.obj
 0001:00027aa0       _CG_MapTorsoToWeaponFrame  30028aa0 f   cg_weapons.obj
 0001:00027b50       _CG_CalculateWeaponPosition 30028b50 f   cg_weapons.obj
 0001:00027fd0       _CG_WeaponSelectable       30028fd0 f   cg_weapons.obj
 0001:00028930       _CG_ShotgunPattern         30029930 f   cg_weapons.obj
 0001:00028a60       _CrossProduct              30029a60 f   cg_weapons.obj
 0001:00028ad0       _CG_ShotgunPellet          30029ad0 f   cg_weapons.obj
 0001:00029190       _CG_CalcMuzzlePoint        3002a190 f   cg_weapons.obj
 0001:00029790       _CrossProduct              3002a790 f   q_math.obj
 0001:0002a5e0       _VectorLength              3002b5e0 f   q_math.obj
 0001:0002b7c0       _SkipWhitespace            3002c7c0 f   q_shared.obj
 0001:0002cb60       _hashForString             3002db60 f   ui_shared.obj
 0001:0002e600       _Menu_RunCloseScript       3002f600 f   ui_shared.obj
 0001:00031530       _Scroll_ListBox_AutoFunc   30032530 f   ui_shared.obj
 0001:000315d0       _Scroll_ListBox_ThumbFunc  300325d0 f   ui_shared.obj
 0001:00031870       _Scroll_Slider_ThumbFunc   30032870 f   ui_shared.obj
 0001:00032040       _Display_CloseCinematics   30033040 f   ui_shared.obj
 0001:00032090       _Menu_CloseCinematics      30033090 f   ui_shared.obj
 0001:00032130       _Window_CloseCinematic     30033130 f   ui_shared.obj
 0001:00032900       _Item_CorrectedTextRect    30033900 f   ui_shared.obj
 0001:00033cc0       _Controls_GetKeyAssignment 30034cc0 f   ui_shared.obj
 0001:00038fe0       _Menu_CacheContents        30039fe0 f   ui_shared.obj
 0001:00039080       _Window_CacheContents      3003a080 f   ui_shared.obj
 0001:000390e0       _Item_CacheContents        3003a0e0 f   ui_shared.obj
 0001:00039110       _Menu_OverActiveItem       3003a110 f   ui_shared.obj
 0001:0003a2a0       _$$$00001                  3003b2a0 f   LIBCMTD:strchr.obj
 0001:0003ba80       __cftoe2                   3003ca80 f   LIBCMTD:cvt.obj
 0001:0003bc70       __cftof2                   3003cc70 f   LIBCMTD:cvt.obj
 0001:0003bf10       __shift                    3003cf10 f   LIBCMTD:cvt.obj
 0001:0003c033       _$$$00003                  3003d033 f   LIBCMTD:87disp.obj
 0001:0003d480       __get_fname                3003e480 f   LIBCMTD:fpexcept.obj
 0001:0003dc10       ___updatetlocinfo_lk       3003ec10 f   LIBCMTD:setlocal.obj
 0001:0003e000       __setlocale_lk             3003f000 f   LIBCMTD:setlocal.obj
 0001:0003e3b0       __setlocale_set_cat        3003f3b0 f   LIBCMTD:setlocal.obj
 0001:0003e780       __setlocale_get_all        3003f780 f   LIBCMTD:setlocal.obj
 0001:00040250       _write_char                30041250 f   LIBCMTD:output.obj
 0001:000402f0       _write_multi_char          300412f0 f   LIBCMTD:output.obj
 0001:00040330       _write_string              30041330 f   LIBCMTD:output.obj
 0001:000403a0       _get_int_arg               300413a0 f   LIBCMTD:output.obj
 0001:000403c0       _get_int64_arg             300413c0 f   LIBCMTD:output.obj
 0001:000403e0       _get_short_arg             300413e0 f   LIBCMTD:output.obj
 0001:00040bd0       _CrtMessageWindow          30041bd0 f   LIBCMTD:dbgrpt.obj
 0001:00041a00       _has_osfxsr_set            30042a00 f   LIBCMTD:cpu_disp.obj
 0001:00041bd0       _$$$00001                  30042bd0 f   LIBCMTD:87triga.obj
 0001:00042000       _doexit                    30043000 f   LIBCMTD:crt0dat.obj
 0001:000421a0       __initterm                 300431a0 f   LIBCMTD:crt0dat.obj
 0001:000421d0       __initterm_e               300431d0 f   LIBCMTD:crt0dat.obj
 0001:00042480       _ctrlevent_capture@4       30043480 f   LIBCMTD:winsig.obj
 0001:000427b0       _siglookup                 300437b0 f   LIBCMTD:winsig.obj
 0001:000429f0       _xtoa                      300439f0 f   LIBCMTD:xtoa.obj
 0001:00042b70       _x64toa@20                 30043b70 f   LIBCMTD:xtoa.obj
 0001:00042f70       _flsall                    30043f70 f   LIBCMTD:fflush.obj
 0001:000435e0       _report_failure            300445e0 f   LIBCMTD:secchk.obj
 0001:00043bc0       _strncnt                   30044bc0 f   LIBCMTD:a_map.obj
 0001:000441c0       _realloc_help              300451c0 f   LIBCMTD:dbgheap.obj
 0001:00044f00       _CheckBytes                30045f00 f   LIBCMTD:dbgheap.obj
 0001:00045c50       __printMemBlockData        30046c50 f   LIBCMTD:dbgheap.obj
 0001:00046a70       _parse_cmdline             30047a70 f   LIBCMTD:stdargv.obj
 0001:00047450       _xcptlookup                30048450 f   LIBCMTD:winxfltr.obj
 0001:000474bc       $$$00001                   300484bc f   LIBCMTD:exsup.obj
 0001:000474dc       __unwind_handler           300484dc f   LIBCMTD:exsup.obj
 0001:000474dc       $$$00003                   300484dc f   LIBCMTD:exsup.obj
 0001:000474fe       $$$00005                   300484fe f   LIBCMTD:exsup.obj
 0001:00047566       $$$00007                   30048566 f   LIBCMTD:exsup.obj
 0001:000475aa       $$$00011                   300485aa f   LIBCMTD:exsup.obj
 0001:000476b5       $$$00003                   300486b5 f   LIBCMTD:exsup3.obj
 0001:00047a70       __abstract_cw              30048a70 f   LIBCMTD:ieee87.obj
 0001:00047bc0       __hw_cw                    30048bc0 f   LIBCMTD:ieee87.obj
 0001:00047d20       __abstract_sw              30048d20 f   LIBCMTD:ieee87.obj
 0001:0004a070       __expandtime               3004b070 f   LIBCMTD:strftime.obj
 0001:0004a650       __store_str                3004b650 f   LIBCMTD:strftime.obj
 0001:0004a6a0       __store_num                3004b6a0 f   LIBCMTD:strftime.obj
 0001:0004a750       __store_number             3004b750 f   LIBCMTD:strftime.obj
 0001:0004a800       __store_winword            3004b800 f   LIBCMTD:strftime.obj
 0001:0004b160       __get_lc_time              3004c160 f   LIBCMTD:inittime.obj
 0001:0004bca0       _fix_grouping              3004cca0 f   LIBCMTD:initnum.obj
 0001:0004c140       _fix_grouping              3004d140 f   LIBCMTD:initmon.obj
 0001:0004cd40       _TranslateName             3004dd40 f   LIBCMTD:getqloc.obj
 0001:0004cdd0       _GetLcidFromLangCountry    3004ddd0 f   LIBCMTD:getqloc.obj
 0001:0004ce90       _LangCountryEnumProc@4     3004de90 f   LIBCMTD:getqloc.obj
 0001:0004d210       _GetLcidFromLanguage       3004e210 f   LIBCMTD:getqloc.obj
 0001:0004d280       _LanguageEnumProc@4        3004e280 f   LIBCMTD:getqloc.obj
 0001:0004d3d0       _GetLcidFromCountry        3004e3d0 f   LIBCMTD:getqloc.obj
 0001:0004d420       _CountryEnumProc@4         3004e420 f   LIBCMTD:getqloc.obj
 0001:0004d4f0       _GetLcidFromDefault        3004e4f0 f   LIBCMTD:getqloc.obj
 0001:0004d520       _ProcessCodePage           3004e520 f   LIBCMTD:getqloc.obj
 0001:0004d5d0       _TestDefaultCountry        3004e5d0 f   LIBCMTD:getqloc.obj
 0001:0004d620       _TestDefaultLanguage       3004e620 f   LIBCMTD:getqloc.obj
 0001:0004d6c0       _crtGetLocaleInfoA@16      3004e6c0 f   LIBCMTD:getqloc.obj
 0001:0004d850       _LcidFromHexString         3004e850 f   LIBCMTD:getqloc.obj
 0001:0004d8d0       _GetPrimaryLen             3004e8d0 f   LIBCMTD:getqloc.obj
 0001:0004dbe0       _getSystemCP               3004ebe0 f   LIBCMTD:mbctype.obj
 0001:0004dc40       __setmbcp_lk               3004ec40 f   LIBCMTD:mbctype.obj
 0001:0004df30       _CPtoLCID                  3004ef30 f   LIBCMTD:mbctype.obj
 0001:0004dfb0       _setSBCS                   3004efb0 f   LIBCMTD:mbctype.obj
 0001:0004e030       _setSBUpLow                3004f030 f   LIBCMTD:mbctype.obj
 0001:0004ee90       __onexit_lk                3004fe90 f   LIBCMTD:onexit.obj
 0001:00052170       ___crtInitCritSecNoSpinCount@8 30053170 f   LIBCMTD:initcrit.obj
 0001:00053330       __tzset_lk                 30054330 f   LIBCMTD:tzset.obj
 0001:000537c0       __isindst_lk               300547c0 f   LIBCMTD:tzset.obj
 0001:00053a90       _cvtdate                   30054a90 f   LIBCMTD:tzset.obj
 0001:000559a0       _strncnt                   300569a0 f   LIBCMTD:a_cmp.obj
 0001:00055d70       _findenv                   30056d70 f   LIBCMTD:setenv.obj
 0001:00055df0       _copy_environ              30056df0 f   LIBCMTD:setenv.obj
