 uix86

 Timestamp is 48822561 (Sat Jul 19 13:33:21 2008)

 Preferred load address is 40000000

 Start         Length     Name                   Class
 0001:00000000 0004b610H .text                   CODE
 0002:00000000 00000154H .idata$5                DATA
 0002:00000160 0000849aH .rdata                  DATA
 0002:000085fc 0000003fH .rdata$debug            DATA
 0002:0000863c 00000004H .rtc$IAA                DATA
 0002:00008640 000000a8H .rtc$IMZ                DATA
 0002:000086e8 00000004H .rtc$IZZ                DATA
 0002:000086ec 00000004H .rtc$TAA                DATA
 0002:000086f0 000000a8H .rtc$TMZ                DATA
 0002:00008798 00000004H .rtc$TZZ                DATA
 0002:0000879c 00000014H .idata$2                DATA
 0002:000087b0 00000014H .idata$3                DATA
 0002:000087c4 00000154H .idata$4                DATA
 0002:00008918 00000612H .idata$6                DATA
 0002:00008f30 00000056H .edata                  DATA
 0003:00000000 00000004H .CRT$XCA                DATA
 0003:00000004 00000004H .CRT$XCAA               DATA
 0003:00000008 00000004H .CRT$XCZ                DATA
 0003:0000000c 00000004H .CRT$XIA                DATA
 0003:00000010 0000000cH .CRT$XIC                DATA
 0003:0000001c 00000004H .CRT$XIZ                DATA
 0003:00000020 00000004H .CRT$XPA                DATA
 0003:00000024 00000004H .CRT$XPX                DATA
 0003:00000028 00000004H .CRT$XPZ                DATA
 0003:0000002c 00000004H .CRT$XTA                DATA
 0003:00000030 00000004H .CRT$XTZ                DATA
 0003:00000040 00003980H .data                   DATA
 0003:000039c0 0006fc7cH .bss                    DATA

  Address         Publics by Value              Rva+Base     Lib:Object

 0000:00000000       ___safe_se_handler_count   00000000     <absolute>
 0000:00000000       ___safe_se_handler_table   00000000     <absolute>
 0000:00000000       __except_list              00000000     <absolute>
 0001:00000000       _BG_FindItemForPowerup     40001000 f   bg_misc.obj
 0001:000000a0       _BG_FindItemForHoldable    400010a0 f   bg_misc.obj
 0001:00000130       _BG_FindItemForWeapon      40001130 f   bg_misc.obj
 0001:000001b0       _BG_FindItem               400011b0 f   bg_misc.obj
 0001:00000220       _BG_PlayerTouchesItem      40001220 f   bg_misc.obj
 0001:00000330       _BG_CanItemBeGrabbed       40001330 f   bg_misc.obj
 0001:00000590       _BG_EvaluateTrajectory     40001590 f   bg_misc.obj
 0001:00000830       _BG_EvaluateTrajectoryDelta 40001830 f   bg_misc.obj
 0001:00000a30       _BG_AddPredictableEventToPlayerstate 40001a30 f   bg_misc.obj
 0001:00000b30       _BG_TouchJumpPad           40001b30 f   bg_misc.obj
 0001:00000c60       _BG_PlayerStateToEntityState 40001c60 f   bg_misc.obj
 0001:00000ff0       _BG_PlayerStateToEntityStateExtraPolate 40001ff0 f   bg_misc.obj
 0001:00001390       _Q_rand                    40002390 f   q_math.obj
 0001:000013d0       _Q_random                  400023d0 f   q_math.obj
 0001:00001430       _Q_crandom                 40002430 f   q_math.obj
 0001:00001480       _ClampChar                 40002480 f   q_math.obj
 0001:000014c0       _ClampShort                400024c0 f   q_math.obj
 0001:00001510       _DirToByte                 40002510 f   q_math.obj
 0001:000015d0       _ByteToDir                 400025d0 f   q_math.obj
 0001:00001660       _ColorBytes3               40002660 f   q_math.obj
 0001:000016c0       _ColorBytes4               400026c0 f   q_math.obj
 0001:00001730       _NormalizeColor            40002730 f   q_math.obj
 0001:000017f0       _PlaneFromPoints           400027f0 f   q_math.obj
 0001:000019a0       _RotatePointAroundVector   400029a0 f   q_math.obj
 0001:00001c90       _RotateAroundDirection     40002c90 f   q_math.obj
 0001:00001d70       _vectoangles               40002d70 f   q_math.obj
 0001:00001f10       _AnglesToAxis              40002f10 f   q_math.obj
 0001:00001fc0       _AxisClear                 40002fc0 f   q_math.obj
 0001:00002040       _AxisCopy                  40003040 f   q_math.obj
 0001:000020d0       _ProjectPointOnPlane       400030d0 f   q_math.obj
 0001:00002220       _MakeNormalVectors         40003220 f   q_math.obj
 0001:00002310       _VectorRotate              40003310 f   q_math.obj
 0001:000023c0       _Q_rsqrt                   400033c0 f   q_math.obj
 0001:00002430       _Q_fabs                    40003430 f   q_math.obj
 0001:00002470       _LerpAngle                 40003470 f   q_math.obj
 0001:000024f0       _AngleSubtract             400034f0 f   q_math.obj
 0001:00002560       _AnglesSubtract            40003560 f   q_math.obj
 0001:000025f0       _AngleMod                  400035f0 f   q_math.obj
 0001:00002640       _AngleNormalize360         40003640 f   q_math.obj
 0001:00002690       _AngleNormalize180         40003690 f   q_math.obj
 0001:000026f0       _AngleDelta                400036f0 f   q_math.obj
 0001:00002740       _SetPlaneSignbits          40003740 f   q_math.obj
 0001:000027c0       _BoxOnPlaneSide            400037c0 f   q_math.obj
 0001:00002a00       _RadiusFromBounds          40003a00 f   q_math.obj
 0001:00002b60       _ClearBounds               40003b60 f   q_math.obj
 0001:00002bc0       _AddPointToBounds          40003bc0 f   q_math.obj
 0001:00002ca0       _VectorNormalize           40003ca0 f   q_math.obj
 0001:00002d60       _VectorNormalize2          40003d60 f   q_math.obj
 0001:00002e40       __VectorMA                 40003e40 f   q_math.obj
 0001:00002eb0       __DotProduct               40003eb0 f   q_math.obj
 0001:00002f00       __VectorSubtract           40003f00 f   q_math.obj
 0001:00002f60       __VectorAdd                40003f60 f   q_math.obj
 0001:00002fc0       __VectorCopy               40003fc0 f   q_math.obj
 0001:00003010       __VectorScale              40004010 f   q_math.obj
 0001:00003060       _Vector4Scale              40004060 f   q_math.obj
 0001:000030c0       _Q_log2                    400040c0 f   q_math.obj
 0001:00003110       _MatrixMultiply            40004110 f   q_math.obj
 0001:000032d0       _AngleVectors              400042d0 f   q_math.obj
 0001:000034e0       _PerpendicularVector       400044e0 f   q_math.obj
 0001:000035f0       _Com_Clamp                 400045f0 f   q_shared.obj
 0001:00003640       _COM_SkipPath              40004640 f   q_shared.obj
 0001:000036a0       _COM_StripExtension        400046a0 f   q_shared.obj
 0001:00003700       _COM_DefaultExtension      40004700 f   q_shared.obj
 0001:000037d0       _ShortSwap                 400047d0 f   q_shared.obj
 0001:00003820       _ShortNoSwap               40004820 f   q_shared.obj
 0001:00003850       _LongSwap                  40004850 f   q_shared.obj
 0001:000038d0       _LongNoSwap                400048d0 f   q_shared.obj
 0001:00003900       _Long64Swap                40004900 f   q_shared.obj
 0001:00003990       _Long64NoSwap              40004990 f   q_shared.obj
 0001:000039c0       _FloatSwap                 400049c0 f   q_shared.obj
 0001:00003a40       _FloatNoSwap               40004a40 f   q_shared.obj
 0001:00003a70       _COM_BeginParseSession     40004a70 f   q_shared.obj
 0001:00003ad0       _COM_GetCurrentParseLine   40004ad0 f   q_shared.obj
 0001:00003b00       _COM_Parse                 40004b00 f   q_shared.obj
 0001:00003b40       _COM_ParseError            40004b40 f   q_shared.obj
 0001:00003bc0       _COM_ParseWarning          40004bc0 f   q_shared.obj
 0001:00003c40       _COM_Compress              40004c40 f   q_shared.obj
 0001:00003e60       _COM_ParseExt              40004e60 f   q_shared.obj
 0001:00004160       _COM_MatchToken            40005160 f   q_shared.obj
 0001:000041d0       _SkipBracedSection         400051d0 f   q_shared.obj
 0001:00004260       _SkipRestOfLine            40005260 f   q_shared.obj
 0001:000042f0       _Parse1DMatrix             400052f0 f   q_shared.obj
 0001:00004390       _Parse2DMatrix             40005390 f   q_shared.obj
 0001:00004420       _Parse3DMatrix             40005420 f   q_shared.obj
 0001:000044c0       _Q_isprint                 400054c0 f   q_shared.obj
 0001:00004500       _Q_islower                 40005500 f   q_shared.obj
 0001:00004540       _Q_isupper                 40005540 f   q_shared.obj
 0001:00004580       _Q_isalpha                 40005580 f   q_shared.obj
 0001:000045d0       _Q_strrchr                 400055d0 f   q_shared.obj
 0001:00004650       _Q_strncpyz                40005650 f   q_shared.obj
 0001:000046f0       _Q_stricmpn                400056f0 f   q_shared.obj
 0001:000047e0       _Q_strncmp                 400057e0 f   q_shared.obj
 0001:00004870       _Q_stricmp                 40005870 f   q_shared.obj
 0001:000048e0       _Q_strlwr                  400058e0 f   q_shared.obj
 0001:00004950       _Q_strupr                  40005950 f   q_shared.obj
 0001:000049c0       _Q_strcat                  400059c0 f   q_shared.obj
 0001:00004a40       _Q_PrintStrlen             40005a40 f   q_shared.obj
 0001:00004ad0       _Q_CleanStr                40005ad0 f   q_shared.obj
 0001:00004b80       _Com_sprintf               40005b80 f   q_shared.obj
 0001:00004c60       _va                        40005c60 f   q_shared.obj
 0001:00004ce0       _Info_ValueForKey          40005ce0 f   q_shared.obj
 0001:00004eb0       _Info_NextPair             40005eb0 f   q_shared.obj
 0001:00004fa0       _Info_RemoveKey            40005fa0 f   q_shared.obj
 0001:00005170       _Info_RemoveKey_Big        40006170 f   q_shared.obj
 0001:00005340       _Info_Validate             40006340 f   q_shared.obj
 0001:000053b0       _Info_SetValueForKey       400063b0 f   q_shared.obj
 0001:00005580       _Info_SetValueForKey_Big   40006580 f   q_shared.obj
 0001:00005740       _UI_AddBots_Cache          40006740 f   ui_addbots.obj
 0001:000057e0       _UI_AddBotsMenu            400067e0 f   ui_addbots.obj
 0001:000061d0       _Com_Error                 400071d0 f   ui_atoms.obj
 0001:00006270       _Com_Printf                40007270 f   ui_atoms.obj
 0001:00006310       _UI_ClampCvar              40007310 f   ui_atoms.obj
 0001:00006360       _UI_StartDemoLoop          40007360 f   ui_atoms.obj
 0001:000063b0       _UI_PushMenu               400073b0 f   ui_atoms.obj
 0001:000064f0       _UI_PopMenu                400074f0 f   ui_atoms.obj
 0001:00006580       _UI_ForceMenuOff           40007580 f   ui_atoms.obj
 0001:000065f0       _UI_LerpColor              400075f0 f   ui_atoms.obj
 0001:000066a0       _UI_DrawBannerString       400076a0 f   ui_atoms.obj
 0001:000069b0       _UI_ProportionalStringWidth 400079b0 f   ui_atoms.obj
 0001:00006a40       _UI_ProportionalSizeScale  40007a40 f   ui_atoms.obj
 0001:00006a80       _UI_DrawProportionalString 40007a80 f   ui_atoms.obj
 0001:00006ec0       _UI_DrawProportionalString_AutoWrapped 40007ec0 f   ui_atoms.obj
 0001:000070a0       _UI_DrawString             400080a0 f   ui_atoms.obj
 0001:00007520       _UI_DrawChar               40008520 f   ui_atoms.obj
 0001:000075b0       _UI_IsFullscreen           400085b0 f   ui_atoms.obj
 0001:00007610       _UI_SetActiveMenu          40008610 f   ui_atoms.obj
 0001:00007780       _UI_KeyEvent               40008780 f   ui_atoms.obj
 0001:00007830       _UI_MouseEvent             40008830 f   ui_atoms.obj
 0001:00007a40       _UI_Argv                   40008a40 f   ui_atoms.obj
 0001:00007a90       _UI_Cvar_VariableString    40008a90 f   ui_atoms.obj
 0001:00007ae0       _UI_Cache_f                40008ae0 f   ui_atoms.obj
 0001:00007bb0       _UI_ConsoleCommand         40008bb0 f   ui_atoms.obj
 0001:00007d10       _UI_Shutdown               40008d10 f   ui_atoms.obj
 0001:00007d40       _UI_Init                   40008d40 f   ui_atoms.obj
 0001:00007e00       _UI_AdjustFrom640          40008e00 f   ui_atoms.obj
 0001:00007e70       _UI_DrawNamedPic           40008e70 f   ui_atoms.obj
 0001:00007f00       _UI_DrawHandlePic          40008f00 f   ui_atoms.obj
 0001:00007ff0       _UI_FillRect               40008ff0 f   ui_atoms.obj
 0001:00008080       _UI_DrawRect               40009080 f   ui_atoms.obj
 0001:000081a0       _UI_SetColor               400091a0 f   ui_atoms.obj
 0001:000081e0       _UI_UpdateScreen           400091e0 f   ui_atoms.obj
 0001:00008220       _UI_Refresh                40009220 f   ui_atoms.obj
 0001:000083e0       _UI_DrawTextBox            400093e0 f   ui_atoms.obj
 0001:000084f0       _UI_CursorInRect           400094f0 f   ui_atoms.obj
 0001:00008550       _UI_CDKeyMenu_Cache        40009550 f   ui_cdkey.obj
 0001:000085d0       _UI_CDKeyMenu              400095d0 f   ui_cdkey.obj
 0001:00008bd0       _UI_CDKeyMenu_f            40009bd0 f   ui_cdkey.obj
 0001:00008c10       _UI_CinematicsMenu_Cache   40009c10 f   ui_cinematics.obj
 0001:00008c80       _UI_CinematicsMenu         40009c80 f   ui_cinematics.obj
 0001:00009510       _UI_CinematicsMenu_f       4000a510 f   ui_cinematics.obj
 0001:00009580       _ConfirmMenu_Cache         4000a580 f   ui_confirm.obj
 0001:000095c0       _UI_ConfirmMenu_Style      4000a5c0 f   ui_confirm.obj
 0001:00009a80       _UI_ConfirmMenu            4000aa80 f   ui_confirm.obj
 0001:00009ad0       _UI_Message                4000aad0 f   ui_confirm.obj
 0001:00009d40       _UI_DrawConnectScreen      4000ad40 f   ui_connect.obj
 0001:0000a7a0       _UI_KeyConnect             4000b7a0 f   ui_connect.obj
 0001:0000a7f0       _Controls_Cache            4000b7f0 f   ui_controls2.obj
 0001:0000a860       _UI_ControlsMenu           4000b860 f   ui_controls2.obj
 0001:0000d330       _UI_CreditMenu             4000e330 f   ui_credits.obj
 0001:0000d7d0       _Demos_Cache               4000e7d0 f   ui_demo2.obj
 0001:0000d880       _UI_DemosMenu              4000e880 f   ui_demo2.obj
 0001:0000df50       _UI_DisplayOptionsMenu_Cache 4000ef50 f   ui_display.obj
 0001:0000dfc0       _UI_DisplayOptionsMenu     4000efc0 f   ui_display.obj
 0001:0000e5e0       _UI_Alloc                  4000f5e0 f   ui_gameinfo.obj
 0001:0000e650       _UI_InitMemory             4000f650 f   ui_gameinfo.obj
 0001:0000e690       _UI_ParseInfos             4000f690 f   ui_gameinfo.obj
 0001:0000e8b0       _UI_GetArenaInfoByNumber   4000f8b0 f   ui_gameinfo.obj
 0001:0000e980       _UI_GetArenaInfoByMap      4000f980 f   ui_gameinfo.obj
 0001:0000ea10       _UI_GetSpecialArenaInfo    4000fa10 f   ui_gameinfo.obj
 0001:0000eaa0       _UI_GetBotInfoByNumber     4000faa0 f   ui_gameinfo.obj
 0001:0000eb10       _UI_GetBotInfoByName       4000fb10 f   ui_gameinfo.obj
 0001:0000eba0       _UI_GetBestScore           4000fba0 f   ui_gameinfo.obj
 0001:0000ed00       _UI_SetBestScore           4000fd00 f   ui_gameinfo.obj
 0001:0000ee60       _UI_LogAwardData           4000fe60 f   ui_gameinfo.obj
 0001:0000efa0       _UI_GetAwardLevel          4000ffa0 f   ui_gameinfo.obj
 0001:0000f060       _UI_TierCompleted          40010060 f   ui_gameinfo.obj
 0001:0000f1c0       _UI_ShowTierVideo          400101c0 f   ui_gameinfo.obj
 0001:0000f2d0       _UI_CanShowTierVideo       400102d0 f   ui_gameinfo.obj
 0001:0000f3c0       _UI_GetCurrentGame         400103c0 f   ui_gameinfo.obj
 0001:0000f500       _UI_NewGame                40010500 f   ui_gameinfo.obj
 0001:0000f5b0       _UI_GetNumArenas           400105b0 f   ui_gameinfo.obj
 0001:0000f5e0       _UI_GetNumSPArenas         400105e0 f   ui_gameinfo.obj
 0001:0000f610       _UI_GetNumSPTiers          40010610 f   ui_gameinfo.obj
 0001:0000f650       _UI_GetNumBots             40010650 f   ui_gameinfo.obj
 0001:0000f680       _UI_SPUnlock_f             40010680 f   ui_gameinfo.obj
 0001:0000f7d0       _UI_SPUnlockMedals_f       400107d0 f   ui_gameinfo.obj
 0001:0000f8d0       _UI_InitGameinfo           400108d0 f   ui_gameinfo.obj
 0001:000102e0       _InGame_Event              400112e0 f   ui_ingame.obj
 0001:00010490       _InGame_MenuInit           40011490 f   ui_ingame.obj
 0001:00010b90       _InGame_Cache              40011b90 f   ui_ingame.obj
 0001:00010bd0       _UI_InGameMenu             40011bd0 f   ui_ingame.obj
 0001:00010c40       _vmMain                    40011c40 f   ui_main.obj
 0001:00010d60       _UI_RegisterCvars          40011d60 f   ui_main.obj
 0001:00010df0       _UI_UpdateCvars            40011df0 f   ui_main.obj
 0001:00010e60       _Main_MenuEvent            40011e60 f   ui_menu.obj
 0001:00010fa0       _MainMenu_Cache            40011fa0 f   ui_menu.obj
 0001:00010ff0       _ErrorMessage_Key          40011ff0 f   ui_menu.obj
 0001:00011040       _UI_MainMenu               40012040 f   ui_menu.obj
 0001:00011ae0       _MField_Draw               40012ae0 f   ui_mfield.obj
 0001:00011d00       _MField_Paste              40012d00 f   ui_mfield.obj
 0001:00011dc0       _MField_KeyDownEvent       40012dc0 f   ui_mfield.obj
 0001:00012000       _MField_CharEvent          40013000 f   ui_mfield.obj
 0001:00012240       _MField_Clear              40013240 f   ui_mfield.obj
 0001:00012280       _MenuField_Init            40013280 f   ui_mfield.obj
 0001:00012360       _MenuField_Draw            40013360 f   ui_mfield.obj
 0001:00012510       _MenuField_Key             40013510 f   ui_mfield.obj
 0001:00012710       _UI_ModsMenu_Cache         40013710 f   ui_mods.obj
 0001:00012790       _UI_ModsMenu               40013790 f   ui_mods.obj
 0001:00012da0       _UI_NetworkOptionsMenu_Cache 40013da0 f   ui_network.obj
 0001:00012e10       _UI_NetworkOptionsMenu     40013e10 f   ui_network.obj
 0001:00013430       _SystemConfig_Cache        40014430 f   ui_options.obj
 0001:000134a0       _Options_MenuInit          400144a0 f   ui_options.obj
 0001:00013940       _UI_SystemConfigMenu       40014940 f   ui_options.obj
 0001:00013990       _PlayerModel_Cache         40014990 f   ui_playermodel.obj
 0001:00013d60       _UI_PlayerModelMenu        40014d60 f   ui_playermodel.obj
 0001:00015000       _UI_MachinegunSpinAngle    40016000 f   ui_players.obj
 0001:00015120       _UI_DrawPlayer             40016120 f   ui_players.obj
 0001:00017120       _UI_RegisterClientModelname 40018120 f   ui_players.obj
 0001:000178b0       _UI_PlayerInfo_SetModel    400188b0 f   ui_players.obj
 0001:00017980       _UI_PlayerInfo_SetInfo     40018980 f   ui_players.obj
 0001:00017d40       _PlayerSettings_Cache      40018d40 f   ui_playersettings.obj
 0001:00017e50       _UI_PlayerSettingsMenu     40018e50 f   ui_playersettings.obj
 0001:00018be0       _Preferences_Cache         40019be0 f   ui_preferences.obj
 0001:00018c90       _UI_PreferencesMenu        40019c90 f   ui_preferences.obj
 0001:000199c0       _Bitmap_Init               4001a9c0 f   ui_qmenu.obj
 0001:00019aa0       _Bitmap_Draw               4001aaa0 f   ui_qmenu.obj
 0001:00019dc0       _ScrollList_Key            4001adc0 f   ui_qmenu.obj
 0001:0001a610       _ScrollList_Draw           4001b610 f   ui_qmenu.obj
 0001:0001a7e0       _Menu_AddItem              4001b7e0 f   ui_qmenu.obj
 0001:0001af30       _Menu_CursorMoved          4001bf30 f   ui_qmenu.obj
 0001:0001b010       _Menu_SetCursor            4001c010 f   ui_qmenu.obj
 0001:0001b080       _Menu_SetCursorToItem      4001c080 f   ui_qmenu.obj
 0001:0001b100       _Menu_AdjustCursor         4001c100 f   ui_qmenu.obj
 0001:0001b220       _Menu_Draw                 4001c220 f   ui_qmenu.obj
 0001:0001be00       _Menu_ItemAtCursor         4001ce00 f   ui_qmenu.obj
 0001:0001be50       _Menu_ActivateItem         4001ce50 f   ui_qmenu.obj
 0001:0001bec0       _Menu_DefaultKey           4001cec0 f   ui_qmenu.obj
 0001:0001c780       _Menu_Cache                4001d780 f   ui_qmenu.obj
 0001:0001c930       _UI_RemoveBots_Cache       4001d930 f   ui_removebots.obj
 0001:0001c9b0       _UI_RemoveBotsMenu         4001d9b0 f   ui_removebots.obj
 0001:0001d270       _Favorites_Add             4001e270 f   ui_serverinfo.obj
 0001:0001d3f0       _ServerInfo_Cache          4001e3f0 f   ui_serverinfo.obj
 0001:0001d460       _UI_ServerInfoMenu         4001e460 f   ui_serverinfo.obj
 0001:0001d9d0       _ArenaServers_InsertFavorites 4001e9d0 f   ui_servers2.obj
 0001:0001de00       _ArenaServers_LoadFavorites 4001ee00 f   ui_servers2.obj
 0001:0001e060       _ArenaServers_SaveChanges  4001f060 f   ui_servers2.obj
 0001:0001e110       _ArenaServers_Sort         4001f110 f   ui_servers2.obj
 0001:0001e330       _ArenaServers_SetType      4001f330 f   ui_servers2.obj
 0001:0001ed20       _ArenaServers_Cache        4001fd20 f   ui_servers2.obj
 0001:0001ee20       _UI_ArenaServersMenu       4001fe20 f   ui_servers2.obj
 0001:00020350       _UI_SetupMenu_Cache        40021350 f   ui_setup.obj
 0001:000203c0       _UI_SetupMenu              400213c0 f   ui_setup.obj
 0001:00020a80       _UI_SoundOptionsMenu_Cache 40021a80 f   ui_sound.obj
 0001:00020af0       _UI_SoundOptionsMenu       40021af0 f   ui_sound.obj
 0001:00021210       _UI_SPArena_Start          40022210 f   ui_sparena.obj
 0001:00021330       _SpecifyServer_MenuInit    40022330 f   ui_specifyserver.obj
 0001:00021770       _SpecifyServer_Cache       40022770 f   ui_specifyserver.obj
 0001:000217e0       _UI_SpecifyServerMenu      400227e0 f   ui_specifyserver.obj
 0001:00021830       _UI_SPLevelMenu_Cache      40022830 f   ui_splevel.obj
 0001:00021a20       _UI_SPLevelMenu            40022a20 f   ui_splevel.obj
 0001:00023880       _UI_SPLevelMenu_f          40024880 f   ui_splevel.obj
 0001:000238d0       _UI_SPLevelMenu_ReInit     400248d0 f   ui_splevel.obj
 0001:00023900       _UI_SPPostgameMenu_Cache   40024900 f   ui_sppostgame.obj
 0001:00023a10       _UI_SPPostgameMenu_f       40024a10 f   ui_sppostgame.obj
 0001:00024cd0       _Reset_MenuEvent           40025cd0 f   ui_spreset.obj
 0001:00024d40       _Reset_Cache               40025d40 f   ui_spreset.obj
 0001:00024d80       _UI_ResetMenu              40025d80 f   ui_spreset.obj
 0001:00025200       _UI_SPSkillMenu_Cache      40026200 f   ui_spskill.obj
 0001:00025300       _UI_SPSkillMenu            40026300 f   ui_spskill.obj
 0001:00025ab0       _StartServer_Cache         40026ab0 f   ui_startserver.obj
 0001:00025e00       _UI_StartServerMenu        40026e00 f   ui_startserver.obj
 0001:00026c40       _ServerOptions_Cache       40027c40 f   ui_startserver.obj
 0001:00028820       _UI_BotSelectMenu_Cache    40029820 f   ui_startserver.obj
 0001:000288d0       _UI_BotSelectMenu          400298d0 f   ui_startserver.obj
 0001:00029810       _dllEntry                  4002a810 f   ui_syscalls.obj
 0001:00029840       _PASSFLOAT                 4002a840 f   ui_syscalls.obj
 0001:00029870       _trap_Print                4002a870 f   ui_syscalls.obj
 0001:000298c0       _trap_Error                4002a8c0 f   ui_syscalls.obj
 0001:00029910       _trap_Milliseconds         4002a910 f   ui_syscalls.obj
 0001:00029960       _trap_Cvar_Register        4002a960 f   ui_syscalls.obj
 0001:000299c0       _trap_Cvar_Update          4002a9c0 f   ui_syscalls.obj
 0001:00029a10       _trap_Cvar_Set             4002aa10 f   ui_syscalls.obj
 0001:00029a60       _trap_Cvar_VariableValue   4002aa60 f   ui_syscalls.obj
 0001:00029ab0       _trap_Cvar_VariableStringBuffer 4002aab0 f   ui_syscalls.obj
 0001:00029b10       _trap_Cvar_SetValue        4002ab10 f   ui_syscalls.obj
 0001:00029b70       _trap_Cvar_Reset           4002ab70 f   ui_syscalls.obj
 0001:00029bc0       _trap_Cvar_Create          4002abc0 f   ui_syscalls.obj
 0001:00029c20       _trap_Cvar_InfoStringBuffer 4002ac20 f   ui_syscalls.obj
 0001:00029c80       _trap_Argc                 4002ac80 f   ui_syscalls.obj
 0001:00029cd0       _trap_Argv                 4002acd0 f   ui_syscalls.obj
 0001:00029d30       _trap_Cmd_ExecuteText      4002ad30 f   ui_syscalls.obj
 0001:00029d80       _trap_FS_FOpenFile         4002ad80 f   ui_syscalls.obj
 0001:00029de0       _trap_FS_Read              4002ade0 f   ui_syscalls.obj
 0001:00029e40       _trap_FS_Write             4002ae40 f   ui_syscalls.obj
 0001:00029ea0       _trap_FS_FCloseFile        4002aea0 f   ui_syscalls.obj
 0001:00029ef0       _trap_FS_GetFileList       4002aef0 f   ui_syscalls.obj
 0001:00029f50       _trap_FS_Seek              4002af50 f   ui_syscalls.obj
 0001:00029fb0       _trap_R_RegisterModel      4002afb0 f   ui_syscalls.obj
 0001:0002a000       _trap_R_RegisterSkin       4002b000 f   ui_syscalls.obj
 0001:0002a050       _trap_R_RegisterFont       4002b050 f   ui_syscalls.obj
 0001:0002a0b0       _trap_R_RegisterShaderNoMip 4002b0b0 f   ui_syscalls.obj
 0001:0002a100       _trap_R_ClearScene         4002b100 f   ui_syscalls.obj
 0001:0002a150       _trap_R_AddRefEntityToScene 4002b150 f   ui_syscalls.obj
 0001:0002a1a0       _trap_R_AddPolyToScene     4002b1a0 f   ui_syscalls.obj
 0001:0002a200       _trap_R_AddLightToScene    4002b200 f   ui_syscalls.obj
 0001:0002a280       _trap_R_RenderScene        4002b280 f   ui_syscalls.obj
 0001:0002a2d0       _trap_R_SetColor           4002b2d0 f   ui_syscalls.obj
 0001:0002a320       _trap_R_DrawStretchPic     4002b320 f   ui_syscalls.obj
 0001:0002a3e0       _trap_R_ModelBounds        4002b3e0 f   ui_syscalls.obj
 0001:0002a440       _trap_UpdateScreen         4002b440 f   ui_syscalls.obj
 0001:0002a490       _trap_CM_LerpTag           4002b490 f   ui_syscalls.obj
 0001:0002a500       _trap_S_StartLocalSound    4002b500 f   ui_syscalls.obj
 0001:0002a550       _trap_S_RegisterSound      4002b550 f   ui_syscalls.obj
 0001:0002a5a0       _trap_Key_KeynumToStringBuf 4002b5a0 f   ui_syscalls.obj
 0001:0002a600       _trap_Key_GetBindingBuf    4002b600 f   ui_syscalls.obj
 0001:0002a660       _trap_Key_SetBinding       4002b660 f   ui_syscalls.obj
 0001:0002a6b0       _trap_Key_IsDown           4002b6b0 f   ui_syscalls.obj
 0001:0002a700       _trap_Key_GetOverstrikeMode 4002b700 f   ui_syscalls.obj
 0001:0002a750       _trap_Key_SetOverstrikeMode 4002b750 f   ui_syscalls.obj
 0001:0002a7a0       _trap_Key_ClearStates      4002b7a0 f   ui_syscalls.obj
 0001:0002a7f0       _trap_Key_GetCatcher       4002b7f0 f   ui_syscalls.obj
 0001:0002a840       _trap_Key_SetCatcher       4002b840 f   ui_syscalls.obj
 0001:0002a890       _trap_GetClipboardData     4002b890 f   ui_syscalls.obj
 0001:0002a8e0       _trap_GetClientState       4002b8e0 f   ui_syscalls.obj
 0001:0002a930       _trap_GetGlconfig          4002b930 f   ui_syscalls.obj
 0001:0002a980       _trap_GetConfigString      4002b980 f   ui_syscalls.obj
 0001:0002a9e0       _trap_LAN_GetServerCount   4002b9e0 f   ui_syscalls.obj
 0001:0002aa30       _trap_LAN_GetServerAddressString 4002ba30 f   ui_syscalls.obj
 0001:0002aa90       _trap_LAN_GetServerInfo    4002ba90 f   ui_syscalls.obj
 0001:0002aaf0       _trap_LAN_GetServerPing    4002baf0 f   ui_syscalls.obj
 0001:0002ab40       _trap_LAN_GetPingQueueCount 4002bb40 f   ui_syscalls.obj
 0001:0002ab90       _trap_LAN_ServerStatus     4002bb90 f   ui_syscalls.obj
 0001:0002abf0       _trap_LAN_SaveCachedServers 4002bbf0 f   ui_syscalls.obj
 0001:0002ac40       _trap_LAN_LoadCachedServers 4002bc40 f   ui_syscalls.obj
 0001:0002ac90       _trap_LAN_ResetPings       4002bc90 f   ui_syscalls.obj
 0001:0002ace0       _trap_LAN_ClearPing        4002bce0 f   ui_syscalls.obj
 0001:0002ad30       _trap_LAN_GetPing          4002bd30 f   ui_syscalls.obj
 0001:0002ad90       _trap_LAN_GetPingInfo      4002bd90 f   ui_syscalls.obj
 0001:0002adf0       _trap_LAN_MarkServerVisible 4002bdf0 f   ui_syscalls.obj
 0001:0002ae50       _trap_LAN_ServerIsVisible  4002be50 f   ui_syscalls.obj
 0001:0002aea0       _trap_LAN_UpdateVisiblePings 4002bea0 f   ui_syscalls.obj
 0001:0002aef0       _trap_LAN_AddServer        4002bef0 f   ui_syscalls.obj
 0001:0002af50       _trap_LAN_RemoveServer     4002bf50 f   ui_syscalls.obj
 0001:0002afa0       _trap_LAN_CompareServers   4002bfa0 f   ui_syscalls.obj
 0001:0002b000       _trap_MemoryRemaining      4002c000 f   ui_syscalls.obj
 0001:0002b050       _trap_GetCDKey             4002c050 f   ui_syscalls.obj
 0001:0002b0a0       _trap_SetCDKey             4002c0a0 f   ui_syscalls.obj
 0001:0002b0f0       _trap_PC_AddGlobalDefine   4002c0f0 f   ui_syscalls.obj
 0001:0002b140       _trap_PC_LoadSource        4002c140 f   ui_syscalls.obj
 0001:0002b190       _trap_PC_FreeSource        4002c190 f   ui_syscalls.obj
 0001:0002b1e0       _trap_PC_ReadToken         4002c1e0 f   ui_syscalls.obj
 0001:0002b230       _trap_PC_SourceFileAndLine 4002c230 f   ui_syscalls.obj
 0001:0002b290       _trap_S_StopBackgroundTrack 4002c290 f   ui_syscalls.obj
 0001:0002b2e0       _trap_S_StartBackgroundTrack 4002c2e0 f   ui_syscalls.obj
 0001:0002b330       _trap_RealTime             4002c330 f   ui_syscalls.obj
 0001:0002b380       _trap_CIN_PlayCinematic    4002c380 f   ui_syscalls.obj
 0001:0002b3e0       _trap_CIN_StopCinematic    4002c3e0 f   ui_syscalls.obj
 0001:0002b430       _trap_CIN_RunCinematic     4002c430 f   ui_syscalls.obj
 0001:0002b480       _trap_CIN_DrawCinematic    4002c480 f   ui_syscalls.obj
 0001:0002b4d0       _trap_CIN_SetExtents       4002c4d0 f   ui_syscalls.obj
 0001:0002b530       _trap_R_RemapShader        4002c530 f   ui_syscalls.obj
 0001:0002b590       _trap_VerifyCDKey          4002c590 f   ui_syscalls.obj
 0001:0002b5e0       _trap_SetPbClStatus        4002c5e0 f   ui_syscalls.obj
 0001:0002b630       _TeamMain_MenuInit         4002c630 f   ui_team.obj
 0001:0002ba50       _TeamMain_Cache            4002ca50 f   ui_team.obj
 0001:0002ba90       _UI_TeamMainMenu           4002ca90 f   ui_team.obj
 0001:0002bae0       _UI_TeamOrdersMenu_Key     4002cae0 f   ui_teamorders.obj
 0001:0002bce0       _UI_TeamOrdersMenu_Cache   4002cce0 f   ui_teamorders.obj
 0001:0002bd40       _UI_TeamOrdersMenu         4002cd40 f   ui_teamorders.obj
 0001:0002c520       _UI_TeamOrdersMenu_f       4002d520 f   ui_teamorders.obj
 0001:0002c640       _DriverInfo_Cache          4002d640 f   ui_video.obj
 0001:0002c6b0       _GraphicsOptions_MenuDraw  4002d6b0 f   ui_video.obj
 0001:0002ca20       _GraphicsOptions_MenuInit  4002da20 f   ui_video.obj
 0001:0002df60       _GraphicsOptions_Cache     4002ef60 f   ui_video.obj
 0001:0002dfe0       _UI_GraphicsOptionsMenu    4002efe0 f   ui_video.obj
 0001:0002e040       __RTC_InitBase             4002f040 f   LIBCMTD:init.obj
 0001:0002e070       __RTC_Shutdown             4002f070 f   LIBCMTD:init.obj
 0001:0002e090       __RTC_CheckEsp             4002f090 f   LIBCMTD:stack.obj
 0001:0002e0c0       @_RTC_CheckStackVars@8     4002f0c0 f   LIBCMTD:stack.obj
 0001:0002e130       __fpmath                   4002f130 f   LIBCMTD:fpinit.obj
 0001:0002e160       __fpclear                  4002f160 f   LIBCMTD:fpinit.obj
 0001:0002e170       __cfltcvt_init             4002f170 f   LIBCMTD:fpinit.obj
 0001:0002e1c0       ___setfflag                4002f1c0 f   LIBCMTD:fpinit.obj
 0001:0002e1e0       __CIsin                    4002f1e0 f   LIBCMTD:sin.obj
 0001:0002e1f4       _sin                       4002f1f4     LIBCMTD:sin.obj
 0001:0002e290       __CIcos                    4002f290 f   LIBCMTD:cos.obj
 0001:0002e2a4       _cos                       4002f2a4     LIBCMTD:cos.obj
 0001:0002e340       _atof                      4002f340 f   LIBCMTD:atof.obj
 0001:0002e390       _fabs                      4002f390 f   LIBCMTD:fabs.obj
 0001:0002e488       __ftol2                    4002f488 f   LIBCMTD:ftol2.obj
 0001:0002e500       _memset                    4002f500 f   LIBCMTD:memset.obj
 0001:0002e560       _memcpy                    4002f560 f   LIBCMTD:memcpy.obj
 0001:0002e8a0       __CIsqrt                   4002f8a0 f   LIBCMTD:sqrt.obj
 0001:0002e8b4       _sqrt                      4002f8b4     LIBCMTD:sqrt.obj
 0001:0002e960       _atan2                     4002f960 f   LIBCMTD:87ctriga.obj
 0001:0002e96a       __CIatan2                  4002f96a f   LIBCMTD:87ctriga.obj
 0001:0002e980       __assert                   4002f980 f   LIBCMTD:assert.obj
 0001:0002ef80       _strlen                    4002ff80 f   LIBCMTD:strlen.obj
 0001:0002f010       _vsprintf                  40030010 f   LIBCMTD:vsprintf.obj
 0001:0002f100       __vscprintf                40030100 f   LIBCMTD:vsprintf.obj
 0001:0002f180       _strcmp                    40030180 f   LIBCMTD:strcmp.obj
 0001:0002f210       _strncpy                   40030210 f   LIBCMTD:strncpy.obj
 0001:0002f340       __tolower                  40030340 f   LIBCMTD:tolower.obj
 0001:0002f350       _tolower                   40030350 f   LIBCMTD:tolower.obj
 0001:0002f390       ___tolower_mt              40030390 f   LIBCMTD:tolower.obj
 0001:0002f4d0       __toupper                  400304d0 f   LIBCMTD:toupper.obj
 0001:0002f4e0       _toupper                   400304e0 f   LIBCMTD:toupper.obj
 0001:0002f520       ___toupper_mt              40030520 f   LIBCMTD:toupper.obj
 0001:0002f660       __chkstk                   40030660 f   LIBCMTD:chkstk.obj
 0001:0002f660       __alloca_probe             40030660     LIBCMTD:chkstk.obj
 0001:0002f6a0       _strcpy                    400306a0 f   LIBCMTD:strcat.obj
 0001:0002f6b0       _strcat                    400306b0 f   LIBCMTD:strcat.obj
 0001:0002f7b0       _strchr                    400307b0 f   LIBCMTD:strchr.obj
 0001:0002f7b6       ___from_strstr_to_strchr   400307b6     LIBCMTD:strchr.obj
 0001:0002f870       _atol                      40030870 f   LIBCMTD:atox.obj
 0001:0002f980       _atoi                      40030980 f   LIBCMTD:atox.obj
 0001:0002f9a0       __atoi64                   400309a0 f   LIBCMTD:atox.obj
 0001:0002fae0       _qsort                     40030ae0 f   LIBCMTD:qsort.obj
 0001:0002ff40       _strstr                    40030f40 f   LIBCMTD:strstr.obj
 0001:0002ffd0       _memmove                   40030fd0 f   LIBCMTD:memmove.obj
 0001:00030310       _srand                     40031310 f   LIBCMTD:rand.obj
 0001:00030320       _rand                      40031320 f   LIBCMTD:rand.obj
 0001:00030360       __CItan                    40031360 f   LIBCMTD:tan.obj
 0001:00030374       _tan                       40031374     LIBCMTD:tan.obj
 0001:00030420       __CRT_INIT@12              40031420 f   LIBCMTD:dllcrt0.obj
 0001:00030670       __DllMainCRTStartup@12     40031670 f   LIBCMTD:dllcrt0.obj
 0001:000307f0       __amsg_exit                400317f0 f   LIBCMTD:dllcrt0.obj
 0001:00030830       __RTC_NumErrors            40031830 f   LIBCMTD:userapi.obj
 0001:00030840       __RTC_GetErrDesc           40031840 f   LIBCMTD:userapi.obj
 0001:00030860       __RTC_SetErrorType         40031860 f   LIBCMTD:userapi.obj
 0001:00030890       __RTC_SetErrorFunc         40031890 f   LIBCMTD:userapi.obj
 0001:000308b0       ?_RTC_GetErrorFunc@@YAP6AHHPBDH00ZZPBX@Z 400318b0 f   LIBCMTD:userapi.obj
 0001:000308c0       __chkesp                   400318c0 f   LIBCMTD:chkesp.obj
 0001:00030900       __CRT_RTC_INIT             40031900 f   LIBCMTD:chkesp.obj
 0001:00030910       ?_RTC_Failure@@YAXPAXH@Z   40031910 f   LIBCMTD:error.obj
 0001:00030b70       ?_RTC_MemFailure@@YAXPAXHPBX@Z 40031b70 f   LIBCMTD:error.obj
 0001:00030dc0       ?_RTC_StackFailure@@YAXPAXPBD@Z 40031dc0 f   LIBCMTD:error.obj
 0001:00030e80       __RTC_UninitUse            40031e80 f   LIBCMTD:error.obj
 0001:00031040       __setdefaultprecision      40032040 f   LIBCMTD:fp8.obj
 0001:00031060       __ms_p5_test_fdiv          40032060 f   LIBCMTD:testfdiv.obj
 0001:000310b0       __ms_p5_mp_test_fdiv       400320b0 f   LIBCMTD:testfdiv.obj
 0001:00031100       __forcdecpt                40032100 f   LIBCMTD:cvt.obj
 0001:00031180       __cropzeros                40032180 f   LIBCMTD:cvt.obj
 0001:00031260       __positive                 40032260 f   LIBCMTD:cvt.obj
 0001:00031290       __fassign                  40032290 f   LIBCMTD:cvt.obj
 0001:000312e0       __cftoe                    400322e0 f   LIBCMTD:cvt.obj
 0001:000314e0       __cftof                    400324e0 f   LIBCMTD:cvt.obj
 0001:000316a0       __cftog                    400326a0 f   LIBCMTD:cvt.obj
 0001:000317a0       __cfltcvt                  400327a0 f   LIBCMTD:cvt.obj
 0001:00031830       __trandisp1                40032830 f   LIBCMTD:87disp.obj
 0001:00031897       __trandisp2                40032897 f   LIBCMTD:87disp.obj
 0001:00031923       __rttospopde               40032923     LIBCMTD:87disp.obj
 0001:00031928       __rttospop                 40032928     LIBCMTD:87disp.obj
 0001:0003192a       __rtnospop                 4003292a     LIBCMTD:87disp.obj
 0001:0003192c       __rttosnpop                4003292c     LIBCMTD:87disp.obj
 0001:0003192d       __rtnospopde               4003292d     LIBCMTD:87disp.obj
 0001:00031934       __rtzeropop                40032934     LIBCMTD:87disp.obj
 0001:00031936       __rtzeronpop               40032936     LIBCMTD:87disp.obj
 0001:0003193b       __rtonepop                 4003293b     LIBCMTD:87disp.obj
 0001:0003193d       __rtonenpop                4003293d     LIBCMTD:87disp.obj
 0001:00031942       __tosnan1                  40032942     LIBCMTD:87disp.obj
 0001:0003196d       __nosnan2                  4003296d     LIBCMTD:87disp.obj
 0001:0003196f       __tosnan2                  4003296f     LIBCMTD:87disp.obj
 0001:00031997       __nan2                     40032997     LIBCMTD:87disp.obj
 0001:000319d6       __rtindfpop                400329d6     LIBCMTD:87disp.obj
 0001:000319d8       __rtindfnpop               400329d8     LIBCMTD:87disp.obj
 0001:000319e9       __rttosnpopde              400329e9     LIBCMTD:87disp.obj
 0001:000319f3       __rtchsifneg               400329f3     LIBCMTD:87disp.obj
 0001:00031a00       __twoToTOS                 40032a00 f   LIBCMTD:common.obj
 0001:00031a15       __load_CW                  40032a15 f   LIBCMTD:common.obj
 0001:00031a2c       __convertTOStoQNaN         40032a2c f   LIBCMTD:common.obj
 0001:00031a45       __fload_withFB             40032a45 f   LIBCMTD:common.obj
 0001:00031a88       __checkTOS_withFB          40032a88 f   LIBCMTD:common.obj
 0001:00031a9e       __fast_exit                40032a9e f   LIBCMTD:common.obj
 0001:00031aab       __math_exit                40032aab f   LIBCMTD:common.obj
 0001:00031ad5       __check_overflow_exit      40032ad5 f   LIBCMTD:common.obj
 0001:00031ae9       __check_range_exit         40032ae9 f   LIBCMTD:common.obj
 0001:00031b90       __startTwoArgErrorHandling 40032b90 f   LIBCMTD:genexcep.obj
 0001:00031ba7       __startOneArgErrorHandling 40032ba7 f   LIBCMTD:genexcep.obj
 0001:00031bf0       __fltin2                   40032bf0 f   LIBCMTD:cfin.obj
 0001:00031cd0       _isalpha                   40032cd0 f   LIBCMTD:_ctype.obj
 0001:00031d40       _isupper                   40032d40 f   LIBCMTD:_ctype.obj
 0001:00031da0       _islower                   40032da0 f   LIBCMTD:_ctype.obj
 0001:00031e00       _isdigit                   40032e00 f   LIBCMTD:_ctype.obj
 0001:00031e60       _isxdigit                  40032e60 f   LIBCMTD:_ctype.obj
 0001:00031ed0       _isspace                   40032ed0 f   LIBCMTD:_ctype.obj
 0001:00031f30       _ispunct                   40032f30 f   LIBCMTD:_ctype.obj
 0001:00031f90       _isalnum                   40032f90 f   LIBCMTD:_ctype.obj
 0001:00032000       _isprint                   40033000 f   LIBCMTD:_ctype.obj
 0001:00032070       _isgraph                   40033070 f   LIBCMTD:_ctype.obj
 0001:000320e0       _iscntrl                   400330e0 f   LIBCMTD:_ctype.obj
 0001:00032140       ___isascii                 40033140 f   LIBCMTD:_ctype.obj
 0001:00032150       ___toascii                 40033150 f   LIBCMTD:_ctype.obj
 0001:00032160       ___iscsymf                 40033160 f   LIBCMTD:_ctype.obj
 0001:000321a0       ___iscsym                  400331a0 f   LIBCMTD:_ctype.obj
 0001:000321e0       __handle_qnan1             400331e0 f   LIBCMTD:fpexcept.obj
 0001:00032240       __handle_qnan2             40033240 f   LIBCMTD:fpexcept.obj
 0001:000322b0       __except1                  400332b0 f   LIBCMTD:fpexcept.obj
 0001:000323b0       __except2                  400333b0 f   LIBCMTD:fpexcept.obj
 0001:000324c0       __raise_exc                400334c0 f   LIBCMTD:fpexcept.obj
 0001:00032970       __handle_exc               40033970 f   LIBCMTD:fpexcept.obj
 0001:00032c90       __umatherr                 40033c90 f   LIBCMTD:fpexcept.obj
 0001:00032d30       __set_errno                40033d30 f   LIBCMTD:fpexcept.obj
 0001:00032db0       __errcode                  40033db0 f   LIBCMTD:fpexcept.obj
 0001:00032e20       __set_exp                  40033e20 f   LIBCMTD:util.obj
 0001:00032e60       __get_exp                  40033e60 f   LIBCMTD:util.obj
 0001:00032e90       __add_exp                  40033e90 f   LIBCMTD:util.obj
 0001:00032ec0       __set_bexp                 40033ec0 f   LIBCMTD:util.obj
 0001:00032ef0       __sptype                   40033ef0 f   LIBCMTD:util.obj
 0001:00032f70       __decomp                   40033f70 f   LIBCMTD:util.obj
 0001:000330a0       __statfp                   400340a0 f   LIBCMTD:fpctrl.obj
 0001:000330b0       __clrfp                    400340b0 f   LIBCMTD:fpctrl.obj
 0001:000330d0       __ctrlfp                   400340d0 f   LIBCMTD:fpctrl.obj
 0001:00033100       __set_statfp               40034100 f   LIBCMTD:fpctrl.obj
 0001:0003318c       __fFATN2                   4003418c     LIBCMTD:87triga.obj
 0001:000331dc       __rtpiby2                  400341dc     LIBCMTD:87triga.obj
 0001:00033220       __cintrindisp2             40034220 f   LIBCMTD:87cdisp.obj
 0001:0003325e       __cintrindisp1             4003425e f   LIBCMTD:87cdisp.obj
 0001:0003329b       __ctrandisp2               4003429b f   LIBCMTD:87cdisp.obj
 0001:00033431       __ctrandisp1               40034431 f   LIBCMTD:87cdisp.obj
 0001:00033464       __fload                    40034464 f   LIBCMTD:87cdisp.obj
 0001:000334a0       _abort                     400344a0 f   LIBCMTD:abort.obj
 0001:000334c0       __cinit                    400344c0 f   LIBCMTD:crt0dat.obj
 0001:00033520       _exit                      40034520 f   LIBCMTD:crt0dat.obj
 0001:00033540       __exit                     40034540 f   LIBCMTD:crt0dat.obj
 0001:00033560       __cexit                    40034560 f   LIBCMTD:crt0dat.obj
 0001:00033580       __c_exit                   40034580 f   LIBCMTD:crt0dat.obj
 0001:000336d0       ___crtExitProcess          400346d0 f   LIBCMTD:crt0dat.obj
 0001:00033720       __lockexit                 40034720 f   LIBCMTD:crt0dat.obj
 0001:00033730       __unlockexit               40034730 f   LIBCMTD:crt0dat.obj
 0001:000337b0       _signal                    400347b0 f   LIBCMTD:winsig.obj
 0001:00033af0       _raise                     40034af0 f   LIBCMTD:winsig.obj
 0001:00033db0       ___fpecode                 40034db0 f   LIBCMTD:winsig.obj
 0001:00033dc0       ___pxcptinfoptrs           40034dc0 f   LIBCMTD:winsig.obj
 0001:00033dd0       ___crtMessageBoxA          40034dd0 f   LIBCMTD:crtmbox.obj
 0001:00033f40       __itoa                     40034f40 f   LIBCMTD:xtoa.obj
 0001:00034060       __ltoa                     40035060 f   LIBCMTD:xtoa.obj
 0001:000340a0       __ultoa                    400350a0 f   LIBCMTD:xtoa.obj
 0001:000340c0       __i64toa                   400350c0 f   LIBCMTD:xtoa.obj
 0001:00034210       __ui64toa                  40035210 f   LIBCMTD:xtoa.obj
 0001:00034230       _strncat                   40035230 f   LIBCMTD:strncat.obj
 0001:00034370       _fflush                    40035370 f   LIBCMTD:fflush.obj
 0001:00034400       __fflush_lk                40035400 f   LIBCMTD:fflush.obj
 0001:00034440       __flush                    40035440 f   LIBCMTD:fflush.obj
 0001:00034500       __flushall                 40035500 f   LIBCMTD:fflush.obj
 0001:000346a0       _fprintf                   400356a0 f   LIBCMTD:fprintf.obj
 0001:00034790       _setvbuf                   40035790 f   LIBCMTD:setvbuf.obj
 0001:00034930       ___iob_func                40035930 f   LIBCMTD:_file.obj
 0001:00034940       ___initstdio               40035940 f   LIBCMTD:_file.obj
 0001:00034a70       ___endstdio                40035a70 f   LIBCMTD:_file.obj
 0001:00034a90       __lock_file                40035a90 f   LIBCMTD:_file.obj
 0001:00034ad0       __lock_file2               40035ad0 f   LIBCMTD:_file.obj
 0001:00034b00       __unlock_file              40035b00 f   LIBCMTD:_file.obj
 0001:00034b40       __unlock_file2             40035b40 f   LIBCMTD:_file.obj
 0001:00034b70       @__security_check_cookie@4 40035b70 f   LIBCMTD:secchk.obj
 0001:00034bf0       __flsbuf                   40035bf0 f   LIBCMTD:_flsbuf.obj
 0001:00034e50       __output                   40035e50 f   LIBCMTD:output.obj
 0001:00035dd0       __CrtDbgBreak              40036dd0 f   LIBCMTD:dbgrpt.obj
 0001:00035de0       __CrtSetReportMode         40036de0 f   LIBCMTD:dbgrpt.obj
 0001:00035e40       __CrtSetReportFile         40036e40 f   LIBCMTD:dbgrpt.obj
 0001:00035ec0       __CrtSetReportHook         40036ec0 f   LIBCMTD:dbgrpt.obj
 0001:00035ee0       __CrtSetReportHook2        40036ee0 f   LIBCMTD:dbgrpt.obj
 0001:00036130       __CrtDbgReport             40037130 f   LIBCMTD:dbgrpt.obj
 0001:000368a0       ____setlc_active_func      400378a0 f   LIBCMTD:setlocal.obj
 0001:000368b0       ____unguarded_readlc_active_add_func 400378b0 f   LIBCMTD:setlocal.obj
 0001:000368c0       ___freetlocinfo            400378c0 f   LIBCMTD:setlocal.obj
 0001:00036a40       ___updatetlocinfo          40037a40 f   LIBCMTD:setlocal.obj
 0001:00036c80       _setlocale                 40037c80 f   LIBCMTD:setlocal.obj
 0001:00037730       __expandlocale             40038730 f   LIBCMTD:setlocal.obj
 0001:00037910       ___init_dummy              40038910 f   LIBCMTD:setlocal.obj
 0001:00037920       __strcats                  40038920 f   LIBCMTD:setlocal.obj
 0001:00037970       ___lc_strtolc              40038970 f   LIBCMTD:setlocal.obj
 0001:00037ae0       ___lc_lctostr              40038ae0 f   LIBCMTD:setlocal.obj
 0001:00037b50       ___crtTlsAlloc@4           40038b50 f   LIBCMTD:tidtable.obj
 0001:00037b60       __mtinit                   40038b60 f   LIBCMTD:tidtable.obj
 0001:00037cb0       __mtterm                   40038cb0 f   LIBCMTD:tidtable.obj
 0001:00037ce0       __initptd                  40038ce0 f   LIBCMTD:tidtable.obj
 0001:00037d00       __getptd                   40038d00 f   LIBCMTD:tidtable.obj
 0001:00037da0       __freefls@4                40038da0 f   LIBCMTD:tidtable.obj
 0001:00038020       __freeptd                  40039020 f   LIBCMTD:tidtable.obj
 0001:00038060       ___threadid                40039060 f   LIBCMTD:tidtable.obj
 0001:00038070       ___threadhandle            40039070 f   LIBCMTD:tidtable.obj
 0001:00038080       ___crtLCMapStringA         40039080 f   LIBCMTD:a_map.obj
 0001:00038640       __chvalidator              40039640 f   LIBCMTD:isctype.obj
 0001:00038680       __chvalidator_mt           40039680 f   LIBCMTD:isctype.obj
 0001:000386c0       __isctype                  400396c0 f   LIBCMTD:isctype.obj
 0001:00038700       ___isctype_mt              40039700 f   LIBCMTD:isctype.obj
 0001:000387c0       __allmul                   400397c0 f   LIBCMTD:llmul.obj
 0001:00038800       _malloc                    40039800 f   LIBCMTD:dbgheap.obj
 0001:00038830       __malloc_dbg               40039830 f   LIBCMTD:dbgheap.obj
 0001:00038860       __nh_malloc                40039860 f   LIBCMTD:dbgheap.obj
 0001:00038880       __nh_malloc_dbg            40039880 f   LIBCMTD:dbgheap.obj
 0001:00038920       __heap_alloc               40039920 f   LIBCMTD:dbgheap.obj
 0001:00038940       __heap_alloc_dbg           40039940 f   LIBCMTD:dbgheap.obj
 0001:00038c60       _calloc                    40039c60 f   LIBCMTD:dbgheap.obj
 0001:00038c90       __calloc_dbg               40039c90 f   LIBCMTD:dbgheap.obj
 0001:00038cf0       _realloc                   40039cf0 f   LIBCMTD:dbgheap.obj
 0001:00038d20       __realloc_dbg              40039d20 f   LIBCMTD:dbgheap.obj
 0001:000392c0       __expand                   4003a2c0 f   LIBCMTD:dbgheap.obj
 0001:000392f0       __expand_dbg               4003a2f0 f   LIBCMTD:dbgheap.obj
 0001:00039380       _free                      4003a380 f   LIBCMTD:dbgheap.obj
 0001:000393a0       __free_lk                  4003a3a0 f   LIBCMTD:dbgheap.obj
 0001:000393c0       __free_dbg                 4003a3c0 f   LIBCMTD:dbgheap.obj
 0001:00039430       __free_dbg_lk              4003a430 f   LIBCMTD:dbgheap.obj
 0001:00039840       __msize                    4003a840 f   LIBCMTD:dbgheap.obj
 0001:00039860       __msize_dbg                4003a860 f   LIBCMTD:dbgheap.obj
 0001:000399d0       __CrtSetBreakAlloc         4003a9d0 f   LIBCMTD:dbgheap.obj
 0001:000399f0       __CrtSetDbgBlockType       4003a9f0 f   LIBCMTD:dbgheap.obj
 0001:00039ad0       __CrtSetAllocHook          4003aad0 f   LIBCMTD:dbgheap.obj
 0001:00039b40       __CrtCheckMemory           4003ab40 f   LIBCMTD:dbgheap.obj
 0001:00039eb0       __CrtSetDbgFlag            4003aeb0 f   LIBCMTD:dbgheap.obj
 0001:00039f60       __CrtDoForAllClientObjects 4003af60 f   LIBCMTD:dbgheap.obj
 0001:0003a010       __CrtIsValidPointer        4003b010 f   LIBCMTD:dbgheap.obj
 0001:0003a060       __CrtIsValidHeapPointer    4003b060 f   LIBCMTD:dbgheap.obj
 0001:0003a110       __CrtIsMemoryBlock         4003b110 f   LIBCMTD:dbgheap.obj
 0001:0003a240       __CrtReportBlockType       4003b240 f   LIBCMTD:dbgheap.obj
 0001:0003a270       __CrtSetDumpClient         4003b270 f   LIBCMTD:dbgheap.obj
 0001:0003a290       __CrtMemCheckpoint         4003b290 f   LIBCMTD:dbgheap.obj
 0001:0003a430       __CrtMemDifference         4003b430 f   LIBCMTD:dbgheap.obj
 0001:0003a550       __CrtMemDumpAllObjectsSince 4003b550 f   LIBCMTD:dbgheap.obj
 0001:0003a950       __CrtDumpMemoryLeaks       4003b950 f   LIBCMTD:dbgheap.obj
 0001:0003a9c0       __CrtMemDumpStatistics     4003b9c0 f   LIBCMTD:dbgheap.obj
 0001:0003aa70       __aligned_malloc           4003ba70 f   LIBCMTD:dbgheap.obj
 0001:0003aa90       __aligned_malloc_dbg       4003ba90 f   LIBCMTD:dbgheap.obj
 0001:0003aab0       __aligned_realloc          4003bab0 f   LIBCMTD:dbgheap.obj
 0001:0003aad0       __aligned_realloc_dbg      4003bad0 f   LIBCMTD:dbgheap.obj
 0001:0003ab00       __aligned_offset_malloc    4003bb00 f   LIBCMTD:dbgheap.obj
 0001:0003ab20       __aligned_offset_malloc_dbg 4003bb20 f   LIBCMTD:dbgheap.obj
 0001:0003ac60       __aligned_offset_realloc   4003bc60 f   LIBCMTD:dbgheap.obj
 0001:0003ac90       __aligned_offset_realloc_dbg 4003bc90 f   LIBCMTD:dbgheap.obj
 0001:0003aef0       __aligned_free             4003bef0 f   LIBCMTD:dbgheap.obj
 0001:0003af10       __aligned_free_dbg         4003bf10 f   LIBCMTD:dbgheap.obj
 0001:0003afc0       __ioinit                   4003bfc0 f   LIBCMTD:ioinit.obj
 0001:0003b350       __ioterm                   4003c350 f   LIBCMTD:ioinit.obj
 0001:0003b3f0       __setenvp                  4003c3f0 f   LIBCMTD:stdenvp.obj
 0001:0003b570       __setargv                  4003c570 f   LIBCMTD:stdargv.obj
 0001:0003b9d0       ___crtGetEnvironmentStringsA 4003c9d0 f   LIBCMTD:a_env.obj
 0001:0003bbf0       __RTC_Initialize           4003cbf0 f   LIBCMTD:initsect.obj
 0001:0003bc70       __RTC_Terminate            4003cc70 f   LIBCMTD:initsect.obj
 0001:0003bcf0       ___heap_select             4003ccf0 f   LIBCMTD:heapinit.obj
 0001:0003bd20       __heap_init                4003cd20 f   LIBCMTD:heapinit.obj
 0001:0003bd90       __heap_term                4003cd90 f   LIBCMTD:heapinit.obj
 0001:0003be40       __get_heap_handle          4003ce40 f   LIBCMTD:heapinit.obj
 0001:0003be50       ___CppXcptFilter           4003ce50 f   LIBCMTD:winxfltr.obj
 0001:0003be80       __XcptFilter               4003ce80 f   LIBCMTD:winxfltr.obj
 0001:0003c0a0       _DllMain@12                4003d0a0 f   LIBCMTD:dllmain.obj
 0001:0003c0ac       __global_unwind2           4003d0ac f   LIBCMTD:exsup.obj
 0001:0003c0ee       __local_unwind2            4003d0ee f   LIBCMTD:exsup.obj
 0001:0003c146       __NLG_Return2              4003d146     LIBCMTD:exsup.obj
 0001:0003c156       __abnormal_termination     4003d156 f   LIBCMTD:exsup.obj
 0001:0003c179       __NLG_Notify1              4003d179 f   LIBCMTD:exsup.obj
 0001:0003c182       __NLG_Notify               4003d182 f   LIBCMTD:exsup.obj
 0001:0003c195       __NLG_Dispatch             4003d195     LIBCMTD:exsup.obj
 0001:0003c1a4       __except_handler3          4003d1a4 f   LIBCMTD:exsup3.obj
 0001:0003c28a       __seh_longjmp_unwind@4     4003d28a f   LIBCMTD:exsup3.obj
 0001:0003c2b0       __FF_MSGBANNER             4003d2b0 f   LIBCMTD:crt0msg.obj
 0001:0003c300       __NMSG_WRITE               4003d300 f   LIBCMTD:crt0msg.obj
 0001:0003c510       __GET_RTERRMSG             4003d510 f   LIBCMTD:crt0msg.obj
 0001:0003c560       ?_RTC_GetSrcLine@@YAHKPADHPAHPAPAD@Z 4003d560 f   LIBCMTD:pdblkup.obj
 0001:0003ce00       __statusfp                 4003de00 f   LIBCMTD:ieee87.obj
 0001:0003ce20       __clearfp                  4003de20 f   LIBCMTD:ieee87.obj
 0001:0003ce40       __control87                4003de40 f   LIBCMTD:ieee87.obj
 0001:0003ce90       __controlfp                4003de90 f   LIBCMTD:ieee87.obj
 0001:0003ceb0       __fpreset                  4003deb0 f   LIBCMTD:ieee87.obj
 0001:0003d240       __ZeroTail                 4003e240 f   LIBCMTD:intrncvt.obj
 0001:0003d2d0       __IncMan                   4003e2d0 f   LIBCMTD:intrncvt.obj
 0001:0003d380       __RoundMan                 4003e380 f   LIBCMTD:intrncvt.obj
 0001:0003d460       __CopyMan                  4003e460 f   LIBCMTD:intrncvt.obj
 0001:0003d4b0       __FillZeroMan              4003e4b0 f   LIBCMTD:intrncvt.obj
 0001:0003d4e0       __IsZeroMan                4003e4e0 f   LIBCMTD:intrncvt.obj
 0001:0003d520       __ShrMan                   4003e520 f   LIBCMTD:intrncvt.obj
 0001:0003d610       __ld12cvt                  4003e610 f   LIBCMTD:intrncvt.obj
 0001:0003d850       __ld12tod                  4003e850 f   LIBCMTD:intrncvt.obj
 0001:0003d870       __ld12tof                  4003e870 f   LIBCMTD:intrncvt.obj
 0001:0003d890       __ld12told                 4003e890 f   LIBCMTD:intrncvt.obj
 0001:0003d940       __atodbl                   4003e940 f   LIBCMTD:intrncvt.obj
 0001:0003d990       __atoldbl                  4003e990 f   LIBCMTD:intrncvt.obj
 0001:0003d9e0       __atoflt                   4003e9e0 f   LIBCMTD:intrncvt.obj
 0001:0003da30       __fptostr                  4003ea30 f   LIBCMTD:_fptostr.obj
 0001:0003db30       __fltout2                  4003eb30 f   LIBCMTD:cfout.obj
 0001:0003dbc0       ___dtold                   4003ebc0 f   LIBCMTD:cfout.obj
 0001:0003dd10       __fptrap                   4003ed10 f   LIBCMTD:crt0fp.obj
 0001:0003dd20       __87except                 4003ed20 f   LIBCMTD:87except.obj
 0001:0003ded0       ___strgtold12              4003eed0 f   LIBCMTD:strgtold.obj
 0001:0003e8d0       ___STRINGTOLD              4003f8d0 f   LIBCMTD:strgtold.obj
 0001:0003e930       __dosmaperr                4003f930 f   LIBCMTD:dosmap.obj
 0001:0003e9d0       __errno                    4003f9d0 f   LIBCMTD:dosmap.obj
 0001:0003e9e0       ___doserrno                4003f9e0 f   LIBCMTD:dosmap.obj
 0001:0003e9f0       __matherr                  4003f9f0 f   LIBCMTD:matherr.obj
 0001:0003ea00       __onexit                   4003fa00 f   LIBCMTD:onexit.obj
 0001:0003eb60       _atexit                    4003fb60 f   LIBCMTD:onexit.obj
 0001:0003eb80       ___onexitinit              4003fb80 f   LIBCMTD:onexit.obj
 0001:0003ebd0       __mtinitlocks              4003fbd0 f   LIBCMTD:mlock.obj
 0001:0003ec60       __mtdeletelocks            4003fc60 f   LIBCMTD:mlock.obj
 0001:0003ed20       __mtinitlocknum            4003fd20 f   LIBCMTD:mlock.obj
 0001:0003ee40       __lock                     4003fe40 f   LIBCMTD:mlock.obj
 0001:0003ee80       __unlock                   4003fe80 f   LIBCMTD:mlock.obj
 0001:0003eea0       __lockerr_exit             4003fea0 f   LIBCMTD:mlock.obj
 0001:0003eec0       __aulldiv                  4003fec0 f   LIBCMTD:ulldiv.obj
 0001:0003ef30       __aullrem                  4003ff30 f   LIBCMTD:ullrem.obj
 0001:0003efb0       __commit                   4003ffb0 f   LIBCMTD:commit.obj
 0001:0003f0c0       __write                    400400c0 f   LIBCMTD:write.obj
 0001:0003f1d0       __write_lk                 400401d0 f   LIBCMTD:write.obj
 0001:0003f4c0       __stbuf                    400404c0 f   LIBCMTD:_sftbuf.obj
 0001:0003f610       __ftbuf                    40040610 f   LIBCMTD:_sftbuf.obj
 0001:0003f6a0       __freebuf                  400406a0 f   LIBCMTD:_freebuf.obj
 0001:0003f730       __fcloseall                40040730 f   LIBCMTD:closeall.obj
 0001:0003f850       ___security_init_cookie    40040850 f   LIBCMTD:seccinit.obj
 0001:0003f8f0       ___security_error_handler  400408f0 f   LIBCMTD:secfail.obj
 0001:0003fb20       __set_security_error_handler 40040b20 f   LIBCMTD:secfail.obj
 0001:0003fb40       ___buffer_overrun          40040b40 f   LIBCMTD:secfail.obj
 0001:0003fb60       ___set_buffer_overrun_handler 40040b60 f   LIBCMTD:secfail.obj
 0001:0003fb80       __lseek                    40040b80 f   LIBCMTD:lseek.obj
 0001:0003fc90       __lseek_lk                 40040c90 f   LIBCMTD:lseek.obj
 0001:0003fd50       __getbuf                   40040d50 f   LIBCMTD:_getbuf.obj
 0001:0003fe10       __isatty                   40040e10 f   LIBCMTD:isatty.obj
 0001:0003fe50       _wctomb                    40040e50 f   LIBCMTD:wctomb.obj
 0001:0003fe90       ___wctomb_mt               40040e90 f   LIBCMTD:wctomb.obj
 0001:0003ff30       ___pwctype_func            40040f30 f   LIBCMTD:ctype.obj
 0001:0003ff40       ___pctype_func             40040f40 f   LIBCMTD:ctype.obj
 0001:0003ff50       __snprintf                 40040f50 f   LIBCMTD:snprintf.obj
 0001:00040040       __vsnprintf                40041040 f   LIBCMTD:vsnprint.obj
 0001:00040110       __Getdays                  40041110 f   LIBCMTD:strftime.obj
 0001:00040240       __Getmonths                40041240 f   LIBCMTD:strftime.obj
 0001:00040370       __Gettnames                40041370 f   LIBCMTD:strftime.obj
 0001:00040700       _strftime                  40041700 f   LIBCMTD:strftime.obj
 0001:00040720       __Strftime                 40041720 f   LIBCMTD:strftime.obj
 0001:00040770       __Strftime_mt              40041770 f   LIBCMTD:strftime.obj
 0001:00041990       _localeconv                40042990 f   LIBCMTD:lconv.obj
 0001:000419a0       ___init_time               400429a0 f   LIBCMTD:inittime.obj
 0001:00041fb0       ___free_lc_time            40042fb0 f   LIBCMTD:inittime.obj
 0001:000422c0       ___init_numeric            400432c0 f   LIBCMTD:initnum.obj
 0001:00042600       ___free_lconv_num          40043600 f   LIBCMTD:initnum.obj
 0001:000426a0       ___init_monetary           400436a0 f   LIBCMTD:initmon.obj
 0001:00042aa0       ___free_lconv_mon          40043aa0 f   LIBCMTD:initmon.obj
 0001:00042c00       ___init_ctype              40043c00 f   LIBCMTD:initctyp.obj
 0001:00042ec0       ____mb_cur_max_func        40043ec0 f   LIBCMTD:initctyp.obj
 0001:00042ed0       ____lc_codepage_func       40043ed0 f   LIBCMTD:initctyp.obj
 0001:00042f00       ____lc_collate_cp_func     40043f00 f   LIBCMTD:initctyp.obj
 0001:00042f30       ____lc_handle_func         40043f30 f   LIBCMTD:initctyp.obj
 0001:00042f60       ___init_collate            40043f60 f   LIBCMTD:initcoll.obj
 0001:00042f70       _strcspn                   40043f70 f   LIBCMTD:strcspn.obj
 0001:00042fc0       _strncmp                   40043fc0 f   LIBCMTD:strncmp.obj
 0001:00043000       _strpbrk                   40044000 f   LIBCMTD:strpbrk.obj
 0001:00043040       _memcmp                    40044040 f   LIBCMTD:memcmp.obj
 0001:00043100       ___crtGetStringTypeA       40044100 f   LIBCMTD:a_str.obj
 0001:000433a0       ___get_qualified_locale    400443a0 f   LIBCMTD:getqloc.obj
 0001:000441d0       ___updatetmbcinfo          400451d0 f   LIBCMTD:mbctype.obj
 0001:000442a0       __setmbcp                  400452a0 f   LIBCMTD:mbctype.obj
 0001:00044be0       __getmbcp                  40045be0 f   LIBCMTD:mbctype.obj
 0001:00044c00       ___initmbctable            40045c00 f   LIBCMTD:mbctype.obj
 0001:00044c30       __resetstkoflw             40045c30 f   LIBCMTD:resetstk.obj
 0001:00044d80       ___ansicp                  40045d80 f   LIBCMTD:convrtcp.obj
 0001:00044de0       ___convertcp               40045de0 f   LIBCMTD:convrtcp.obj
 0001:00045080       ?_set_new_handler@@YAP6AHI@ZP6AHI@Z@Z 40046080 f   LIBCMTD:handler.obj
 0001:000450b0       ?_query_new_handler@@YAP6AHI@ZXZ 400460b0 f   LIBCMTD:handler.obj
 0001:000450c0       __callnewh                 400460c0 f   LIBCMTD:handler.obj
 0001:000450f0       __malloc_base              400460f0 f   LIBCMTD:malloc.obj
 0001:00045110       __nh_malloc_base           40046110 f   LIBCMTD:malloc.obj
 0001:00045170       __heap_alloc_base          40046170 f   LIBCMTD:malloc.obj
 0001:00045240       __CrtDefaultAllocHook      40046240 f   LIBCMTD:dbghook.obj
 0001:00045250       __expand_base              40046250 f   LIBCMTD:expand.obj
 0001:00045370       __realloc_base             40046370 f   LIBCMTD:realloc.obj
 0001:00045620       __free_base                40046620 f   LIBCMTD:free.obj
 0001:000456f0       __heapchk                  400466f0 f   LIBCMTD:heapchk.obj
 0001:000457b0       __heapset                  400467b0 f   LIBCMTD:heapchk.obj
 0001:000457c0       __get_sbh_threshold        400467c0 f   LIBCMTD:sbheap.obj
 0001:000457e0       __set_sbh_threshold        400467e0 f   LIBCMTD:sbheap.obj
 0001:00045850       ___sbh_heap_init           40046850 f   LIBCMTD:sbheap.obj
 0001:000458c0       ___sbh_find_block          400468c0 f   LIBCMTD:sbheap.obj
 0001:00045920       ___sbh_verify_block        40046920 f   LIBCMTD:sbheap.obj
 0001:00045980       ___sbh_free_block          40046980 f   LIBCMTD:sbheap.obj
 0001:00045f40       ___sbh_alloc_block         40046f40 f   LIBCMTD:sbheap.obj
 0001:00046460       ___sbh_alloc_new_region    40047460 f   LIBCMTD:sbheap.obj
 0001:00046570       ___sbh_alloc_new_group     40047570 f   LIBCMTD:sbheap.obj
 0001:00046760       ___sbh_resize_block        40047760 f   LIBCMTD:sbheap.obj
 0001:00046d30       ___sbh_heapmin             40047d30 f   LIBCMTD:sbheap.obj
 0001:00046e60       ___sbh_heap_check          40047e60 f   LIBCMTD:sbheap.obj
 0001:00047370       _sprintf                   40048370 f   LIBCMTD:sprintf.obj
 0001:00047460       __scprintf                 40048460 f   LIBCMTD:sprintf.obj
 0001:000474e0       ___crtInitCritSecAndSpinCount 400484e0 f   LIBCMTD:initcrit.obj
 0001:00047600       __ValidateEH3RN            40048600 f   LIBCMTD:eh3valid.obj
 0001:000479f0       ___addl                    400489f0 f   LIBCMTD:mantold.obj
 0001:00047a30       ___add_12                  40048a30 f   LIBCMTD:mantold.obj
 0001:00047ae0       ___shl_12                  40048ae0 f   LIBCMTD:mantold.obj
 0001:00047b40       ___shr_12                  40048b40 f   LIBCMTD:mantold.obj
 0001:00047bb0       ___mtold12                 40048bb0 f   LIBCMTD:mantold.obj
 0001:00047d00       _$I10_OUTPUT               40048d00 f   LIBCMTD:x10fout.obj
 0001:000481e0       ___ld12mul                 400491e0 f   LIBCMTD:tenpow.obj
 0001:000485d0       ___multtenpow12            400495d0 f   LIBCMTD:tenpow.obj
 0001:000486a0       __alloc_osfhnd             400496a0 f   LIBCMTD:osfinfo.obj
 0001:00048920       __set_osfhnd               40049920 f   LIBCMTD:osfinfo.obj
 0001:000489e0       __free_osfhnd              400499e0 f   LIBCMTD:osfinfo.obj
 0001:00048ac0       __get_osfhandle            40049ac0 f   LIBCMTD:osfinfo.obj
 0001:00048b30       __open_osfhandle           40049b30 f   LIBCMTD:osfinfo.obj
 0001:00048c80       __lock_fhandle             40049c80 f   LIBCMTD:osfinfo.obj
 0001:00048d70       __unlock_fhandle           40049d70 f   LIBCMTD:osfinfo.obj
 0001:00048da0       __lseeki64                 40049da0 f   LIBCMTD:lseeki64.obj
 0001:00048ec0       __lseeki64_lk              40049ec0 f   LIBCMTD:lseeki64.obj
 0001:00048f90       _fclose                    40049f90 f   LIBCMTD:fclose.obj
 0001:00049050       __fclose_lk                4004a050 f   LIBCMTD:fclose.obj
 0001:00049100       ___tzset                   4004a100 f   LIBCMTD:tzset.obj
 0001:00049190       __tzset                    4004a190 f   LIBCMTD:tzset.obj
 0001:00049620       __isindst                  4004a620 f   LIBCMTD:tzset.obj
 0001:00049c00       ___ascii_stricmp           4004ac00 f   LIBCMTD:_stricmp.obj
 0001:00049c50       ___getlocaleinfo           4004ac50 f   LIBCMTD:inithelp.obj
 0001:00049eb0       __stricmp                  4004aeb0 f   LIBCMTD:stricmp.obj
 0001:00049f60       __strnicmp                 4004af60 f   LIBCMTD:strnicmp.obj
 0001:0004a020       __close                    4004b020 f   LIBCMTD:close.obj
 0001:0004a110       __close_lk                 4004b110 f   LIBCMTD:close.obj
 0001:0004a1c0       _getenv                    4004b1c0 f   LIBCMTD:getenv.obj
 0001:0004a230       __getenv_lk                4004b230 f   LIBCMTD:getenv.obj
 0001:0004a300       ___crtGetLocaleInfoW       4004b300 f   LIBCMTD:w_loc.obj
 0001:0004a4e0       ___crtGetLocaleInfoA       4004b4e0 f   LIBCMTD:a_loc.obj
 0001:0004a6d0       ___ascii_strnicmp          4004b6d0 f   LIBCMTD:_strnicm.obj
 0001:0004a740       __mbsnbicoll               4004b740 f   LIBCMTD:mbsnbico.obj
 0001:0004a7b0       ___wtomb_environ           4004b7b0 f   LIBCMTD:wtombenv.obj
 0001:0004a8a0       ___crtCompareStringA       4004b8a0 f   LIBCMTD:a_cmp.obj
 0001:0004ae60       ___crtsetenv               4004be60 f   LIBCMTD:setenv.obj
 0001:0004b350       __mbschr                   4004c350 f   LIBCMTD:mbschr.obj
 0001:0004b418       _GetModuleFileNameA@12     4004c418 f   kernel32:KERNEL32.dll
 0001:0004b41e       _GetCurrentThreadId@0      4004c41e f   kernel32:KERNEL32.dll
 0001:0004b424       _GetCommandLineA@0         4004c424 f   kernel32:KERNEL32.dll
 0001:0004b42a       _GetVersionExA@4           4004c42a f   kernel32:KERNEL32.dll
 0001:0004b430       _DebugBreak@0              4004c430 f   kernel32:KERNEL32.dll
 0001:0004b436       _RaiseException@16         4004c436 f   kernel32:KERNEL32.dll
 0001:0004b43c       _GetProcAddress@8          4004c43c f   kernel32:KERNEL32.dll
 0001:0004b442       _LoadLibraryA@4            4004c442 f   kernel32:KERNEL32.dll
 0001:0004b448       _GetModuleHandleA@4        4004c448 f   kernel32:KERNEL32.dll
 0001:0004b44e       _TerminateProcess@8        4004c44e f   kernel32:KERNEL32.dll
 0001:0004b454       _GetCurrentProcess@0       4004c454 f   kernel32:KERNEL32.dll
 0001:0004b45a       _ExitProcess@4             4004c45a f   kernel32:KERNEL32.dll
 0001:0004b460       _GetLastError@0            4004c460 f   kernel32:KERNEL32.dll
 0001:0004b466       _SetConsoleCtrlHandler@8   4004c466 f   kernel32:KERNEL32.dll
 0001:0004b46c       _EnterCriticalSection@4    4004c46c f   kernel32:KERNEL32.dll
 0001:0004b472       _LeaveCriticalSection@4    4004c472 f   kernel32:KERNEL32.dll
 0001:0004b478       _GetStdHandle@4            4004c478 f   kernel32:KERNEL32.dll
 0001:0004b47e       _WriteFile@20              4004c47e f   kernel32:KERNEL32.dll
 0001:0004b484       _InterlockedDecrement@4    4004c484 f   kernel32:KERNEL32.dll
 0001:0004b48a       _OutputDebugStringA@4      4004c48a f   kernel32:KERNEL32.dll
 0001:0004b490       _InterlockedIncrement@4    4004c490 f   kernel32:KERNEL32.dll
 0001:0004b496       _TlsAlloc@0                4004c496 f   kernel32:KERNEL32.dll
 0001:0004b49c       _TlsFree@4                 4004c49c f   kernel32:KERNEL32.dll
 0001:0004b4a2       _TlsSetValue@8             4004c4a2 f   kernel32:KERNEL32.dll
 0001:0004b4a8       _TlsGetValue@4             4004c4a8 f   kernel32:KERNEL32.dll
 0001:0004b4ae       _SetLastError@4            4004c4ae f   kernel32:KERNEL32.dll
 0001:0004b4b4       _GetCurrentThread@0        4004c4b4 f   kernel32:KERNEL32.dll
 0001:0004b4ba       _WideCharToMultiByte@32    4004c4ba f   kernel32:KERNEL32.dll
 0001:0004b4c0       _MultiByteToWideChar@24    4004c4c0 f   kernel32:KERNEL32.dll
 0001:0004b4c6       _LCMapStringA@24           4004c4c6 f   kernel32:KERNEL32.dll
 0001:0004b4cc       _LCMapStringW@24           4004c4cc f   kernel32:KERNEL32.dll
 0001:0004b4d2       _IsBadWritePtr@8           4004c4d2 f   kernel32:KERNEL32.dll
 0001:0004b4d8       _IsBadReadPtr@8            4004c4d8 f   kernel32:KERNEL32.dll
 0001:0004b4de       _HeapValidate@12           4004c4de f   kernel32:KERNEL32.dll
 0001:0004b4e4       _SetHandleCount@4          4004c4e4 f   kernel32:KERNEL32.dll
 0001:0004b4ea       _GetFileType@4             4004c4ea f   kernel32:KERNEL32.dll
 0001:0004b4f0       _GetStartupInfoA@4         4004c4f0 f   kernel32:KERNEL32.dll
 0001:0004b4f6       _DeleteCriticalSection@4   4004c4f6 f   kernel32:KERNEL32.dll
 0001:0004b4fc       _FreeEnvironmentStringsA@4 4004c4fc f   kernel32:KERNEL32.dll
 0001:0004b502       _GetEnvironmentStrings@0   4004c502 f   kernel32:KERNEL32.dll
 0001:0004b508       _FreeEnvironmentStringsW@4 4004c508 f   kernel32:KERNEL32.dll
 0001:0004b50e       _GetEnvironmentStringsW@0  4004c50e f   kernel32:KERNEL32.dll
 0001:0004b514       _HeapDestroy@4             4004c514 f   kernel32:KERNEL32.dll
 0001:0004b51a       _HeapCreate@12             4004c51a f   kernel32:KERNEL32.dll
 0001:0004b520       _HeapFree@12               4004c520 f   kernel32:KERNEL32.dll
 0001:0004b526       _VirtualFree@12            4004c526 f   kernel32:KERNEL32.dll
 0001:0004b52c       _UnhandledExceptionFilter@4 4004c52c f   kernel32:KERNEL32.dll
 0001:0004b532       _RtlUnwind@16              4004c532 f   kernel32:KERNEL32.dll
 0001:0004b538       _HeapAlloc@12              4004c538 f   kernel32:KERNEL32.dll
 0001:0004b53e       _GetProcessHeap@0          4004c53e f   kernel32:KERNEL32.dll
 0001:0004b544       _CloseHandle@4             4004c544 f   kernel32:KERNEL32.dll
 0001:0004b54a       _FreeLibrary@4             4004c54a f   kernel32:KERNEL32.dll
 0001:0004b550       _FatalAppExitA@8           4004c550 f   kernel32:KERNEL32.dll
 0001:0004b556       _FlushFileBuffers@4        4004c556 f   kernel32:KERNEL32.dll
 0001:0004b55c       _QueryPerformanceCounter@4 4004c55c f   kernel32:KERNEL32.dll
 0001:0004b562       _GetTickCount@0            4004c562 f   kernel32:KERNEL32.dll
 0001:0004b568       _GetCurrentProcessId@0     4004c568 f   kernel32:KERNEL32.dll
 0001:0004b56e       _GetSystemTimeAsFileTime@4 4004c56e f   kernel32:KERNEL32.dll
 0001:0004b574       _SetFilePointer@16         4004c574 f   kernel32:KERNEL32.dll
 0001:0004b57a       _GetTimeFormatA@24         4004c57a f   kernel32:KERNEL32.dll
 0001:0004b580       _GetDateFormatA@24         4004c580 f   kernel32:KERNEL32.dll
 0001:0004b586       _GetCPInfo@8               4004c586 f   kernel32:KERNEL32.dll
 0001:0004b58c       _GetStringTypeA@20         4004c58c f   kernel32:KERNEL32.dll
 0001:0004b592       _GetStringTypeW@16         4004c592 f   kernel32:KERNEL32.dll
 0001:0004b598       _IsValidLocale@8           4004c598 f   kernel32:KERNEL32.dll
 0001:0004b59e       _IsValidCodePage@4         4004c59e f   kernel32:KERNEL32.dll
 0001:0004b5a4       _GetLocaleInfoA@16         4004c5a4 f   kernel32:KERNEL32.dll
 0001:0004b5aa       _EnumSystemLocalesA@8      4004c5aa f   kernel32:KERNEL32.dll
 0001:0004b5b0       _GetUserDefaultLCID@0      4004c5b0 f   kernel32:KERNEL32.dll
 0001:0004b5b6       _GetACP@0                  4004c5b6 f   kernel32:KERNEL32.dll
 0001:0004b5bc       _GetOEMCP@0                4004c5bc f   kernel32:KERNEL32.dll
 0001:0004b5c2       _VirtualProtect@16         4004c5c2 f   kernel32:KERNEL32.dll
 0001:0004b5c8       _VirtualAlloc@16           4004c5c8 f   kernel32:KERNEL32.dll
 0001:0004b5ce       _GetSystemInfo@4           4004c5ce f   kernel32:KERNEL32.dll
 0001:0004b5d4       _VirtualQuery@12           4004c5d4 f   kernel32:KERNEL32.dll
 0001:0004b5da       _HeapReAlloc@16            4004c5da f   kernel32:KERNEL32.dll
 0001:0004b5e0       _InitializeCriticalSection@4 4004c5e0 f   kernel32:KERNEL32.dll
 0001:0004b5e6       _InterlockedExchange@8     4004c5e6 f   kernel32:KERNEL32.dll
 0001:0004b5ec       _SetStdHandle@8            4004c5ec f   kernel32:KERNEL32.dll
 0001:0004b5f2       _GetTimeZoneInformation@4  4004c5f2 f   kernel32:KERNEL32.dll
 0001:0004b5f8       _GetLocaleInfoW@16         4004c5f8 f   kernel32:KERNEL32.dll
 0001:0004b5fe       _CompareStringA@24         4004c5fe f   kernel32:KERNEL32.dll
 0001:0004b604       _CompareStringW@24         4004c604 f   kernel32:KERNEL32.dll
 0001:0004b60a       _SetEnvironmentVariableA@8 4004c60a f   kernel32:KERNEL32.dll
 0002:00000000       __imp__GetModuleFileNameA@12 4004d000     kernel32:KERNEL32.dll
 0002:00000004       __imp__GetCurrentThreadId@0 4004d004     kernel32:KERNEL32.dll
 0002:00000008       __imp__GetCommandLineA@0   4004d008     kernel32:KERNEL32.dll
 0002:0000000c       __imp__GetVersionExA@4     4004d00c     kernel32:KERNEL32.dll
 0002:00000010       __imp__DebugBreak@0        4004d010     kernel32:KERNEL32.dll
 0002:00000014       __imp__RaiseException@16   4004d014     kernel32:KERNEL32.dll
 0002:00000018       __imp__GetProcAddress@8    4004d018     kernel32:KERNEL32.dll
 0002:0000001c       __imp__LoadLibraryA@4      4004d01c     kernel32:KERNEL32.dll
 0002:00000020       __imp__GetModuleHandleA@4  4004d020     kernel32:KERNEL32.dll
 0002:00000024       __imp__TerminateProcess@8  4004d024     kernel32:KERNEL32.dll
 0002:00000028       __imp__GetCurrentProcess@0 4004d028     kernel32:KERNEL32.dll
 0002:0000002c       __imp__ExitProcess@4       4004d02c     kernel32:KERNEL32.dll
 0002:00000030       __imp__GetLastError@0      4004d030     kernel32:KERNEL32.dll
 0002:00000034       __imp__SetConsoleCtrlHandler@8 4004d034     kernel32:KERNEL32.dll
 0002:00000038       __imp__EnterCriticalSection@4 4004d038     kernel32:KERNEL32.dll
 0002:0000003c       __imp__LeaveCriticalSection@4 4004d03c     kernel32:KERNEL32.dll
 0002:00000040       __imp__GetStdHandle@4      4004d040     kernel32:KERNEL32.dll
 0002:00000044       __imp__WriteFile@20        4004d044     kernel32:KERNEL32.dll
 0002:00000048       __imp__InterlockedDecrement@4 4004d048     kernel32:KERNEL32.dll
 0002:0000004c       __imp__OutputDebugStringA@4 4004d04c     kernel32:KERNEL32.dll
 0002:00000050       __imp__InterlockedIncrement@4 4004d050     kernel32:KERNEL32.dll
 0002:00000054       __imp__TlsAlloc@0          4004d054     kernel32:KERNEL32.dll
 0002:00000058       __imp__TlsFree@4           4004d058     kernel32:KERNEL32.dll
 0002:0000005c       __imp__TlsSetValue@8       4004d05c     kernel32:KERNEL32.dll
 0002:00000060       __imp__TlsGetValue@4       4004d060     kernel32:KERNEL32.dll
 0002:00000064       __imp__SetLastError@4      4004d064     kernel32:KERNEL32.dll
 0002:00000068       __imp__GetCurrentThread@0  4004d068     kernel32:KERNEL32.dll
 0002:0000006c       __imp__WideCharToMultiByte@32 4004d06c     kernel32:KERNEL32.dll
 0002:00000070       __imp__MultiByteToWideChar@24 4004d070     kernel32:KERNEL32.dll
 0002:00000074       __imp__LCMapStringA@24     4004d074     kernel32:KERNEL32.dll
 0002:00000078       __imp__LCMapStringW@24     4004d078     kernel32:KERNEL32.dll
 0002:0000007c       __imp__IsBadWritePtr@8     4004d07c     kernel32:KERNEL32.dll
 0002:00000080       __imp__IsBadReadPtr@8      4004d080     kernel32:KERNEL32.dll
 0002:00000084       __imp__HeapValidate@12     4004d084     kernel32:KERNEL32.dll
 0002:00000088       __imp__SetHandleCount@4    4004d088     kernel32:KERNEL32.dll
 0002:0000008c       __imp__GetFileType@4       4004d08c     kernel32:KERNEL32.dll
 0002:00000090       __imp__GetStartupInfoA@4   4004d090     kernel32:KERNEL32.dll
 0002:00000094       __imp__DeleteCriticalSection@4 4004d094     kernel32:KERNEL32.dll
 0002:00000098       __imp__FreeEnvironmentStringsA@4 4004d098     kernel32:KERNEL32.dll
 0002:0000009c       __imp__GetEnvironmentStrings@0 4004d09c     kernel32:KERNEL32.dll
 0002:000000a0       __imp__FreeEnvironmentStringsW@4 4004d0a0     kernel32:KERNEL32.dll
 0002:000000a4       __imp__GetEnvironmentStringsW@0 4004d0a4     kernel32:KERNEL32.dll
 0002:000000a8       __imp__HeapDestroy@4       4004d0a8     kernel32:KERNEL32.dll
 0002:000000ac       __imp__HeapCreate@12       4004d0ac     kernel32:KERNEL32.dll
 0002:000000b0       __imp__HeapFree@12         4004d0b0     kernel32:KERNEL32.dll
 0002:000000b4       __imp__VirtualFree@12      4004d0b4     kernel32:KERNEL32.dll
 0002:000000b8       __imp__UnhandledExceptionFilter@4 4004d0b8     kernel32:KERNEL32.dll
 0002:000000bc       __imp__RtlUnwind@16        4004d0bc     kernel32:KERNEL32.dll
 0002:000000c0       __imp__HeapAlloc@12        4004d0c0     kernel32:KERNEL32.dll
 0002:000000c4       __imp__GetProcessHeap@0    4004d0c4     kernel32:KERNEL32.dll
 0002:000000c8       __imp__CloseHandle@4       4004d0c8     kernel32:KERNEL32.dll
 0002:000000cc       __imp__FreeLibrary@4       4004d0cc     kernel32:KERNEL32.dll
 0002:000000d0       __imp__FatalAppExitA@8     4004d0d0     kernel32:KERNEL32.dll
 0002:000000d4       __imp__FlushFileBuffers@4  4004d0d4     kernel32:KERNEL32.dll
 0002:000000d8       __imp__QueryPerformanceCounter@4 4004d0d8     kernel32:KERNEL32.dll
 0002:000000dc       __imp__GetTickCount@0      4004d0dc     kernel32:KERNEL32.dll
 0002:000000e0       __imp__GetCurrentProcessId@0 4004d0e0     kernel32:KERNEL32.dll
 0002:000000e4       __imp__GetSystemTimeAsFileTime@4 4004d0e4     kernel32:KERNEL32.dll
 0002:000000e8       __imp__SetFilePointer@16   4004d0e8     kernel32:KERNEL32.dll
 0002:000000ec       __imp__GetTimeFormatA@24   4004d0ec     kernel32:KERNEL32.dll
 0002:000000f0       __imp__GetDateFormatA@24   4004d0f0     kernel32:KERNEL32.dll
 0002:000000f4       __imp__GetCPInfo@8         4004d0f4     kernel32:KERNEL32.dll
 0002:000000f8       __imp__GetStringTypeA@20   4004d0f8     kernel32:KERNEL32.dll
 0002:000000fc       __imp__GetStringTypeW@16   4004d0fc     kernel32:KERNEL32.dll
 0002:00000100       __imp__IsValidLocale@8     4004d100     kernel32:KERNEL32.dll
 0002:00000104       __imp__IsValidCodePage@4   4004d104     kernel32:KERNEL32.dll
 0002:00000108       __imp__GetLocaleInfoA@16   4004d108     kernel32:KERNEL32.dll
 0002:0000010c       __imp__EnumSystemLocalesA@8 4004d10c     kernel32:KERNEL32.dll
 0002:00000110       __imp__GetUserDefaultLCID@0 4004d110     kernel32:KERNEL32.dll
 0002:00000114       __imp__GetACP@0            4004d114     kernel32:KERNEL32.dll
[...]
 0001:00016690       _UI_SetLegsAnim            40017690 f   ui_players.obj
 0001:00016700       _UI_RunLerpFrame           40017700 f   ui_players.obj
 0001:000168e0       _UI_SetLerpFrameAnimation  400178e0 f   ui_players.obj
 0001:00016980       _UI_PlayerAngles           40017980 f   ui_players.obj
 0001:00016c00       _UI_SwingAngles            40017c00 f   ui_players.obj
 0001:00016e00       _UI_MovedirAdjustment      40017e00 f   ui_players.obj
 0001:00017050       _UI_PlayerFloatSprite      40018050 f   ui_players.obj
 0001:000173e0       _UI_RegisterClientSkin     400183e0 f   ui_players.obj
 0001:000174f0       _UI_ParseAnimationFile     400184f0 f   ui_players.obj
 0001:00017ea0       _PlayerSettings_MenuInit   40018ea0 f   ui_playersettings.obj
 0001:00018340       _PlayerSettings_DrawName   40019340 f   ui_playersettings.obj
 0001:00018580       _PlayerSettings_DrawHandicap 40019580 f   ui_playersettings.obj
 0001:00018650       _PlayerSettings_DrawEffects 40019650 f   ui_playersettings.obj
 0001:00018790       _PlayerSettings_DrawPlayer 40019790 f   ui_playersettings.obj
 0001:000188d0       _PlayerSettings_MenuKey    400198d0 f   ui_playersettings.obj
 0001:00018930       _PlayerSettings_SaveChanges 40019930 f   ui_playersettings.obj
 0001:000189c0       _PlayerSettings_SetMenuItems 400199c0 f   ui_playersettings.obj
 0001:00018b30       _PlayerSettings_MenuEvent  40019b30 f   ui_playersettings.obj
 0001:00018ce0       _Preferences_MenuInit      40019ce0 f   ui_preferences.obj
 0001:00019330       _Preferences_SetMenuItems  4001a330 f   ui_preferences.obj
 0001:000195d0       _Preferences_Event         4001a5d0 f   ui_preferences.obj
 0001:00019800       _Crosshair_Draw            4001a800 f   ui_preferences.obj
 0001:0001a9c0       _Text_Init                 4001b9c0 f   ui_qmenu.obj
 0001:0001aa00       _BText_Init                4001ba00 f   ui_qmenu.obj
 0001:0001aa40       _PText_Init                4001ba40 f   ui_qmenu.obj
 0001:0001ab60       _Action_Init               4001bb60 f   ui_qmenu.obj
 0001:0001abf0       _RadioButton_Init          4001bbf0 f   ui_qmenu.obj
 0001:0001ac90       _Slider_Init               4001bc90 f   ui_qmenu.obj
 0001:0001ad30       _SpinControl_Init          4001bd30 f   ui_qmenu.obj
 0001:0001ae20       _ScrollList_Init           4001be20 f   ui_qmenu.obj
 0001:0001b4b0       _Text_Draw                 4001c4b0 f   ui_qmenu.obj
 0001:0001b5b0       _BText_Draw                4001c5b0 f   ui_qmenu.obj
 0001:0001b640       _PText_Draw                4001c640 f   ui_qmenu.obj
 0001:0001b710       _Action_Draw               4001c710 f   ui_qmenu.obj
 0001:0001b840       _RadioButton_Draw          4001c840 f   ui_qmenu.obj
 0001:0001ba60       _Slider_Draw               4001ca60 f   ui_qmenu.obj
 0001:0001bc70       _SpinControl_Draw          4001cc70 f   ui_qmenu.obj
 0001:0001c290       _RadioButton_Key           4001d290 f   ui_qmenu.obj
 0001:0001c410       _Slider_Key                4001d410 f   ui_qmenu.obj
 0001:0001c610       _SpinControl_Key           4001d610 f   ui_qmenu.obj
 0001:0001ca00       _UI_RemoveBotsMenu_Init    4001da00 f   ui_removebots.obj
 0001:0001ce80       _UI_RemoveBotsMenu_SetBotNames 4001de80 f   ui_removebots.obj
 0001:0001cf80       _UI_RemoveBotsMenu_DeleteEvent 4001df80 f   ui_removebots.obj
 0001:0001cff0       _UI_RemoveBotsMenu_BotEvent 4001dff0 f   ui_removebots.obj
 0001:0001d050       _UI_RemoveBotsMenu_BackEvent 4001e050 f   ui_removebots.obj
 0001:0001d090       _UI_RemoveBotsMenu_UpEvent 4001e090 f   ui_removebots.obj
 0001:0001d0f0       _UI_RemoveBotsMenu_DownEvent 4001e0f0 f   ui_removebots.obj
 0001:0001d150       _UI_RemoveBotsMenu_GetBots 4001e150 f   ui_removebots.obj
 0001:0001d7b0       _ServerInfo_Event          4001e7b0 f   ui_serverinfo.obj
 0001:0001d830       _ServerInfo_MenuDraw       4001e830 f   ui_serverinfo.obj
 0001:0001d980       _ServerInfo_MenuKey        4001e980 f   ui_serverinfo.obj
 0001:0001daf0       _ArenaServers_MaxPing      4001eaf0 f   ui_servers2.obj
 0001:0001db50       _ArenaServers_Insert       4001eb50 f   ui_servers2.obj
 0001:0001e180       _ArenaServers_Compare      4001f180 f   ui_servers2.obj
 0001:0001e4b0       _ArenaServers_UpdateMenu   4001f4b0 f   ui_servers2.obj
 0001:0001e9f0       _ArenaServers_UpdatePicture 4001f9f0 f   ui_servers2.obj
 0001:0001ea80       _ArenaServers_StartRefresh 4001fa80 f   ui_servers2.obj
 0001:0001ee70       _ArenaServers_MenuInit     4001fe70 f   ui_servers2.obj
 0001:0001f8f0       _ArenaServers_Event        400208f0 f   ui_servers2.obj
 0001:0001fb50       _ArenaServers_Go           40020b50 f   ui_servers2.obj
 0001:0001fbc0       _ArenaServers_Remove       40020bc0 f   ui_servers2.obj
 0001:0001fd60       _ArenaServers_StopRefresh  40020d60 f   ui_servers2.obj
 0001:0001fe00       _Punkbuster_ConfirmEnable  40020e00 f   ui_servers2.obj
 0001:0001fe70       _Punkbuster_ConfirmDisable 40020e70 f   ui_servers2.obj
 0001:0001fef0       _ArenaServers_MenuDraw     40020ef0 f   ui_servers2.obj
 0001:0001ff40       _ArenaServers_DoRefresh    40020f40 f   ui_servers2.obj
 0001:00020290       _ArenaServers_MenuKey      40021290 f   ui_servers2.obj
 0001:00020410       _UI_SetupMenu_Init         40021410 f   ui_setup.obj
 0001:000208d0       _UI_SetupMenu_Event        400218d0 f   ui_setup.obj
 0001:000209a0       _Setup_ResetDefaults_Action 400219a0 f   ui_setup.obj
 0001:00020a10       _Setup_ResetDefaults_Draw  40021a10 f   ui_setup.obj
 0001:00020b50       _UI_SoundOptionsMenu_Init  40021b50 f   ui_sound.obj
 0001:000210a0       _UI_SoundOptionsMenu_Event 400220a0 f   ui_sound.obj
 0001:00021650       _SpecifyServer_Event       40022650 f   ui_specifyserver.obj
 0001:00021ba0       _UI_SPLevelMenu_Init       40022ba0 f   ui_splevel.obj
 0001:00022440       _PlayerIcon                40023440 f   ui_splevel.obj
 0001:00022540       _UI_SPLevelMenu_SetMenuItems 40023540 f   ui_splevel.obj
 0001:000228d0       _UI_SPLevelMenu_SetBots    400238d0 f   ui_splevel.obj
 0001:00022ac0       _PlayerIconHandle          40023ac0 f   ui_splevel.obj
 0001:00022b40       _UI_SPLevelMenu_SetMenuArena 40023b40 f   ui_splevel.obj
 0001:00022d00       _UI_SPLevelMenu_ResetEvent 40023d00 f   ui_splevel.obj
 0001:00022d60       _UI_SPLevelMenu_ResetDraw  40023d60 f   ui_splevel.obj
 0001:00022e10       _UI_SPLevelMenu_ResetAction 40023e10 f   ui_splevel.obj
 0001:00022e70       _UI_SPLevelMenu_LevelEvent 40023e70 f   ui_splevel.obj
 0001:00022f30       _UI_SPLevelMenu_LeftArrowEvent 40023f30 f   ui_splevel.obj
 0001:00022f90       _UI_SPLevelMenu_RightArrowEvent 40023f90 f   ui_splevel.obj
 0001:00022ff0       _UI_SPLevelMenu_PlayerEvent 40023ff0 f   ui_splevel.obj
 0001:00023030       _UI_SPLevelMenu_AwardEvent 40024030 f   ui_splevel.obj
 0001:00023090       _UI_SPLevelMenu_NextEvent  40024090 f   ui_splevel.obj
 0001:00023100       _UI_SPLevelMenu_BackEvent  40024100 f   ui_splevel.obj
 0001:00023160       _UI_SPLevelMenu_CustomEvent 40024160 f   ui_splevel.obj
 0001:000231b0       _UI_SPLevelMenu_MenuDraw   400241b0 f   ui_splevel.obj
 0001:00024000       _UI_SPPostgameMenu_Init    40025000 f   ui_sppostgame.obj
 0001:000241d0       _UI_SPPostgameMenu_AgainEvent 400251d0 f   ui_sppostgame.obj
 0001:00024220       _UI_SPPostgameMenu_NextEvent 40025220 f   ui_sppostgame.obj
 0001:000242f0       _UI_SPPostgameMenu_MenuEvent 400252f0 f   ui_sppostgame.obj
 0001:00024340       _UI_SPPostgameMenu_MenuKey 40025340 f   ui_sppostgame.obj
 0001:00024420       _UI_SPPostgameMenu_MenuDraw 40025420 f   ui_sppostgame.obj
 0001:000247d0       _UI_SPPostgameMenu_DrawAwardsMedals 400257d0 f   ui_sppostgame.obj
 0001:00024910       _UI_SPPostgameMenu_DrawAwardsPresentation 40025910 f   ui_sppostgame.obj
 0001:00024a40       _UI_SPPostgameMenu_MenuDrawScoreLine 40025a40 f   ui_sppostgame.obj
 0001:00024bb0       _Prepname                  40025bb0 f   ui_sppostgame.obj
 0001:00024fd0       _Reset_MenuKey             40025fd0 f   ui_spreset.obj
 0001:000250e0       _Reset_MenuDraw            400260e0 f   ui_spreset.obj
 0001:00025360       _UI_SPSkillMenu_Init       40026360 f   ui_spskill.obj
 0001:00025830       _SetSkillColor             40026830 f   ui_spskill.obj
 0001:000258d0       _UI_SPSkillMenu_SkillEvent 400268d0 f   ui_spskill.obj
 0001:000259a0       _UI_SPSkillMenu_FightEvent 400269a0 f   ui_spskill.obj
 0001:000259f0       _UI_SPSkillMenu_BackEvent  400269f0 f   ui_spskill.obj
 0001:00025a40       _UI_SPSkillMenu_Key        40026a40 f   ui_spskill.obj
 0001:00025cb0       _GametypeBits              40026cb0 f   ui_startserver.obj
 0001:00025e50       _StartServer_MenuInit      40026e50 f   ui_startserver.obj
 0001:00026500       _StartServer_MapEvent      40027500 f   ui_startserver.obj
 0001:00026560       _StartServer_Update        40027560 f   ui_startserver.obj
 0001:000267c0       _StartServer_GametypeEvent 400277c0 f   ui_startserver.obj
 0001:00026930       _StartServer_MenuEvent     40027930 f   ui_startserver.obj
 0001:00026a30       _StartServer_LevelshotDraw 40027a30 f   ui_startserver.obj
 0001:00026cc0       _UI_ServerOptionsMenu      40027cc0 f   ui_startserver.obj
 0001:00026d10       _ServerOptions_MenuInit    40027d10 f   ui_startserver.obj
 0001:000276b0       _ServerOptions_Event       400286b0 f   ui_startserver.obj
 0001:00027770       _ServerOptions_Start       40028770 f   ui_startserver.obj
 0001:00027bd0       _ServerOptions_SetPlayerItems 40028bd0 f   ui_startserver.obj
 0001:00027d10       _ServerOptions_PlayerNameEvent 40028d10 f   ui_startserver.obj
 0001:00027d70       _ServerOptions_StatusBar   40028d70 f   ui_startserver.obj
 0001:00027dd0       _ServerOptions_LevelshotDraw 40028dd0 f   ui_startserver.obj
 0001:00027ef0       _ServerOptions_SetMenuItems 40028ef0 f   ui_startserver.obj
 0001:00028210       _ServerOptions_InitPlayerItems 40029210 f   ui_startserver.obj
 0001:000283a0       _ServerOptions_InitBotNames 400293a0 f   ui_startserver.obj
 0001:00028690       _PlayerName_Draw           40029690 f   ui_startserver.obj
 0001:00028920       _UI_BotSelectMenu_Init     40029920 f   ui_startserver.obj
 0001:00028ec0       _UI_BotSelectMenu_BuildList 40029ec0 f   ui_startserver.obj
 0001:00028f90       _UI_BotSelectMenu_SortCompare 40029f90 f   ui_startserver.obj
 0001:00029030       _UI_BotSelectMenu_UpdateGrid 4002a030 f   ui_startserver.obj
 0001:000292f0       _BotAlreadySelected        4002a2f0 f   ui_startserver.obj
 0001:000293a0       _ServerPlayerIcon          4002a3a0 f   ui_startserver.obj
 0001:000294a0       _UI_BotSelectMenu_Default  4002a4a0 f   ui_startserver.obj
 0001:00029590       _UI_BotSelectMenu_LeftEvent 4002a590 f   ui_startserver.obj
 0001:00029600       _UI_BotSelectMenu_RightEvent 4002a600 f   ui_startserver.obj
 0001:00029670       _UI_BotSelectMenu_BotEvent 4002a670 f   ui_startserver.obj
 0001:00029750       _UI_BotSelectMenu_BackEvent 4002a750 f   ui_startserver.obj
 0001:00029790       _UI_BotSelectMenu_SelectEvent 4002a790 f   ui_startserver.obj
 0001:0002b970       _TeamMain_MenuEvent        4002c970 f   ui_team.obj
 0001:0002bd90       _UI_TeamOrdersMenu_Init    4002cd90 f   ui_teamorders.obj
 0001:0002bf80       _UI_TeamOrdersMenu_BackEvent 4002cf80 f   ui_teamorders.obj
 0001:0002bfc0       _UI_TeamOrdersMenu_SetList 4002cfc0 f   ui_teamorders.obj
 0001:0002c070       _UI_TeamOrdersMenu_ListDraw 4002d070 f   ui_teamorders.obj
 0001:0002c150       _UI_TeamOrdersMenu_ListEvent 4002d150 f   ui_teamorders.obj
 0001:0002c290       _UI_TeamOrdersMenu_BuildBotList 4002d290 f   ui_teamorders.obj
 0001:0002c700       _GraphicsOptions_UpdateMenuItems 4002d700 f   ui_video.obj
 0001:0002c900       _GraphicsOptions_CheckConfig 4002d900 f   ui_video.obj
 0001:0002d2c0       _GraphicsOptions_GetInitialVideo 4002e2c0 f   ui_video.obj
 0001:0002d350       _GraphicsOptions_ApplyChanges 4002e350 f   ui_video.obj
 0001:0002d5f0       _GraphicsOptions_Event     4002e5f0 f   ui_video.obj
 0001:0002d760       _UI_DriverInfo_Menu        4002e760 f   ui_video.obj
 0001:0002da60       _DriverInfo_Event          4002ea60 f   ui_video.obj
 0001:0002dac0       _DriverInfo_MenuDraw       4002eac0 f   ui_video.obj
 0001:0002dca0       _GraphicsOptions_TQEvent   4002eca0 f   ui_video.obj
 0001:0002dcf0       _GraphicsOptions_SetMenuItems 4002ecf0 f   ui_video.obj
 0001:0002f7a0       _$$$00001                  400307a0 f   LIBCMTD:strchr.obj
 0001:0002fe80       _shortsort                 40030e80 f   LIBCMTD:qsort.obj
 0001:0002fef0       _swap                      40030ef0 f   LIBCMTD:qsort.obj
 0001:00030970       ?failwithmessage@@YAXPAXHHPBD@Z 40031970 f   LIBCMTD:error.obj
 0001:00030a60       ?DebuggerProbe@@YAHK@Z     40031a60 f   LIBCMTD:error.obj
 0001:00030ae0       ?DebuggerRuntime@@YAHKHPAXPB_W@Z 40031ae0 f   LIBCMTD:error.obj
 0001:00030d70       ?IntToString@@YAPADH@Z     40031d70 f   LIBCMTD:error.obj
 0001:00030f60       ?_IsDebuggerPresent@@YAHXZ 40031f60 f   LIBCMTD:error.obj
 0001:00030f90       ?Initialize@@YAHXZ         40031f90 f   LIBCMTD:error.obj
 0001:00031010       ?Win95IsDebuggerPresent@@YGHXZ 40032010 f   LIBCMTD:error.obj
 0001:00031020       ?WinGetDebugContext@@YAPAXXZ 40032020 f   LIBCMTD:error.obj
 0001:00031030       ?GetCurrentTib@@YAPAU_TIB@@XZ 40032030 f   LIBCMTD:error.obj
 0001:00031370       __cftoe2                   40032370 f   LIBCMTD:cvt.obj
 0001:00031560       __cftof2                   40032560 f   LIBCMTD:cvt.obj
 0001:00031800       __shift                    40032800 f   LIBCMTD:cvt.obj
 0001:00031923       _$$$00003                  40032923 f   LIBCMTD:87disp.obj
 0001:00032d70       __get_fname                40033d70 f   LIBCMTD:fpexcept.obj
 0001:00033170       _$$$00001                  40034170 f   LIBCMTD:87triga.obj
 0001:000335a0       _doexit                    400345a0 f   LIBCMTD:crt0dat.obj
 0001:00033740       __initterm                 40034740 f   LIBCMTD:crt0dat.obj
 0001:00033770       __initterm_e               40034770 f   LIBCMTD:crt0dat.obj
 0001:00033a20       _ctrlevent_capture@4       40034a20 f   LIBCMTD:winsig.obj
 0001:00033d50       _siglookup                 40034d50 f   LIBCMTD:winsig.obj
 0001:00033f90       _xtoa                      40034f90 f   LIBCMTD:xtoa.obj
 0001:00034110       _x64toa@20                 40035110 f   LIBCMTD:xtoa.obj
 0001:00034510       _flsall                    40035510 f   LIBCMTD:fflush.obj
 0001:00034b80       _report_failure            40035b80 f   LIBCMTD:secchk.obj
 0001:00035c20       _write_char                40036c20 f   LIBCMTD:output.obj
 0001:00035cc0       _write_multi_char          40036cc0 f   LIBCMTD:output.obj
 0001:00035d00       _write_string              40036d00 f   LIBCMTD:output.obj
 0001:00035d70       _get_int_arg               40036d70 f   LIBCMTD:output.obj
 0001:00035d90       _get_int64_arg             40036d90 f   LIBCMTD:output.obj
 0001:00035db0       _get_short_arg             40036db0 f   LIBCMTD:output.obj
 0001:000365a0       _CrtMessageWindow          400375a0 f   LIBCMTD:dbgrpt.obj
 0001:00036ab0       ___updatetlocinfo_lk       40037ab0 f   LIBCMTD:setlocal.obj
 0001:00036ea0       __setlocale_lk             40037ea0 f   LIBCMTD:setlocal.obj
 0001:00037250       __setlocale_set_cat        40038250 f   LIBCMTD:setlocal.obj
 0001:00037620       __setlocale_get_all        40038620 f   LIBCMTD:setlocal.obj
 0001:000385f0       _strncnt                   400395f0 f   LIBCMTD:a_map.obj
 0001:00038db0       _realloc_help              40039db0 f   LIBCMTD:dbgheap.obj
 0001:00039af0       _CheckBytes                4003aaf0 f   LIBCMTD:dbgheap.obj
 0001:0003a840       __printMemBlockData        4003b840 f   LIBCMTD:dbgheap.obj
 0001:0003b660       _parse_cmdline             4003c660 f   LIBCMTD:stdargv.obj
 0001:0003c040       _xcptlookup                4003d040 f   LIBCMTD:winxfltr.obj
 0001:0003c0ac       $$$00001                   4003d0ac f   LIBCMTD:exsup.obj
 0001:0003c0cc       __unwind_handler           4003d0cc f   LIBCMTD:exsup.obj
 0001:0003c0cc       $$$00003                   4003d0cc f   LIBCMTD:exsup.obj
 0001:0003c0ee       $$$00005                   4003d0ee f   LIBCMTD:exsup.obj
 0001:0003c156       $$$00007                   4003d156 f   LIBCMTD:exsup.obj
 0001:0003c19a       $$$00011                   4003d19a f   LIBCMTD:exsup.obj
 0001:0003c2a5       $$$00003                   4003d2a5 f   LIBCMTD:exsup3.obj
 0001:0003c900       ?GetImageInfo@@YAPAUImageInfo@@K@Z 4003d900 f   LIBCMTD:pdblkup.obj
 0001:0003ccc0       ?GetPdbDll@@YAPAUHINSTANCE__@@XZ 4003dcc0 f   LIBCMTD:pdblkup.obj
 0001:0003cf00       __abstract_cw              4003df00 f   LIBCMTD:ieee87.obj
 0001:0003d050       __hw_cw                    4003e050 f   LIBCMTD:ieee87.obj
 0001:0003d1b0       __abstract_sw              4003e1b0 f   LIBCMTD:ieee87.obj
 0001:0003ea70       __onexit_lk                4003fa70 f   LIBCMTD:onexit.obj
 0001:00040950       __expandtime               40041950 f   LIBCMTD:strftime.obj
 0001:00040f30       __store_str                40041f30 f   LIBCMTD:strftime.obj
 0001:00040f80       __store_num                40041f80 f   LIBCMTD:strftime.obj
 0001:00041030       __store_number             40042030 f   LIBCMTD:strftime.obj
 0001:000410e0       __store_winword            400420e0 f   LIBCMTD:strftime.obj
 0001:00041a40       __get_lc_time              40042a40 f   LIBCMTD:inittime.obj
 0001:00042580       _fix_grouping              40043580 f   LIBCMTD:initnum.obj
 0001:00042a20       _fix_grouping              40043a20 f   LIBCMTD:initmon.obj
 0001:000435d0       _TranslateName             400445d0 f   LIBCMTD:getqloc.obj
 0001:00043660       _GetLcidFromLangCountry    40044660 f   LIBCMTD:getqloc.obj
 0001:00043720       _LangCountryEnumProc@4     40044720 f   LIBCMTD:getqloc.obj
 0001:00043aa0       _GetLcidFromLanguage       40044aa0 f   LIBCMTD:getqloc.obj
 0001:00043b10       _LanguageEnumProc@4        40044b10 f   LIBCMTD:getqloc.obj
 0001:00043c60       _GetLcidFromCountry        40044c60 f   LIBCMTD:getqloc.obj
 0001:00043cb0       _CountryEnumProc@4         40044cb0 f   LIBCMTD:getqloc.obj
 0001:00043d80       _GetLcidFromDefault        40044d80 f   LIBCMTD:getqloc.obj
 0001:00043db0       _ProcessCodePage           40044db0 f   LIBCMTD:getqloc.obj
 0001:00043e60       _TestDefaultCountry        40044e60 f   LIBCMTD:getqloc.obj
 0001:00043eb0       _TestDefaultLanguage       40044eb0 f   LIBCMTD:getqloc.obj
 0001:00043f50       _crtGetLocaleInfoA@16      40044f50 f   LIBCMTD:getqloc.obj
 0001:000440e0       _LcidFromHexString         400450e0 f   LIBCMTD:getqloc.obj
 0001:00044160       _GetPrimaryLen             40045160 f   LIBCMTD:getqloc.obj
 0001:00044470       _getSystemCP               40045470 f   LIBCMTD:mbctype.obj
 0001:000444d0       __setmbcp_lk               400454d0 f   LIBCMTD:mbctype.obj
 0001:000447c0       _CPtoLCID                  400457c0 f   LIBCMTD:mbctype.obj
 0001:00044840       _setSBCS                   40045840 f   LIBCMTD:mbctype.obj
 0001:000448c0       _setSBUpLow                400458c0 f   LIBCMTD:mbctype.obj
 0001:000475e0       ___crtInitCritSecNoSpinCount@8 400485e0 f   LIBCMTD:initcrit.obj
 0001:00049200       __tzset_lk                 4004a200 f   LIBCMTD:tzset.obj
 0001:00049690       __isindst_lk               4004a690 f   LIBCMTD:tzset.obj
 0001:00049960       _cvtdate                   4004a960 f   LIBCMTD:tzset.obj
 0001:0004ae10       _strncnt                   4004be10 f   LIBCMTD:a_cmp.obj
 0001:0004b1e0       _findenv                   4004c1e0 f   LIBCMTD:setenv.obj
 0001:0004b260       _copy_environ              4004c260 f   LIBCMTD:setenv.obj
