 qagamex86

 Timestamp is 48822d15 (Sat Jul 19 14:06:13 2008)

 Preferred load address is 20000000

 Start         Length     Name                   Class
 0001:00000000 0006e384H .text                   CODE
 0002:00000000 00000268H .idata$5                DATA
 0002:00000270 0000ab35H .rdata                  DATA
 0002:0000ada8 0000004bH .rdata$debug            DATA
 0002:0000adf4 00000004H .rtc$IAA                DATA
 0002:0000adf8 00000004H .rtc$IZZ                DATA
 0002:0000adfc 00000004H .rtc$TAA                DATA
 0002:0000ae00 00000004H .rtc$TZZ                DATA
 0002:0000ae04 00000028H .idata$2                DATA
 0002:0000ae2c 00000014H .idata$3                DATA
 0002:0000ae40 00000268H .idata$4                DATA
 0002:0000b0a8 00000a98H .idata$6                DATA
 0002:0000bb40 0000005aH .edata                  DATA
 0003:00000000 00000004H .CRT$XCA                DATA
 0003:00000004 00000004H .CRT$XCAA               DATA
 0003:00000008 00000004H .CRT$XCZ                DATA
 0003:0000000c 00000004H .CRT$XIA                DATA
 0003:00000010 00000010H .CRT$XIC                DATA
 0003:00000020 00000004H .CRT$XIZ                DATA
 0003:00000024 00000004H .CRT$XPA                DATA
 0003:00000028 00000004H .CRT$XPX                DATA
 0003:0000002c 00000004H .CRT$XPZ                DATA
 0003:00000030 00000004H .CRT$XTA                DATA
 0003:00000034 00000004H .CRT$XTZ                DATA
 0003:00000040 00002e0cH .data                   DATA
 0003:00002e60 00154a1cH .bss                    DATA

  Address         Publics by Value              Rva+Base     Lib:Object

 0000:00000000       ___safe_se_handler_table   00000000     <absolute>
 0000:00000000       __except_list              00000000     <absolute>
 0000:00000000       ___safe_se_handler_count   00000000     <absolute>
 0001:00000000       _BotNumActivePlayers       20001000 f   ai_chat.obj
 0001:000000f0       _BotIsFirstInRankings      200010f0 f   ai_chat.obj
 0001:00000200       _BotIsLastInRankings       20001200 f   ai_chat.obj
 0001:00000310       _BotFirstClientInRankings  20001310 f   ai_chat.obj
 0001:00000440       _BotLastClientInRankings   20001440 f   ai_chat.obj
 0001:00000570       _BotRandomOpponentName     20001570 f   ai_chat.obj
 0001:00000740       _BotMapTitle               20001740 f   ai_chat.obj
 0001:000007a0       _BotWeaponNameForMeansOfDeath 200017a0 f   ai_chat.obj
 0001:00000870       _BotRandomWeaponName       20001870 f   ai_chat.obj
 0001:00000920       _BotVisibleEnemies         20001920 f   ai_chat.obj
 0001:00000a30       _BotValidChatPosition      20001a30 f   ai_chat.obj
 0001:00000bf0       _BotChat_EnterGame         20001bf0 f   ai_chat.obj
 0001:00000d30       _BotChat_ExitGame          20001d30 f   ai_chat.obj
 0001:00000e60       _BotChat_StartLevel        20001e60 f   ai_chat.obj
 0001:00000fa0       _BotChat_EndLevel          20001fa0 f   ai_chat.obj
 0001:000011c0       _BotChat_Death             200021c0 f   ai_chat.obj
 0001:00001650       _BotChat_Kill              20002650 f   ai_chat.obj
 0001:000018e0       _BotChat_EnemySuicide      200028e0 f   ai_chat.obj
 0001:00001a40       _BotChat_HitTalking        20002a40 f   ai_chat.obj
 0001:00001c00       _BotChat_HitNoDeath        20002c00 f   ai_chat.obj
 0001:00001df0       _BotChat_HitNoKill         20002df0 f   ai_chat.obj
 0001:00001fa0       _BotChat_Random            20002fa0 f   ai_chat.obj
 0001:00002260       _BotChatTime               20003260 f   ai_chat.obj
 0001:000022a0       _BotChatTest               200032a0 f   ai_chat.obj
 0001:00003000       _BotPrintTeamGoal          20004000 f   ai_cmd.obj
 0001:00003230       _BotGetItemTeamGoal        20004230 f   ai_cmd.obj
 0001:000032a0       _BotGetMessageTeamGoal     200042a0 f   ai_cmd.obj
 0001:00003310       _BotGetTime                20004310 f   ai_cmd.obj
 0001:00003440       _FindClientByName          20004440 f   ai_cmd.obj
 0001:00003530       _FindEnemyByName           20004530 f   ai_cmd.obj
 0001:00003640       _NumPlayersOnSameTeam      20004640 f   ai_cmd.obj
 0001:000036f0       _BotGetPatrolWaypoints     200046f0 f   ai_cmd.obj
 0001:000039a0       _BotAddressedToBot         200049a0 f   ai_cmd.obj
 0001:00003c30       _BotGPSToPosition          20004c30 f   ai_cmd.obj
 0001:00003d40       _BotMatch_HelpAccompany    20004d40 f   ai_cmd.obj
 0001:000041e0       _BotMatch_DefendKeyArea    200051e0 f   ai_cmd.obj
 0001:00004360       _BotMatch_GetItem          20005360 f   ai_cmd.obj
 0001:000044a0       _BotMatch_Camp             200054a0 f   ai_cmd.obj
 0001:00004870       _BotMatch_Patrol           20005870 f   ai_cmd.obj
 0001:000049c0       _BotMatch_GetFlag          200059c0 f   ai_cmd.obj
 0001:00004b10       _BotMatch_AttackEnemyBase  20005b10 f   ai_cmd.obj
 0001:00004c40       _BotMatch_RushBase         20005c40 f   ai_cmd.obj
 0001:00004d70       _BotMatch_TaskPreference   20005d70 f   ai_cmd.obj
 0001:00004f20       _BotMatch_ReturnFlag       20005f20 f   ai_cmd.obj
 0001:00005030       _BotMatch_JoinSubteam      20006030 f   ai_cmd.obj
 0001:00005110       _BotMatch_LeaveSubteam     20006110 f   ai_cmd.obj
 0001:000051e0       _BotMatch_WhichTeam        200061e0 f   ai_cmd.obj
 0001:00005280       _BotMatch_CheckPoint       20006280 f   ai_cmd.obj
 0001:00005540       _BotMatch_FormationSpace   20006540 f   ai_cmd.obj
 0001:00005620       _BotMatch_Dismiss          20006620 f   ai_cmd.obj
 0001:000056f0       _BotMatch_Suicide          200066f0 f   ai_cmd.obj
 0001:000057a0       _BotMatch_StartTeamLeaderShip 200067a0 f   ai_cmd.obj
 0001:00005860       _BotMatch_StopTeamLeaderShip 20006860 f   ai_cmd.obj
 0001:00005940       _BotMatch_WhoIsTeamLeader  20006940 f   ai_cmd.obj
 0001:000059b0       _BotMatch_WhatAreYouDoing  200069b0 f   ai_cmd.obj
 0001:00005c40       _BotMatch_WhatIsMyCommand  20006c40 f   ai_cmd.obj
 0001:00005c90       _BotNearestVisibleItem     20006c90 f   ai_cmd.obj
 0001:00005e10       _BotMatch_WhereAreYou      20006e10 f   ai_cmd.obj
 0001:000060f0       _BotMatch_LeadTheWay       200070f0 f   ai_cmd.obj
 0001:000063d0       _BotMatch_Kill             200073d0 f   ai_cmd.obj
 0001:00006530       _BotMatch_CTF              20007530 f   ai_cmd.obj
 0001:000066f0       _BotMatch_EnterGame        200076f0 f   ai_cmd.obj
 0001:00006740       _BotMatch_NewLeader        20007740 f   ai_cmd.obj
 0001:000067b0       _BotMatchMessage           200077b0 f   ai_cmd.obj
 0001:00006b90       _BotResetNodeSwitches      20007b90 f   ai_dmnet.obj
 0001:00006bb0       _BotDumpNodeSwitches       20007bb0 f   ai_dmnet.obj
 0001:00006c40       _BotRecordNodeSwitch       20007c40 f   ai_dmnet.obj
 0001:00006ce0       _BotGetAirGoal             20007ce0 f   ai_dmnet.obj
 0001:00006e90       _BotGoForAir               20007e90 f   ai_dmnet.obj
 0001:00006f80       _BotNearbyGoal             20007f80 f   ai_dmnet.obj
 0001:00007040       _BotReachedGoal            20008040 f   ai_dmnet.obj
 0001:00007200       _BotGetItemLongTermGoal    20008200 f   ai_dmnet.obj
 0001:00007350       _BotGetLongTermGoal        20008350 f   ai_dmnet.obj
 0001:00009190       _BotLongTermGoal           2000a190 f   ai_dmnet.obj
 0001:000096a0       _AIEnter_Intermission      2000a6a0 f   ai_dmnet.obj
 0001:00009720       _AINode_Intermission       2000a720 f   ai_dmnet.obj
 0001:000097a0       _AIEnter_Observer          2000a7a0 f   ai_dmnet.obj
 0001:000097f0       _AINode_Observer           2000a7f0 f   ai_dmnet.obj
 0001:00009830       _AIEnter_Stand             2000a830 f   ai_dmnet.obj
 0001:00009880       _AINode_Stand              2000a880 f   ai_dmnet.obj
 0001:000099b0       _AIEnter_Respawn           2000a9b0 f   ai_dmnet.obj
 0001:00009ac0       _AINode_Respawn            2000aac0 f   ai_dmnet.obj
 0001:00009bd0       _BotSelectActivateWeapon   2000abd0 f   ai_dmnet.obj
 0001:00009cd0       _BotClearPath              2000acd0 f   ai_dmnet.obj
 0001:0000a140       _AIEnter_Seek_ActivateEntity 2000b140 f   ai_dmnet.obj
 0001:0000a180       _AINode_Seek_ActivateEntity 2000b180 f   ai_dmnet.obj
 0001:0000a990       _AIEnter_Seek_NBG          2000b990 f   ai_dmnet.obj
 0001:0000aa20       _AINode_Seek_NBG           2000ba20 f   ai_dmnet.obj
 0001:0000aed0       _AIEnter_Seek_LTG          2000bed0 f   ai_dmnet.obj
 0001:0000af60       _AINode_Seek_LTG           2000bf60 f   ai_dmnet.obj
 0001:0000b5d0       _AIEnter_Battle_Fight      2000c5d0 f   ai_dmnet.obj
 0001:0000b620       _AIEnter_Battle_SuicidalFight 2000c620 f   ai_dmnet.obj
 0001:0000b680       _AINode_Battle_Fight       2000c680 f   ai_dmnet.obj
 0001:0000bbe0       _AIEnter_Battle_Chase      2000cbe0 f   ai_dmnet.obj
 0001:0000bc30       _AINode_Battle_Chase       2000cc30 f   ai_dmnet.obj
 0001:0000c190       _AIEnter_Battle_Retreat    2000d190 f   ai_dmnet.obj
 0001:0000c1d0       _AINode_Battle_Retreat     2000d1d0 f   ai_dmnet.obj
 0001:0000c820       _AIEnter_Battle_NBG        2000d820 f   ai_dmnet.obj
 0001:0000c860       _AINode_Battle_NBG         2000d860 f   ai_dmnet.obj
 0001:0000cd90       _BotSetUserInfo            2000dd90 f   ai_dmq3.obj
 0001:0000ce00       _BotCTFCarryingFlag        2000de00 f   ai_dmq3.obj
 0001:0000ce50       _BotTeam                   2000de50 f   ai_dmq3.obj
 0001:0000cef0       _BotOppositeTeam           2000def0 f   ai_dmq3.obj
 0001:0000cf30       _BotEnemyFlag              2000df30 f   ai_dmq3.obj
 0001:0000cf60       _BotTeamFlag               2000df60 f   ai_dmq3.obj
 0001:0000cf90       _EntityIsDead              2000df90 f   ai_dmq3.obj
 0001:0000cfe0       _EntityCarriesFlag         2000dfe0 f   ai_dmq3.obj
 0001:0000d020       _EntityIsInvisible         2000e020 f   ai_dmq3.obj
 0001:0000d060       _EntityIsShooting          2000e060 f   ai_dmq3.obj
 0001:0000d090       _EntityIsChatting          2000e090 f   ai_dmq3.obj
 0001:0000d0c0       _EntityHasQuad             2000e0c0 f   ai_dmq3.obj
 0001:0000d0f0       _BotRememberLastOrderedTask 2000e0f0 f   ai_dmq3.obj
 0001:0000d170       _BotSetTeamStatus          2000e170 f   ai_dmq3.obj
 0001:0000d180       _BotSetLastOrderedTask     2000e180 f   ai_dmq3.obj
 0001:0000d340       _BotRefuseOrder            2000e340 f   ai_dmq3.obj
 0001:0000d3d0       _BotCTFSeekGoals           2000e3d0 f   ai_dmq3.obj
 0001:0000df10       _BotCTFRetreatGoals        2000ef10 f   ai_dmq3.obj
 0001:0000dfa0       _BotTeamGoals              2000efa0 f   ai_dmq3.obj
 0001:0000dff0       _BotPointAreaNum           2000eff0 f   ai_dmq3.obj
 0001:0000e070       _ClientName                2000f070 f   ai_dmq3.obj
 0001:0000e110       _ClientSkin                2000f110 f   ai_dmq3.obj
 0001:0000e1a0       _ClientFromName            2000f1a0 f   ai_dmq3.obj
 0001:0000e250       _ClientOnSameTeamFromName  2000f250 f   ai_dmq3.obj
 0001:0000e320       _stristr                   2000f320 f   ai_dmq3.obj
 0001:0000e3c0       _EasyClientName            2000f3c0 f   ai_dmq3.obj
 0001:0000e660       _BotSynonymContext         2000f660 f   ai_dmq3.obj
 0001:0000e6b0       _BotChooseWeapon           2000f6b0 f   ai_dmq3.obj
 0001:0000e760       _BotSetupForMovement       2000f760 f   ai_dmq3.obj
 0001:0000e8d0       _BotCheckItemPickup        2000f8d0 f   ai_dmq3.obj
 0001:0000e8e0       _BotUpdateInventory        2000f8e0 f   ai_dmq3.obj
 0001:0000ebf0       _BotUpdateBattleInventory  2000fbf0 f   ai_dmq3.obj
 0001:0000ec80       _BotBattleUseItems         2000fc80 f   ai_dmq3.obj
 0001:0000ecf0       _BotSetTeleportTime        2000fcf0 f   ai_dmq3.obj
 0001:0000ed40       _BotIsDead                 2000fd40 f   ai_dmq3.obj
 0001:0000ed60       _BotIsObserver             2000fd60 f   ai_dmq3.obj
 0001:0000edd0       _BotIntermission           2000fdd0 f   ai_dmq3.obj
 0001:0000ee20       _BotInLavaOrSlime          2000fe20 f   ai_dmq3.obj
 0001:0000ee70       _BotCreateWayPoint         2000fe70 f   ai_dmq3.obj
 0001:0000ef70       _BotFindWayPoint           2000ff70 f   ai_dmq3.obj
 0001:0000efc0       _BotFreeWaypoints          2000ffc0 f   ai_dmq3.obj
 0001:0000f000       _BotInitWaypoints          20010000 f   ai_dmq3.obj
 0001:0000f060       _TeamPlayIsOn              20010060 f   ai_dmq3.obj
 0001:0000f080       _BotAggression             20010080 f   ai_dmq3.obj
 0001:0000f210       _BotFeelingBad             20010210 f   ai_dmq3.obj
 0001:0000f280       _BotWantsToRetreat         20010280 f   ai_dmq3.obj
 0001:0000f330       _BotWantsToChase           20010330 f   ai_dmq3.obj
 0001:0000f3d0       _BotWantsToHelp            200103d0 f   ai_dmq3.obj
 0001:0000f3f0       _BotCanAndWantsToRocketJump 200103f0 f   ai_dmq3.obj
 0001:0000f4b0       _BotHasPersistantPowerupAndWeapon 200104b0 f   ai_dmq3.obj
 0001:0000f600       _BotGoCamp                 20010600 f   ai_dmq3.obj
 0001:0000f710       _BotWantsToCamp            20010710 f   ai_dmq3.obj
 0001:0000f950       _BotDontAvoid              20010950 f   ai_dmq3.obj
 0001:0000f9b0       _BotGoForPowerups          200109b0 f   ai_dmq3.obj
 0001:0000fa30       _BotRoamGoal               20010a30 f   ai_dmq3.obj
 0001:0000fd90       _BotAttackMove             20010d90 f   ai_dmq3.obj
 0001:00010480       _BotSameTeam               20011480 f   ai_dmq3.obj
 0001:00010560       _InFieldOfVision           20011560 f   ai_dmq3.obj
 0001:00010670       _BotEntityVisible          20011670 f   ai_dmq3.obj
 0001:00010be0       _BotFindEnemy              20011be0 f   ai_dmq3.obj
 0001:000110f0       _BotTeamFlagCarrierVisible 200120f0 f   ai_dmq3.obj
 0001:000111d0       _BotTeamFlagCarrier        200121d0 f   ai_dmq3.obj
 0001:00011270       _BotEnemyFlagCarrierVisible 20012270 f   ai_dmq3.obj
 0001:00011350       _BotVisibleTeamMatesAndEnemies 20012350 f   ai_dmq3.obj
 0001:000114d0       _BotAimAtEnemy             200124d0 f   ai_dmq3.obj
 0001:00012650       _BotCheckAttack            20013650 f   ai_dmq3.obj
 0001:00012bb0       _BotMapScripts             20013bb0 f   ai_dmq3.obj
 0001:00013000       _BotSetMovedir             20014000 f   ai_dmq3.obj
 0001:00013100       _BotModelMinsMaxs          20014100 f   ai_dmq3.obj
 0001:00013280       _BotFuncButtonActivateGoal 20014280 f   ai_dmq3.obj
 0001:00013df0       _BotFuncDoorActivateGoal   20014df0 f   ai_dmq3.obj
 0001:00013fd0       _BotTriggerMultipleActivateGoal 20014fd0 f   ai_dmq3.obj
 0001:000142c0       _BotPopFromActivateGoalStack 200152c0 f   ai_dmq3.obj
 0001:00014340       _BotPushOntoActivateGoalStack 20015340 f   ai_dmq3.obj
 0001:00014460       _BotClearActivateGoalStack 20015460 f   ai_dmq3.obj
 0001:00014490       _BotEnableActivateGoalAreas 20015490 f   ai_dmq3.obj
 0001:00014510       _BotIsGoingToActivateEntity 20015510 f   ai_dmq3.obj
 0001:000145f0       _BotGetActivateGoal        200155f0 f   ai_dmq3.obj
 0001:00014e80       _BotGoForActivateGoal      20015e80 f   ai_dmq3.obj
 0001:00014f40       _BotPrintActivateGoalInfo  20015f40 f   ai_dmq3.obj
 0001:00015050       _BotRandomMove             20016050 f   ai_dmq3.obj
 0001:000150f0       _BotAIBlocked              200160f0 f   ai_dmq3.obj
 0001:00015490       _BotAIPredictObstacles     20016490 f   ai_dmq3.obj
 0001:00015640       _BotCheckConsoleMessages   20016640 f   ai_dmq3.obj
 0001:00015a80       _BotCheckForGrenades       20016a80 f   ai_dmq3.obj
 0001:00015ad0       _BotCheckEvents            20016ad0 f   ai_dmq3.obj
 0001:00015f60       _BotCheckSnapshot          20016f60 f   ai_dmq3.obj
 0001:00016040       _BotCheckAir               20017040 f   ai_dmq3.obj
 0001:00016090       _BotAlternateRoute         20017090 f   ai_dmq3.obj
 0001:00016140       _BotGetAlternateRouteGoal  20017140 f   ai_dmq3.obj
 0001:00016280       _BotSetupAlternativeRouteGoals 20017280 f   ai_dmq3.obj
 0001:000162b0       _BotDeathmatchAI           200172b0 f   ai_dmq3.obj
 0001:00016680       _BotSetEntityNumForGoalWithModel 20017680 f   ai_dmq3.obj
 0001:00016760       _BotSetEntityNumForGoal    20017760 f   ai_dmq3.obj
 0001:00016820       _BotGoalForBSPEntity       20017820 f   ai_dmq3.obj
 0001:000169c0       _BotSetupDeathmatchAI      200179c0 f   ai_dmq3.obj
 0001:00016ba0       _BotShutdownDeathmatchAI   20017ba0 f   ai_dmq3.obj
 0001:00016bc0       _BotAI_Print               20017bc0 f   ai_main.obj
 0001:00016cc0       _BotAI_Trace               20017cc0 f   ai_main.obj
 0001:00016d90       _BotAI_GetClientState      20017d90 f   ai_main.obj
 0001:00016e00       _BotAI_GetEntityState      20017e00 f   ai_main.obj
 0001:00016e80       _BotAI_GetSnapshotEntity   20017e80 f   ai_main.obj
 0001:00016ee0       _BotAI_BotInitialChat      20017ee0 f   ai_main.obj
 0001:00016fb0       _BotTestAAS                20017fb0 f   ai_main.obj
 0001:00017090       _BotReportStatus           20018090 f   ai_main.obj
 0001:00017490       _BotTeamplayReport         20018490 f   ai_main.obj
 0001:00017680       _BotSetInfoConfigString    20018680 f   ai_main.obj
 0001:00017a40       _BotUpdateInfoConfigStrings 20018a40 f   ai_main.obj
 0001:00017b10       _BotInterbreedBots         20018b10 f   ai_main.obj
 0001:00017cd0       _BotWriteInterbreeded      20018cd0 f   ai_main.obj
 0001:00017da0       _BotInterbreedEndMatch     20018da0 f   ai_main.obj
 0001:00017e30       _BotInterbreeding          20018e30 f   ai_main.obj
 0001:00017f60       _BotEntityInfo             20018f60 f   ai_main.obj
 0001:00017f80       _NumBots                   20018f80 f   ai_main.obj
 0001:00017fa0       _BotTeamLeader             20018fa0 f   ai_main.obj
 0001:00018000       _AngleDifference           20019000 f   ai_main.obj
 0001:00018070       _BotChangeViewAngle        20019070 f   ai_main.obj
 0001:00018160       _BotChangeViewAngles       20019160 f   ai_main.obj
 0001:000184c0       _BotInputToUserCommand     200194c0 f   ai_main.obj
 0001:000188d0       _BotUpdateInput            200198d0 f   ai_main.obj
 0001:00018a10       _BotAIRegularUpdate        20019a10 f   ai_main.obj
 0001:00018a50       _RemoveColorEscapeSequences 20019a50 f   ai_main.obj
 0001:00018b00       _BotAI                     20019b00 f   ai_main.obj
 0001:00018f70       _BotScheduleBotThink       20019f70 f   ai_main.obj
 0001:00018ff0       _BotWriteSessionData       20019ff0 f   ai_main.obj
 0001:00019110       _BotReadSessionData        2001a110 f   ai_main.obj
 0001:00019210       _BotAISetupClient          2001a210 f   ai_main.obj
 0001:000196a0       _BotAIShutdownClient       2001a6a0 f   ai_main.obj
 0001:000197d0       _BotResetState             2001a7d0 f   ai_main.obj
 0001:00019a00       _BotAILoadMap              2001aa00 f   ai_main.obj
 0001:00019ab0       _BotAIStartFrame           2001aab0 f   ai_main.obj
 0001:0001a140       _BotInitLibrary            2001b140 f   ai_main.obj
 0001:0001a5f0       _BotAISetup                2001b5f0 f   ai_main.obj
 0001:0001a780       _BotAIShutdown             2001b780 f   ai_main.obj
 0001:0001a800       _BotValidTeamLeader        2001b800 f   ai_team.obj
 0001:0001a850       _BotNumTeamMates           2001b850 f   ai_team.obj
 0001:0001a950       _BotClientTravelTimeToGoal 2001b950 f   ai_team.obj
 0001:0001a9c0       _BotSortTeamMatesByBaseTravelTime 2001b9c0 f   ai_team.obj
 0001:0001abb0       _BotSetTeamMateTaskPreference 2001bbb0 f   ai_team.obj
 0001:0001ac00       _BotGetTeamMateTaskPreference 2001bc00 f   ai_team.obj
 0001:0001ac70       _BotSortTeamMatesByTaskPreference 2001bc70 f   ai_team.obj
 0001:0001ae20       _BotSayTeamOrderAlways     2001be20 f   ai_team.obj
 0001:0001aed0       _BotSayTeamOrder           2001bed0 f   ai_team.obj
 0001:0001aef0       _BotVoiceChat              2001bef0 f   ai_team.obj
 0001:0001af00       _BotVoiceChatOnly          2001bf00 f   ai_team.obj
 0001:0001af10       _BotSayVoiceTeamOrder      2001bf10 f   ai_team.obj
 0001:0001af20       _BotCTFOrders_BothFlagsNotAtBase 2001bf20 f   ai_team.obj
 0001:0001b4a0       _BotCTFOrders_FlagNotAtBase 2001c4a0 f   ai_team.obj
 0001:0001bc20       _BotCTFOrders_EnemyFlagNotAtBase 2001cc20 f   ai_team.obj
 0001:0001c100       _BotCTFOrders_BothFlagsAtBase 2001d100 f   ai_team.obj
 0001:0001c880       _BotCTFOrders              2001d880 f   ai_team.obj
 0001:0001c930       _BotCreateGroup            2001d930 f   ai_team.obj
 0001:0001c9f0       _BotTeamOrders             2001d9f0 f   ai_team.obj
 0001:0001cc40       _FindHumanTeamLeader       2001dc40 f   ai_team.obj
 0001:0001cd00       _BotTeamAI                 2001dd00 f   ai_team.obj
 0001:0001d1a0       _BotVoiceChat_GetFlag      2001e1a0 f   ai_vcmd.obj
 0001:0001d290       _BotVoiceChat_Offense      2001e290 f   ai_vcmd.obj
 0001:0001d370       _BotVoiceChat_Defend       2001e370 f   ai_vcmd.obj
 0001:0001d490       _BotVoiceChat_DefendFlag   2001e490 f   ai_vcmd.obj
 0001:0001d4c0       _BotVoiceChat_Patrol       2001e4c0 f   ai_vcmd.obj
 0001:0001d560       _BotVoiceChat_Camp         2001e560 f   ai_vcmd.obj
 0001:0001d750       _BotVoiceChat_FollowMe     2001e750 f   ai_vcmd.obj
 0001:0001d960       _BotVoiceChat_FollowFlagCarrier 2001e960 f   ai_vcmd.obj
 0001:0001d9b0       _BotVoiceChat_ReturnFlag   2001e9b0 f   ai_vcmd.obj
 0001:0001da70       _BotVoiceChat_StartLeader  2001ea70 f   ai_vcmd.obj
 0001:0001daa0       _BotVoiceChat_StopLeader   2001eaa0 f   ai_vcmd.obj
 0001:0001db00       _BotVoiceChat_WhoIsLeader  2001eb00 f   ai_vcmd.obj
 0001:0001dba0       _BotVoiceChat_WantOnDefense 2001eba0 f   ai_vcmd.obj
 0001:0001dc60       _BotVoiceChat_WantOnOffense 2001ec60 f   ai_vcmd.obj
 0001:0001dd20       _BotVoiceChat_Dummy        2001ed20 f   ai_vcmd.obj
 0001:0001dd30       _BotVoiceChatCommand       2001ed30 f   ai_vcmd.obj
 0001:0001df70       _BG_FindItemForPowerup     2001ef70 f   bg_misc.obj
 0001:0001dff0       _BG_FindItemForHoldable    2001eff0 f   bg_misc.obj
 0001:0001e060       _BG_FindItemForWeapon      2001f060 f   bg_misc.obj
 0001:0001e0c0       _BG_FindItem               2001f0c0 f   bg_misc.obj
 0001:0001e110       _BG_PlayerTouchesItem      2001f110 f   bg_misc.obj
 0001:0001e1d0       _BG_CanItemBeGrabbed       2001f1d0 f   bg_misc.obj
 0001:0001e400       _BG_EvaluateTrajectory     2001f400 f   bg_misc.obj
 0001:0001e660       _BG_EvaluateTrajectoryDelta 2001f660 f   bg_misc.obj
 0001:0001e820       _BG_AddPredictableEventToPlayerstate 2001f820 f   bg_misc.obj
 0001:0001e8d0       _BG_TouchJumpPad           2001f8d0 f   bg_misc.obj
 0001:0001e9c0       _BG_PlayerStateToEntityState 2001f9c0 f   bg_misc.obj
 0001:0001ed20       _BG_PlayerStateToEntityStateExtraPolate 2001fd20 f   bg_misc.obj
 0001:0001f090       _PM_AddEvent               20020090 f   bg_pmove.obj
 0001:0001f0c0       _PM_AddTouchEnt            200200c0 f   bg_pmove.obj
 0001:0001f150       _PM_ClipVelocity           20020150 f   bg_pmove.obj
 0001:0001f1f0       _PM_UpdateViewAngles       200201f0 f   bg_pmove.obj
 0001:0001f2f0       _PmoveSingle               200202f0 f   bg_pmove.obj
 0001:000226b0       _Pmove                     200236b0 f   bg_pmove.obj
 0001:000227a0       _PM_SlideMove              200237a0 f   bg_slidemove.obj
 0001:00023040       _PM_StepSlideMove          20024040 f   bg_slidemove.obj
 0001:00023460       _P_DamageFeedback          20024460 f   g_active.obj
 0001:000235f0       _P_WorldEffects            200245f0 f   g_active.obj
 0001:00023890       _G_SetClientSound          20024890 f   g_active.obj
 0001:000238f0       _ClientImpacts             200248f0 f   g_active.obj
 0001:00023ad0       _G_TouchTriggers           20024ad0 f   g_active.obj
 0001:00023f40       _SpectatorThink            20024f40 f   g_active.obj
 0001:000240b0       _ClientInactivityTimer     200250b0 f   g_active.obj
 0001:000241f0       _ClientTimerActions        200251f0 f   g_active.obj
 0001:000243a0       _ClientIntermissionThink   200253a0 f   g_active.obj
 0001:00024430       _ClientEvents              20025430 f   g_active.obj
 0001:000246e0       _SendPendingPredictableEvents 200256e0 f   g_active.obj
 0001:000247f0       _ClientThink_real          200257f0 f   g_active.obj
 0001:00024ef0       _ClientThink               20025ef0 f   g_active.obj
 0001:00024f70       _G_RunClient               20025f70 f   g_active.obj
 0001:00024fc0       _SpectatorClientEndFrame   20025fc0 f   g_active.obj
 0001:00025150       _ClientEndFrame            20026150 f   g_active.obj
 0001:000252d0       _UpdateTournamentInfo      200262d0 f   g_arenas.obj
 0001:00025570       _SpawnModelsOnVictoryPads  20026570 f   g_arenas.obj
 0001:00026160       _Svcmd_AbortPodium_f       20027160 f   g_arenas.obj
 0001:000261b0       _trap_Cvar_VariableValue   200271b0 f   g_bot.obj
 0001:000261f0       _G_ParseInfos              200271f0 f   g_bot.obj
 0001:000263c0       _G_GetArenaInfoByMap       200273c0 f   g_bot.obj
 0001:00026430       _G_AddRandomBot            20027430 f   g_bot.obj
 0001:000266d0       _G_RemoveRandomBot         200276d0 f   g_bot.obj
 0001:000267a0       _G_CountHumanPlayers       200277a0 f   g_bot.obj
 0001:00026840       _G_CountBotPlayers         20027840 f   g_bot.obj
 0001:00026920       _G_CheckMinimumPlayers     20027920 f   g_bot.obj
 0001:00026b30       _G_CheckBotSpawn           20027b30 f   g_bot.obj
 0001:00026c90       _G_RemoveQueuedBotBegin    20027c90 f   g_bot.obj
 0001:00026ce0       _G_BotConnect              20027ce0 f   g_bot.obj
 0001:00026dc0       _Svcmd_AddBot_f            20027dc0 f   g_bot.obj
 0001:00027460       _Svcmd_BotList_f           20028460 f   g_bot.obj
 0001:00027600       _G_GetBotInfoByNumber      20028600 f   g_bot.obj
 0001:00027650       _G_GetBotInfoByName        20028650 f   g_bot.obj
 0001:000276c0       _G_InitBots                200286c0 f   g_bot.obj
 0001:00027ed0       _SP_info_player_deathmatch 20028ed0 f   g_client.obj
 0001:00027f50       _SP_info_player_start      20028f50 f   g_client.obj
 0001:00027f80       _SP_info_player_intermission 20028f80 f   g_client.obj
 0001:00027f90       _SpotWouldTelefrag         20028f90 f   g_client.obj
 0001:00028090       _SelectNearestDeathmatchSpawnPoint 20029090 f   g_client.obj
 0001:00028180       _SelectRandomDeathmatchSpawnPoint 20029180 f   g_client.obj
 0001:00028220       _SelectRandomFurthestSpawnPoint 20029220 f   g_client.obj
 0001:00028580       _SelectSpawnPoint          20029580 f   g_client.obj
 0001:000285b0       _SelectInitialSpawnPoint   200295b0 f   g_client.obj
 0001:00028680       _SelectSpectatorSpawnPoint 20029680 f   g_client.obj
 0001:000286e0       _InitBodyQue               200296e0 f   g_client.obj
 0001:00028750       _BodySink                  20029750 f   g_client.obj
 0001:000287c0       _CopyToBodyQue             200297c0 f   g_client.obj
 0001:00028b40       _SetClientViewAngle        20029b40 f   g_client.obj
 0001:00028c20       _respawn                   20029c20 f   g_client.obj
 0001:00028c80       _TeamCount                 20029c80 f   g_client.obj
 0001:00028d10       _TeamLeader                20029d10 f   g_client.obj
 0001:00028da0       _PickTeam                  20029da0 f   g_client.obj
 0001:00028e10       _ClientUserinfoChanged     20029e10 f   g_client.obj
 0001:000295a0       _ClientConnect             2002a5a0 f   g_client.obj
 0001:000297d0       _ClientBegin               2002a7d0 f   g_client.obj
 0001:00029990       _ClientSpawn               2002a990 f   g_client.obj
 0001:0002a140       _ClientDisconnect          2002b140 f   g_client.obj
 0001:0002a3b0       _DeathmatchScoreboardMessage 2002b3b0 f   g_cmds.obj
 0001:0002a680       _Cmd_Score_f               2002b680 f   g_cmds.obj
 0001:0002a6a0       _CheatsOk                  2002b6a0 f   g_cmds.obj
 0001:0002a720       _ConcatArgs                2002b720 f   g_cmds.obj
 0001:0002a7f0       _SanitizeString            2002b7f0 f   g_cmds.obj
 0001:0002a870       _ClientNumberFromString    2002b870 f   g_cmds.obj
 0001:0002aa10       _Cmd_Give_f                2002ba10 f   g_cmds.obj
 0001:0002ad60       _Cmd_God_f                 2002bd60 f   g_cmds.obj
 0001:0002ade0       _Cmd_Notarget_f            2002bde0 f   g_cmds.obj
 0001:0002ae60       _Cmd_Noclip_f              2002be60 f   g_cmds.obj
 0001:0002af00       _Cmd_LevelShot_f           2002bf00 f   g_cmds.obj
 0001:0002af70       _Cmd_TeamTask_f            2002bf70 f   g_cmds.obj
 0001:0002b050       _Cmd_Kill_f                2002c050 f   g_cmds.obj
 0001:0002b0e0       _BroadcastTeamChange       2002c0e0 f   g_cmds.obj
 0001:0002b1c0       _SetTeam                   2002c1c0 f   g_cmds.obj
 0001:0002b5d0       _StopFollowing             2002c5d0 f   g_cmds.obj
 0001:0002b670       _Cmd_Team_f                2002c670 f   g_cmds.obj
 0001:0002b810       _Cmd_Follow_f              2002c810 f   g_cmds.obj
 0001:0002b950       _Cmd_FollowCycle_f         2002c950 f   g_cmds.obj
 0001:0002ba90       _G_Say                     2002ca90 f   g_cmds.obj
 0001:0002be20       _G_Voice                   2002ce20 f   g_cmds.obj
 0001:0002bfc0       _Cmd_GameCommand_f         2002cfc0 f   g_cmds.obj
 0001:0002c090       _Cmd_Where_f               2002d090 f   g_cmds.obj
 0001:0002c0e0       _Cmd_CallVote_f            2002d0e0 f   g_cmds.obj
 0001:0002c700       _Cmd_Vote_f                2002d700 f   g_cmds.obj
 0001:0002c870       _Cmd_CallTeamVote_f        2002d870 f   g_cmds.obj
 0001:0002cf00       _Cmd_TeamVote_f            2002df00 f   g_cmds.obj
 0001:0002d0d0       _Cmd_SetViewpos_f          2002e0d0 f   g_cmds.obj
 0001:0002d200       _Cmd_Stats_f               2002e200 f   g_cmds.obj
 0001:0002d210       _ClientCommand             2002e210 f   g_cmds.obj
 0001:0002dd90       _ScorePlum                 2002ed90 f   g_combat.obj
 0001:0002ddf0       _AddScore                  2002edf0 f   g_combat.obj
 0001:0002de90       _TossClientItems           2002ee90 f   g_combat.obj
 0001:0002e020       _LookAtKiller              2002f020 f   g_combat.obj
 0001:0002e110       _GibEntity                 2002f110 f   g_combat.obj
 0001:0002e1e0       _body_die                  2002f1e0 f   g_combat.obj
 0001:0002e230       _CheckAlmostCapture        2002f230 f   g_combat.obj
 0001:0002e420       _CheckAlmostScored         2002f420 f   g_combat.obj
 0001:0002e530       _player_die                2002f530 f   g_combat.obj
 0001:0002ed60       _CheckArmor                2002fd60 f   g_combat.obj
 0001:0002ee00       _RaySphereIntersections    2002fe00 f   g_combat.obj
 0001:0002f010       _G_Damage                  20030010 f   g_combat.obj
 0001:0002f780       _CanDamage                 20030780 f   g_combat.obj
 0001:0002fa00       _G_RadiusDamage            20030a00 f   g_combat.obj
 0001:0002fcf0       _Pickup_Powerup            20030cf0 f   g_items.obj
 0001:0002ff30       _Pickup_Holdable           20030f30 f   g_items.obj
 0001:0002ffa0       _Add_Ammo                  20030fa0 f   g_items.obj
 0001:00030010       _Pickup_Ammo               20031010 f   g_items.obj
 0001:00030070       _Pickup_Weapon             20031070 f   g_items.obj
 0001:000301c0       _Pickup_Health             200311c0 f   g_items.obj
 0001:000302b0       _Pickup_Armor              200312b0 f   g_items.obj
 0001:00030340       _RespawnItem               20031340 f   g_items.obj
 0001:00030550       _Touch_Item                20031550 f   g_items.obj
 0001:00030960       _LaunchItem                20031960 f   g_items.obj
 0001:00030b00       _Drop_Item                 20031b00 f   g_items.obj
 0001:00030c30       _Use_Item                  20031c30 f   g_items.obj
 0001:00030c50       _FinishSpawningItem        20031c50 f   g_items.obj
 0001:00030ed0       _G_CheckTeamItems          20031ed0 f   g_items.obj
 0001:00030f70       _ClearRegisteredItems      20031f70 f   g_items.obj
 0001:00030fc0       _RegisterItem              20031fc0 f   g_items.obj
 0001:00031000       _SaveRegisteredItems       20032000 f   g_items.obj
 0001:000310c0       _G_ItemDisabled            200320c0 f   g_items.obj
 0001:00031100       _G_SpawnItem               20032100 f   g_items.obj
 0001:000311d0       _G_BounceItem              200321d0 f   g_items.obj
 0001:000313f0       _G_RunItem                 200323f0 f   g_items.obj
 0001:000323b0       _luaopen_lfs               200333b0 f   g_lua.obj
 0001:00032570       _qlua_clearfunc            20033570 f   g_lua.obj
 0001:000325b0       _qlua_storefunc            200335b0 f   g_lua.obj
 0001:00032610       _qlua_getstored            20033610 f   g_lua.obj
 0001:00032650       _message                   20033650 f   g_lua.obj
 0001:000326a0       _messageAllPlayers         200336a0 f   g_lua.obj
 0001:00032740       _bitwiseAnd                20033740 f   g_lua.obj
 0001:000327b0       _bitwiseOr                 200337b0 f   g_lua.obj
 0001:00032820       _error                     20033820 f   g_lua.obj
 0001:000328c0       _qlua_gethook              200338c0 f   g_lua.obj
 0001:00032900       _qlua_pcall                20033900 f   g_lua.obj
 0001:00032960       _FS_doScript               20033960 f   g_lua.obj
 0001:000329d0       _qlua_includefile          200339d0 f   g_lua.obj
 0001:00032a30       _InitServerLua             20033a30 f   g_lua.obj
 0001:00032d30       _DoLuaInit                 20033d30 f   g_lua.obj
 0001:00032d50       _DoLuaIncludes             20033d50 f   g_lua.obj
 0001:00032d70       _GetServerLuaState         20033d70 f   g_lua.obj
 0001:00032d90       _CloseServerLua            20033d90 f   g_lua.obj
 0001:00032dd0       _qlua_getrealentity        20033dd0 f   g_luaentity.obj
 0001:00032e80       _qlua_getnextid            20033e80 f   g_luaentity.obj
 0001:00032f70       _lua_pushentity            20033f70 f   g_luaentity.obj
 0001:00033020       _lua_toentity              20034020 f   g_luaentity.obj
 0001:00033090       _qlua_getclientinfo        20034090 f   g_luaentity.obj
 0001:000332b0       _qlua_setclientinfo        200342b0 f   g_luaentity.obj
 0001:00033470       _qlua_isclient             20034470 f   g_luaentity.obj
 0001:000334e0       _qlua_isbot                200344e0 f   g_luaentity.obj
 0001:00033560       _qlua_setweapon            20034560 f   g_luaentity.obj
 0001:000336e0       _qlua_giveweapon           200346e0 f   g_luaentity.obj
 0001:000338d0       _qlua_removeweapons        200348d0 f   g_luaentity.obj
 0001:00033970       _qlua_removepowerups       20034970 f   g_luaentity.obj
 0001:00033a00       _qlua_setpowerup           20034a00 f   g_luaentity.obj
 0001:00033b10       _qlua_setammo              20034b10 f   g_luaentity.obj
 0001:00033c40       _qlua_getclass             20034c40 f   g_luaentity.obj
 0001:00033cb0       _qlua_getpos               20034cb0 f   g_luaentity.obj
 0001:00033d30       _qlua_setpos               20034d30 f   g_luaentity.obj
 0001:00033dc0       _qlua_getmuzzlepos         20034dc0 f   g_luaentity.obj
 0001:00033e70       _qlua_getvel               20034e70 f   g_luaentity.obj
 0001:00033ef0       _qlua_setvel               20034ef0 f   g_luaentity.obj
 0001:00033fe0       _qlua_aimvec               20034fe0 f   g_luaentity.obj
 0001:00034050       _qlua_getallentities       20035050 f   g_luaentity.obj
 0001:00034110       _qlua_getentitiesbyclass   20035110 f   g_luaentity.obj
 0001:00034220       _qlua_getallplayers        20035220 f   g_luaentity.obj
 0001:000342f0       _qlua_removeentity         200352f0 f   g_luaentity.obj
 0001:00034350       _qlua_entityid             20035350 f   g_luaentity.obj
 0001:000343a0       _qlua_getparent            200353a0 f   g_luaentity.obj
 0001:00034400       _qlua_damageplayer         20035400 f   g_luaentity.obj
 0001:00034600       _qlua_sendtexttoplayer     20035600 f   g_luaentity.obj
 0001:00034700       _qlua_addevent             20035700 f   g_luaentity.obj
 0001:000347d0       _qlua_playsound            200357d0 f   g_luaentity.obj
 0001:000348c0       _qlua_setcallback          200358c0 f   g_luaentity.obj
 0001:00034b40       _Entity_register           20035b40 f   g_luaentity.obj
 0001:00034c10       _qlua_createtentity        20035c10 f   g_luaentity.obj
 0001:00034cc0       _G_InitLuaEnts             20035cc0 f   g_luaentity.obj
 0001:00034d10       _lua_pushvector            20035d10 f   g_luavector.obj
 0001:00034e00       _lua_tovector              20035e00 f   g_luavector.obj
 0001:00034f20       _lua_toluavector           20035f20 f   g_luavector.obj
 0001:000351b0       _Vector_register           200361b0 f   g_luavector.obj
 0001:00035280       _lua_pushtrace             20036280 f   g_luavector.obj
 0001:000354c0       _qlua_trace                200364c0 f   g_luavector.obj
 0001:00035670       _G_InitLuaVector           20036670 f   g_luavector.obj
 0001:000356c0       _vmMain                    200366c0 f   g_main.obj
 0001:000357e0       _G_Printf                  200367e0 f   g_main.obj
 0001:00035830       _G_Error                   20036830 f   g_main.obj
 0001:00035880       _G_FindTeams               20036880 f   g_main.obj
 0001:00035a50       _G_RemapTeamShaders        20036a50 f   g_main.obj
 0001:00035a60       _G_RegisterCvars           20036a60 f   g_main.obj
 0001:00035b40       _G_UpdateCvars             20036b40 f   g_main.obj
 0001:00035c10       _qlua_curtime              20036c10 f   g_main.obj
 0001:00035c40       _pushenum                  20036c40 f   g_main.obj
 0001:00035c80       _G_InitEnum                20036c80 f   g_main.obj
 0001:00035cd0       _qlua_VectorNormalize      20036cd0 f   g_main.obj
 0001:00035d50       _qlua_VectorLength         20036d50 f   g_main.obj
 0001:00035dd0       _qlua_VectorForward        20036dd0 f   g_main.obj
 0001:00035e30       _qlua_VectorRight          20036e30 f   g_main.obj
 0001:00035e90       _qlua_VectorUp             20036e90 f   g_main.obj
 0001:00035ef0       _qlua_enumtest             20036ef0 f   g_main.obj
 0001:00035f40       _Cmd_Check_Lua             20036f40 f   g_main.obj
 0001:00035fe0       _qlua_grabarg              20036fe0 f   g_main.obj
 0001:00036040       _pushents                  20037040 f   g_main.obj
 0001:00036100       _G_InitLua                 20037100 f   g_main.obj
 0001:000362c0       _G_InitGame                200372c0 f   g_main.obj
 0001:00036580       _G_ShutdownGame            20037580 f   g_main.obj
 0001:00036600       _Com_Error                 20037600 f   g_main.obj
 0001:00036650       _Com_Printf                20037650 f   g_main.obj
 0001:000366a0       _AddTournamentPlayer       200376a0 f   g_main.obj
 0001:000367a0       _RemoveTournamentLoser     200377a0 f   g_main.obj
 0001:00036800       _RemoveTournamentWinner    20037800 f   g_main.obj
 0001:00036860       _AdjustTournamentScores    20037860 f   g_main.obj
 0001:00036930       _SortRanks                 20037930 f   g_main.obj
 0001:00036a80       _CalculateRanks            20037a80 f   g_main.obj
 0001:00036f60       _SendScoreboardMessageToAllClients 20037f60 f   g_main.obj
 0001:00036fc0       _MoveClientToIntermission  20037fc0 f   g_main.obj
 0001:00037110       _FindIntermissionPoint     20038110 f   g_main.obj
 0001:00037210       _BeginIntermission         20038210 f   g_main.obj
 0001:000372d0       _ExitLevel                 200382d0 f   g_main.obj
 0001:00037410       _G_LogPrintf               20038410 f   g_main.obj
 0001:00037530       _LogExit                   20038530 f   g_main.obj
 0001:00037660       _CheckIntermissionExit     20038660 f   g_main.obj
 0001:000377e0       _ScoreIsTied               200387e0 f   g_main.obj
 0001:00037860       _CheckExitRules            20038860 f   g_main.obj
 0001:00037a90       _CheckTournament           20038a90 f   g_main.obj
 0001:00037d60       _CheckVote                 20038d60 f   g_main.obj
 0001:00037e50       _PrintTeam                 20038e50 f   g_main.obj
 0001:00037eb0       _SetLeader                 20038eb0 f   g_main.obj
 0001:00038040       _CheckTeamLeader           20039040 f   g_main.obj
 0001:00038180       _CheckTeamVote             20039180 f   g_main.obj
 0001:000382e0       _CheckCvars                200392e0 f   g_main.obj
 0001:00038350       _G_RunThink                20039350 f   g_main.obj
 0001:00038420       _G_RunFrame                20039420 f   g_main.obj
 0001:00038750       _G_Alloc                   20039750 f   g_mem.obj
 0001:000387e0       _G_InitMemory              200397e0 f   g_mem.obj
 0001:00038800       _Svcmd_GameMem_f           20039800 f   g_mem.obj
 0001:00038830       _SP_info_camp              20039830 f   g_misc.obj
 0001:00038860       _SP_info_null              20039860 f   g_misc.obj
 0001:00038880       _SP_info_notnull           20039880 f   g_misc.obj
 0001:000388b0       _SP_light                  200398b0 f   g_misc.obj
 0001:000388d0       _TeleportPlayer            200398d0 f   g_misc.obj
 0001:00038b00       _SP_misc_teleporter_dest   20039b00 f   g_misc.obj
 0001:00038b10       _SP_misc_model             20039b10 f   g_misc.obj
 0001:00038b30       _locateCamera              20039b30 f   g_misc.obj
 0001:00038ca0       _SP_misc_portal_surface    20039ca0 f   g_misc.obj
 0001:00038d80       _SP_misc_portal_camera     20039d80 f   g_misc.obj
 0001:00038e20       _Use_Shooter               20039e20 f   g_misc.obj
 0001:00039070       _InitShooter               2003a070 f   g_misc.obj
 0001:000391a0       _SP_shooter_rocket         2003a1a0 f   g_misc.obj
 0001:000391c0       _SP_shooter_plasma         2003a1c0 f   g_misc.obj
 0001:000391e0       _SP_shooter_grenade        2003a1e0 f   g_misc.obj
 0001:00039200       _convertTrace              2003a200 f   g_missile.obj
 0001:000392a0       _G_BounceMissile           2003a2a0 f   g_missile.obj
 0001:000394c0       _G_ExplodeMissile          2003a4c0 f   g_missile.obj
 0001:00039610       _G_MissileImpact           2003a610 f   g_missile.obj
 0001:00039bd0       _G_RunMissile              2003abd0 f   g_missile.obj
 0001:00039d80       _fire_plasma               2003ad80 f   g_missile.obj
 0001:00039f50       _fire_grenade              2003af50 f   g_missile.obj
 0001:0003a130       _fire_bfg                  2003b130 f   g_missile.obj
 0001:0003a300       _fire_rocket               2003b300 f   g_missile.obj
 0001:0003a4d0       _fire_grapple              2003b4d0 f   g_missile.obj
 0001:0003a690       _G_TestEntityPosition      2003b690 f   g_mover.obj
 0001:0003a770       _G_CreateRotationMatrix    2003b770 f   g_mover.obj
 0001:0003a7b0       _G_TransposeMatrix         2003b7b0 f   g_mover.obj
 0001:0003a820       _G_RotatePoint             2003b820 f   g_mover.obj
 0001:0003a8c0       _G_TryPushingEntity        2003b8c0 f   g_mover.obj
 0001:0003ae00       _G_CheckProxMinePosition   2003be00 f   g_mover.obj
 0001:0003aee0       _G_TryPushingProxMine      2003bee0 f   g_mover.obj
 0001:0003b090       _G_MoverPush               2003c090 f   g_mover.obj
 0001:0003b630       _G_MoverTeam               2003c630 f   g_mover.obj
 0001:0003b840       _G_RunMover                2003c840 f   g_mover.obj
 0001:0003b890       _SetMoverState             2003c890 f   g_mover.obj
 0001:0003bae0       _MatchTeam                 2003cae0 f   g_mover.obj
 0001:0003bb20       _ReturnToPos1              2003cb20 f   g_mover.obj
 0001:0003bb80       _Reached_BinaryMover       2003cb80 f   g_mover.obj
 0001:0003bcc0       _Use_BinaryMover           2003ccc0 f   g_mover.obj
 0001:0003beb0       _InitMover                 2003ceb0 f   g_mover.obj
 0001:0003c1e0       _Blocked_Door              2003d1e0 f   g_mover.obj
 0001:0003c2a0       _Touch_DoorTrigger         2003d2a0 f   g_mover.obj
 0001:0003c490       _Think_SpawnNewDoorTrigger 2003d490 f   g_mover.obj
 0001:0003c6a0       _Think_MatchTeam           2003d6a0 f   g_mover.obj
 0001:0003c6d0       _SP_func_door              2003d6d0 f   g_mover.obj
 0001:0003ca40       _Touch_Plat                2003da40 f   g_mover.obj
 0001:0003ca90       _Touch_PlatCenterTrigger   2003da90 f   g_mover.obj
 0001:0003cae0       _SpawnPlatTrigger          2003dae0 f   g_mover.obj
 0001:0003cca0       _SP_func_plat              2003dca0 f   g_mover.obj
 0001:0003cea0       _Touch_Button              2003dea0 f   g_mover.obj
 0001:0003cee0       _SP_func_button            2003dee0 f   g_mover.obj
 0001:0003d110       _Think_BeginMoving         2003e110 f   g_mover.obj
 0001:0003d140       _Reached_Train             2003e140 f   g_mover.obj
 0001:0003d330       _Think_SetupTrainTargets   2003e330 f   g_mover.obj
 0001:0003d480       _SP_path_corner            2003e480 f   g_mover.obj
 0001:0003d4d0       _SP_func_train             2003e4d0 f   g_mover.obj
 0001:0003d5e0       _SP_func_static            2003e5e0 f   g_mover.obj
 0001:0003d670       _SP_func_rotating          2003e670 f   g_mover.obj
 0001:0003d7d0       _SP_func_bobbing           2003e7d0 f   g_mover.obj
 0001:0003d930       _SP_func_pendulum          2003e930 f   g_mover.obj
 0001:0003dad0       _G_WriteClientSessionData  2003ead0 f   g_session.obj
 0001:0003db70       _G_ReadSessionData         2003eb70 f   g_session.obj
 0001:0003dc40       _G_InitSessionData         2003ec40 f   g_session.obj
 0001:0003dd40       _G_InitWorldSession        2003ed40 f   g_session.obj
 0001:0003ddb0       _G_WriteSessionData        2003edb0 f   g_session.obj
 0001:0003de40       _G_SpawnString             2003ee40 f   g_spawn.obj
 0001:0003dec0       _G_SpawnFloat              2003eec0 f   g_spawn.obj
 0001:0003df00       _G_SpawnInt                2003ef00 f   g_spawn.obj
 0001:0003df40       _G_SpawnVector             2003ef40 f   g_spawn.obj
 0001:0003df90       _SP_item_botroam           2003ef90 f   g_spawn.obj
 0001:0003dfa0       _G_CallSpawn               2003efa0 f   g_spawn.obj
 0001:0003e090       _G_NewString               2003f090 f   g_spawn.obj
 0001:0003e150       _G_ParseField              2003f150 f   g_spawn.obj
 0001:0003e2c0       _G_SpawnGEntityFromSpawnVars 2003f2c0 f   g_spawn.obj
 0001:0003e4b0       _G_AddSpawnVarToken        2003f4b0 f   g_spawn.obj
 0001:0003e530       _G_ParseSpawnVars          2003f530 f   g_spawn.obj
 0001:0003e680       _SP_worldspawn             2003f680 f   g_spawn.obj
 0001:0003e850       _G_SpawnEntitiesFromString 2003f850 f   g_spawn.obj
 0001:0003e8b0       _G_FilterPacket            2003f8b0 f   g_svcmds.obj
 0001:0003e9b0       _G_ProcessIPBans           2003f9b0 f   g_svcmds.obj
 0001:0003ee00       _Svcmd_AddIP_f             2003fe00 f   g_svcmds.obj
 0001:0003ee60       _Svcmd_RemoveIP_f          2003fe60 f   g_svcmds.obj
 0001:0003ef40       _Svcmd_EntityList_f        2003ff40 f   g_svcmds.obj
 0001:0003f100       _ClientForString           20040100 f   g_svcmds.obj
 0001:0003f210       _Svcmd_ForceTeam_f         20040210 f   g_svcmds.obj
 0001:0003f2a0       _ConsoleCommand            200402a0 f   g_svcmds.obj
 0001:0003f4b0       _dllEntry                  200404b0 f   g_syscalls.obj
 0001:0003f4d0       _PASSFLOAT                 200404d0 f   g_syscalls.obj
 0001:0003f4f0       _trap_Printf               200404f0 f   g_syscalls.obj
 0001:0003f510       _trap_Error                20040510 f   g_syscalls.obj
 0001:0003f530       _trap_Milliseconds         20040530 f   g_syscalls.obj
 0001:0003f550       _trap_Argc                 20040550 f   g_syscalls.obj
 0001:0003f570       _trap_Argv                 20040570 f   g_syscalls.obj
 0001:0003f5a0       _trap_FS_FOpenFile         200405a0 f   g_syscalls.obj
 0001:0003f5d0       _trap_FS_Read              200405d0 f   g_syscalls.obj
 0001:0003f600       _trap_FS_Write             20040600 f   g_syscalls.obj
 0001:0003f630       _trap_FS_FCloseFile        20040630 f   g_syscalls.obj
 0001:0003f650       _trap_FS_GetFileList       20040650 f   g_syscalls.obj
 0001:0003f680       _trap_FS_Seek              20040680 f   g_syscalls.obj
 0001:0003f6b0       _trap_SendConsoleCommand   200406b0 f   g_syscalls.obj
 0001:0003f6e0       _trap_Cvar_Register        200406e0 f   g_syscalls.obj
 0001:0003f710       _trap_Cvar_Update          20040710 f   g_syscalls.obj
 0001:0003f730       _trap_Cvar_Set             20040730 f   g_syscalls.obj
 0001:0003f760       _trap_Cvar_VariableIntegerValue 20040760 f   g_syscalls.obj
 0001:0003f780       _trap_Cvar_VariableStringBuffer 20040780 f   g_syscalls.obj
 0001:0003f7b0       _trap_LocateGameData       200407b0 f   g_syscalls.obj
 0001:0003f7e0       _trap_DropClient           200407e0 f   g_syscalls.obj
 0001:0003f810       _trap_SendServerCommand    20040810 f   g_syscalls.obj
 0001:0003f840       _trap_SetConfigstring      20040840 f   g_syscalls.obj
 0001:0003f870       _trap_GetConfigstring      20040870 f   g_syscalls.obj
 0001:0003f8a0       _trap_GetUserinfo          200408a0 f   g_syscalls.obj
 0001:0003f8d0       _trap_SetUserinfo          200408d0 f   g_syscalls.obj
 0001:0003f900       _trap_GetServerinfo        20040900 f   g_syscalls.obj
 0001:0003f930       _trap_SetBrushModel        20040930 f   g_syscalls.obj
 0001:0003f960       _trap_Trace                20040960 f   g_syscalls.obj
 0001:0003f9a0       _trap_TraceCapsule         200409a0 f   g_syscalls.obj
 0001:0003f9e0       _trap_PointContents        200409e0 f   g_syscalls.obj
 0001:0003fa10       _trap_InPVS                20040a10 f   g_syscalls.obj
 0001:0003fa40       _trap_InPVSIgnorePortals   20040a40 f   g_syscalls.obj
 0001:0003fa70       _trap_AdjustAreaPortalState 20040a70 f   g_syscalls.obj
 0001:0003faa0       _trap_AreasConnected       20040aa0 f   g_syscalls.obj
 0001:0003fad0       _trap_LinkEntity           20040ad0 f   g_syscalls.obj
 0001:0003faf0       _trap_UnlinkEntity         20040af0 f   g_syscalls.obj
 0001:0003fb10       _trap_EntitiesInBox        20040b10 f   g_syscalls.obj
 0001:0003fb40       _trap_EntityContact        20040b40 f   g_syscalls.obj
 0001:0003fb70       _trap_EntityContactCapsule 20040b70 f   g_syscalls.obj
 0001:0003fba0       _trap_BotAllocateClient    20040ba0 f   g_syscalls.obj
 0001:0003fbc0       _trap_BotFreeClient        20040bc0 f   g_syscalls.obj
 0001:0003fbe0       _trap_GetUsercmd           20040be0 f   g_syscalls.obj
 0001:0003fc10       _trap_GetEntityToken       20040c10 f   g_syscalls.obj
 0001:0003fc40       _trap_DebugPolygonCreate   20040c40 f   g_syscalls.obj
 0001:0003fc70       _trap_DebugPolygonDelete   20040c70 f   g_syscalls.obj
 0001:0003fc90       _trap_RealTime             20040c90 f   g_syscalls.obj
 0001:0003fcb0       _trap_SnapVector           20040cb0 f   g_syscalls.obj
 0001:0003fcd0       _trap_BotLibSetup          20040cd0 f   g_syscalls.obj
 0001:0003fcf0       _trap_BotLibShutdown       20040cf0 f   g_syscalls.obj
 0001:0003fd10       _trap_BotLibVarSet         20040d10 f   g_syscalls.obj
 0001:0003fd40       _trap_BotLibVarGet         20040d40 f   g_syscalls.obj
 0001:0003fd70       _trap_BotLibDefine         20040d70 f   g_syscalls.obj
 0001:0003fda0       _trap_BotLibStartFrame     20040da0 f   g_syscalls.obj
 0001:0003fdd0       _trap_BotLibLoadMap        20040dd0 f   g_syscalls.obj
 0001:0003fe00       _trap_BotLibUpdateEntity   20040e00 f   g_syscalls.obj
 0001:0003fe30       _trap_BotLibTest           20040e30 f   g_syscalls.obj
 0001:0003fe60       _trap_BotGetSnapshotEntity 20040e60 f   g_syscalls.obj
 0001:0003fe90       _trap_BotGetServerCommand  20040e90 f   g_syscalls.obj
 0001:0003fec0       _trap_BotUserCommand       20040ec0 f   g_syscalls.obj
 0001:0003fef0       _trap_AAS_EntityInfo       20040ef0 f   g_syscalls.obj
 0001:0003ff20       _trap_AAS_Initialized      20040f20 f   g_syscalls.obj
 0001:0003ff40       _trap_AAS_PresenceTypeBoundingBox 20040f40 f   g_syscalls.obj
 0001:0003ff70       _trap_AAS_Time             20040f70 f   g_syscalls.obj
 0001:0003ffa0       _trap_AAS_PointAreaNum     20040fa0 f   g_syscalls.obj
 0001:0003ffd0       _trap_AAS_PointReachabilityAreaIndex 20040fd0 f   g_syscalls.obj
 0001:00040000       _trap_AAS_TraceAreas       20041000 f   g_syscalls.obj
 0001:00040040       _trap_AAS_BBoxAreas        20041040 f   g_syscalls.obj
 0001:00040070       _trap_AAS_AreaInfo         20041070 f   g_syscalls.obj
 0001:000400a0       _trap_AAS_PointContents    200410a0 f   g_syscalls.obj
 0001:000400d0       _trap_AAS_NextBSPEntity    200410d0 f   g_syscalls.obj
 0001:00040100       _trap_AAS_ValueForBSPEpairKey 20041100 f   g_syscalls.obj
 0001:00040130       _trap_AAS_VectorForBSPEpairKey 20041130 f   g_syscalls.obj
 0001:00040160       _trap_AAS_FloatForBSPEpairKey 20041160 f   g_syscalls.obj
 0001:00040190       _trap_AAS_IntForBSPEpairKey 20041190 f   g_syscalls.obj
 0001:000401c0       _trap_AAS_AreaReachability 200411c0 f   g_syscalls.obj
 0001:000401f0       _trap_AAS_AreaTravelTimeToGoalArea 200411f0 f   g_syscalls.obj
 0001:00040220       _trap_AAS_EnableRoutingArea 20041220 f   g_syscalls.obj
 0001:00040250       _trap_AAS_PredictRoute     20041250 f   g_syscalls.obj
 0001:000402a0       _trap_AAS_AlternativeRouteGoals 200412a0 f   g_syscalls.obj
 0001:000402e0       _trap_AAS_Swimming         200412e0 f   g_syscalls.obj
 0001:00040310       _trap_AAS_PredictClientMovement 20041310 f   g_syscalls.obj
 0001:00040370       _trap_EA_Say               20041370 f   g_syscalls.obj
 0001:000403a0       _trap_EA_SayTeam           200413a0 f   g_syscalls.obj
 0001:000403d0       _trap_EA_Command           200413d0 f   g_syscalls.obj
 0001:00040400       _trap_EA_Action            20041400 f   g_syscalls.obj
 0001:00040430       _trap_EA_Gesture           20041430 f   g_syscalls.obj
 0001:00040460       _trap_EA_Talk              20041460 f   g_syscalls.obj
 0001:00040490       _trap_EA_Attack            20041490 f   g_syscalls.obj
 0001:000404c0       _trap_EA_Use               200414c0 f   g_syscalls.obj
 0001:000404f0       _trap_EA_Respawn           200414f0 f   g_syscalls.obj
 0001:00040520       _trap_EA_Crouch            20041520 f   g_syscalls.obj
 0001:00040550       _trap_EA_MoveUp            20041550 f   g_syscalls.obj
 0001:00040580       _trap_EA_MoveDown          20041580 f   g_syscalls.obj
 0001:000405b0       _trap_EA_MoveForward       200415b0 f   g_syscalls.obj
 0001:000405e0       _trap_EA_MoveBack          200415e0 f   g_syscalls.obj
 0001:00040610       _trap_EA_MoveLeft          20041610 f   g_syscalls.obj
 0001:00040640       _trap_EA_MoveRight         20041640 f   g_syscalls.obj
 0001:00040670       _trap_EA_SelectWeapon      20041670 f   g_syscalls.obj
 0001:000406a0       _trap_EA_Jump              200416a0 f   g_syscalls.obj
 0001:000406d0       _trap_EA_DelayedJump       200416d0 f   g_syscalls.obj
 0001:00040700       _trap_EA_Move              20041700 f   g_syscalls.obj
 0001:00040740       _trap_EA_View              20041740 f   g_syscalls.obj
 0001:00040770       _trap_EA_EndRegular        20041770 f   g_syscalls.obj
 0001:000407a0       _trap_EA_GetInput          200417a0 f   g_syscalls.obj
 0001:000407e0       _trap_EA_ResetInput        200417e0 f   g_syscalls.obj
 0001:00040810       _trap_BotLoadCharacter     20041810 f   g_syscalls.obj
 0001:00040840       _trap_BotFreeCharacter     20041840 f   g_syscalls.obj
 0001:00040870       _trap_Characteristic_Float 20041870 f   g_syscalls.obj
 0001:000408a0       _trap_Characteristic_BFloat 200418a0 f   g_syscalls.obj
 0001:000408f0       _trap_Characteristic_Integer 200418f0 f   g_syscalls.obj
 0001:00040920       _trap_Characteristic_BInteger 20041920 f   g_syscalls.obj
 0001:00040950       _trap_Characteristic_String 20041950 f   g_syscalls.obj
 0001:00040980       _trap_BotAllocChatState    20041980 f   g_syscalls.obj
 0001:000409a0       _trap_BotFreeChatState     200419a0 f   g_syscalls.obj
 0001:000409d0       _trap_BotQueueConsoleMessage 200419d0 f   g_syscalls.obj
 0001:00040a00       _trap_BotRemoveConsoleMessage 20041a00 f   g_syscalls.obj
 0001:00040a30       _trap_BotNextConsoleMessage 20041a30 f   g_syscalls.obj
 0001:00040a60       _trap_BotNumConsoleMessages 20041a60 f   g_syscalls.obj
 0001:00040a90       _trap_BotInitialChat       20041a90 f   g_syscalls.obj
 0001:00040ae0       _trap_BotNumInitialChats   20041ae0 f   g_syscalls.obj
 0001:00040b10       _trap_BotReplyChat         20041b10 f   g_syscalls.obj
 0001:00040b60       _trap_BotChatLength        20041b60 f   g_syscalls.obj
 0001:00040b90       _trap_BotEnterChat         20041b90 f   g_syscalls.obj
 0001:00040bc0       _trap_BotGetChatMessage    20041bc0 f   g_syscalls.obj
 0001:00040bf0       _trap_StringContains       20041bf0 f   g_syscalls.obj
 0001:00040c20       _trap_BotFindMatch         20041c20 f   g_syscalls.obj
 0001:00040c50       _trap_BotMatchVariable     20041c50 f   g_syscalls.obj
 0001:00040c80       _trap_UnifyWhiteSpaces     20041c80 f   g_syscalls.obj
 0001:00040cb0       _trap_BotReplaceSynonyms   20041cb0 f   g_syscalls.obj
 0001:00040ce0       _trap_BotLoadChatFile      20041ce0 f   g_syscalls.obj
 0001:00040d10       _trap_BotSetChatGender     20041d10 f   g_syscalls.obj
 0001:00040d40       _trap_BotSetChatName       20041d40 f   g_syscalls.obj
 0001:00040d70       _trap_BotResetGoalState    20041d70 f   g_syscalls.obj
 0001:00040da0       _trap_BotResetAvoidGoals   20041da0 f   g_syscalls.obj
 0001:00040dd0       _trap_BotRemoveFromAvoidGoals 20041dd0 f   g_syscalls.obj
 0001:00040e00       _trap_BotPushGoal          20041e00 f   g_syscalls.obj
 0001:00040e30       _trap_BotPopGoal           20041e30 f   g_syscalls.obj
 0001:00040e60       _trap_BotEmptyGoalStack    20041e60 f   g_syscalls.obj
 0001:00040e90       _trap_BotDumpAvoidGoals    20041e90 f   g_syscalls.obj
 0001:00040ec0       _trap_BotDumpGoalStack     20041ec0 f   g_syscalls.obj
 0001:00040ef0       _trap_BotGoalName          20041ef0 f   g_syscalls.obj
 0001:00040f20       _trap_BotGetTopGoal        20041f20 f   g_syscalls.obj
 0001:00040f50       _trap_BotGetSecondGoal     20041f50 f   g_syscalls.obj
 0001:00040f80       _trap_BotChooseLTGItem     20041f80 f   g_syscalls.obj
 0001:00040fb0       _trap_BotChooseNBGItem     20041fb0 f   g_syscalls.obj
 0001:00040ff0       _trap_BotTouchingGoal      20041ff0 f   g_syscalls.obj
 0001:00041020       _trap_BotItemGoalInVisButNotVisible 20042020 f   g_syscalls.obj
 0001:00041050       _trap_BotGetLevelItemGoal  20042050 f   g_syscalls.obj
 0001:00041080       _trap_BotGetNextCampSpotGoal 20042080 f   g_syscalls.obj
 0001:000410b0       _trap_BotGetMapLocationGoal 200420b0 f   g_syscalls.obj
 0001:000410e0       _trap_BotAvoidGoalTime     200420e0 f   g_syscalls.obj
 0001:00041110       _trap_BotSetAvoidGoalTime  20042110 f   g_syscalls.obj
 0001:00041150       _trap_BotInitLevelItems    20042150 f   g_syscalls.obj
 0001:00041170       _trap_BotUpdateEntityItems 20042170 f   g_syscalls.obj
 0001:00041190       _trap_BotLoadItemWeights   20042190 f   g_syscalls.obj
 0001:000411c0       _trap_BotFreeItemWeights   200421c0 f   g_syscalls.obj
 0001:000411f0       _trap_BotInterbreedGoalFuzzyLogic 200421f0 f   g_syscalls.obj
 0001:00041220       _trap_BotSaveGoalFuzzyLogic 20042220 f   g_syscalls.obj
 0001:00041250       _trap_BotMutateGoalFuzzyLogic 20042250 f   g_syscalls.obj
 0001:00041280       _trap_BotAllocGoalState    20042280 f   g_syscalls.obj
 0001:000412b0       _trap_BotFreeGoalState     200422b0 f   g_syscalls.obj
 0001:000412e0       _trap_BotResetMoveState    200422e0 f   g_syscalls.obj
 0001:00041310       _trap_BotAddAvoidSpot      20042310 f   g_syscalls.obj
 0001:00041350       _trap_BotMoveToGoal        20042350 f   g_syscalls.obj
 0001:00041380       _trap_BotMoveInDirection   20042380 f   g_syscalls.obj
 0001:000413c0       _trap_BotResetAvoidReach   200423c0 f   g_syscalls.obj
 0001:000413f0       _trap_BotResetLastAvoidReach 200423f0 f   g_syscalls.obj
 0001:00041420       _trap_BotReachabilityArea  20042420 f   g_syscalls.obj
 0001:00041450       _trap_BotMovementViewTarget 20042450 f   g_syscalls.obj
 0001:00041490       _trap_BotPredictVisiblePosition 20042490 f   g_syscalls.obj
 0001:000414d0       _trap_BotAllocMoveState    200424d0 f   g_syscalls.obj
 0001:000414f0       _trap_BotFreeMoveState     200424f0 f   g_syscalls.obj
 0001:00041520       _trap_BotInitMoveState     20042520 f   g_syscalls.obj
 0001:00041550       _trap_BotChooseBestFightWeapon 20042550 f   g_syscalls.obj
 0001:00041580       _trap_BotGetWeaponInfo     20042580 f   g_syscalls.obj
 0001:000415b0       _trap_BotLoadWeaponWeights 200425b0 f   g_syscalls.obj
 0001:000415e0       _trap_BotAllocWeaponState  200425e0 f   g_syscalls.obj
 0001:00041600       _trap_BotFreeWeaponState   20042600 f   g_syscalls.obj
 0001:00041630       _trap_BotResetWeaponState  20042630 f   g_syscalls.obj
 0001:00041660       _trap_GeneticParentsAndChildSelection 20042660 f   g_syscalls.obj
 0001:000416a0       _trap_PC_LoadSource        200426a0 f   g_syscalls.obj
 0001:000416d0       _trap_PC_FreeSource        200426d0 f   g_syscalls.obj
 0001:00041700       _trap_PC_ReadToken         20042700 f   g_syscalls.obj
 0001:00041730       _trap_PC_SourceFileAndLine 20042730 f   g_syscalls.obj
 0001:00041760       _Use_Target_Give           20042760 f   g_target.obj
 0001:00041810       _SP_target_give            20042810 f   g_target.obj
 0001:00041830       _Use_target_remove_powerups 20042830 f   g_target.obj
 0001:000418d0       _SP_target_remove_powerups 200428d0 f   g_target.obj
 0001:000418f0       _Think_Target_Delay        200428f0 f   g_target.obj
 0001:00041920       _Use_Target_Delay          20042920 f   g_target.obj
 0001:000419b0       _SP_target_delay           200429b0 f   g_target.obj
 0001:00041a30       _Use_Target_Score          20042a30 f   g_target.obj
 0001:00041a60       _SP_target_score           20042a60 f   g_target.obj
 0001:00041aa0       _Use_Target_Print          20042aa0 f   g_target.obj
 0001:00041ba0       _SP_target_print           20042ba0 f   g_target.obj
 0001:00041bc0       _Use_Target_Speaker        20042bc0 f   g_target.obj
 0001:00041c80       _SP_target_speaker         20042c80 f   g_target.obj
 0001:00041e50       _target_laser_think        20042e50 f   g_target.obj
 0001:00042080       _target_laser_on           20043080 f   g_target.obj
 0001:000420c0       _target_laser_off          200430c0 f   g_target.obj
 0001:000420f0       _target_laser_use          200430f0 f   g_target.obj
 0001:00042140       _target_laser_start        20043140 f   g_target.obj
 0001:00042240       _SP_target_laser           20043240 f   g_target.obj
 0001:00042270       _target_teleporter_use     20043270 f   g_target.obj
 0001:000422e0       _SP_target_teleporter      200432e0 f   g_target.obj
 0001:00042330       _target_relay_use          20043330 f   g_target.obj
 0001:00042400       _SP_target_relay           20043400 f   g_target.obj
 0001:00042420       _target_kill_use           20043420 f   g_target.obj
 0001:00042450       _SP_target_kill            20043450 f   g_target.obj
 0001:00042470       _SP_target_position        20043470 f   g_target.obj
 0001:000424a0       _SP_target_location        200434a0 f   g_target.obj
 0001:000425e0       _Team_InitGame             200435e0 f   g_team.obj
 0001:00042640       _OtherTeam                 20043640 f   g_team.obj
 0001:00042670       _TeamName                  20043670 f   g_team.obj
 0001:000426b0       _OtherTeamName             200436b0 f   g_team.obj
 0001:000426f0       _TeamColorString           200436f0 f   g_team.obj
 0001:00042730       _PrintMsg                  20043730 f   g_team.obj
 0001:00042800       _AddTeamScore              20043800 f   g_team.obj
 0001:00042910       _OnSameTeam                20043910 f   g_team.obj
 0001:00042980       _Team_SetFlagStatus        20043980 f   g_team.obj
 0001:00042a60       _Team_CheckDroppedItem     20043a60 f   g_team.obj
 0001:00042ad0       _Team_ForceGesture         20043ad0 f   g_team.obj
 0001:00042b60       _Team_FragBonuses          20043b60 f   g_team.obj
 0001:00043550       _Team_CheckHurtCarrier     20044550 f   g_team.obj
 0001:00043640       _Team_ResetFlag            20044640 f   g_team.obj
 0001:00043700       _Team_ResetFlags           20044700 f   g_team.obj
 0001:00043730       _Team_ReturnFlagSound      20044730 f   g_team.obj
 0001:000437a0       _Team_TakeFlagSound        200447a0 f   g_team.obj
 0001:00043880       _Team_CaptureFlagSound     20044880 f   g_team.obj
 0001:000438f0       _Team_ReturnFlag           200448f0 f   g_team.obj
 0001:00043950       _Team_FreeEntity           20044950 f   g_team.obj
 0001:000439b0       _Team_DroppedFlagThink     200449b0 f   g_team.obj
 0001:00043a30       _Team_TouchOurFlag         20044a30 f   g_team.obj
 0001:00043ef0       _Team_TouchEnemyFlag       20044ef0 f   g_team.obj
 0001:00043fb0       _Pickup_Team               20044fb0 f   g_team.obj
 0001:00044070       _Team_GetLocation          20045070 f   g_team.obj
 0001:00044170       _Team_GetLocationMsg       20045170 f   g_team.obj
 0001:00044230       _SelectRandomTeamSpawnPoint 20045230 f   g_team.obj
 0001:00044340       _SelectCTFSpawnPoint       20045340 f   g_team.obj
 0001:000443e0       _TeamplayInfoMessage       200453e0 f   g_team.obj
 0001:00044710       _CheckTeamStatus           20045710 f   g_team.obj
 0001:00044880       _SP_team_CTF_redplayer     20045880 f   g_team.obj
 0001:00044890       _SP_team_CTF_blueplayer    20045890 f   g_team.obj
 0001:000448a0       _SP_team_CTF_redspawn      200458a0 f   g_team.obj
 0001:000448b0       _SP_team_CTF_bluespawn     200458b0 f   g_team.obj
 0001:000448c0       _InitTrigger               200458c0 f   g_trigger.obj
 0001:00044930       _multi_wait                20045930 f   g_trigger.obj
 0001:00044950       _multi_trigger             20045950 f   g_trigger.obj
 0001:00044b10       _Use_Multi                 20045b10 f   g_trigger.obj
 0001:00044b30       _Touch_Multi               20045b30 f   g_trigger.obj
 0001:00044b60       _SP_trigger_multiple       20045b60 f   g_trigger.obj
 0001:00044c30       _trigger_always_think      20045c30 f   g_trigger.obj
 0001:00044c60       _SP_trigger_always         20045c60 f   g_trigger.obj
 0001:00044c90       _trigger_push_touch        20045c90 f   g_trigger.obj
 0001:00044cd0       _AimAtTarget               20045cd0 f   g_trigger.obj
 0001:00044e50       _SP_trigger_push           20045e50 f   g_trigger.obj
 0001:00044ed0       _Use_target_push           20045ed0 f   g_trigger.obj
 0001:00044f90       _SP_target_push            20045f90 f   g_trigger.obj
 0001:000450f0       _trigger_teleporter_touch  200460f0 f   g_trigger.obj
 0001:00045190       _SP_trigger_teleport       20046190 f   g_trigger.obj
 0001:00045220       _hurt_use                  20046220 f   g_trigger.obj
 0001:00045260       _hurt_touch                20046260 f   g_trigger.obj
 0001:00045340       _SP_trigger_hurt           20046340 f   g_trigger.obj
 0001:000453e0       _func_timer_think          200463e0 f   g_trigger.obj
 0001:00045460       _func_timer_use            20046460 f   g_trigger.obj
 0001:000454b0       _SP_func_timer             200464b0 f   g_trigger.obj
 0001:000455a0       _AddRemap                  200465a0 f   g_utils.obj
 0001:00045690       _BuildShaderStateConfig    20046690 f   g_utils.obj
 0001:00045760       _G_FindConfigstringIndex   20046760 f   g_utils.obj
 0001:00045820       _G_ModelIndex              20046820 f   g_utils.obj
 0001:00045850       _G_SoundIndex              20046850 f   g_utils.obj
 0001:00045880       _G_TeamCommand             20046880 f   g_utils.obj
 0001:00045910       _G_Find                    20046910 f   g_utils.obj
 0001:000459a0       _G_PickTarget              200469a0 f   g_utils.obj
 0001:00045a50       _G_UseTargets              20046a50 f   g_utils.obj
 0001:00045b60       _tv                        20046b60 f   g_utils.obj
 0001:00045bb0       _vtos                      20046bb0 f   g_utils.obj
 0001:00045c20       _G_SetMovedir              20046c20 f   g_utils.obj
 0001:00045d40       _vectoyaw                  20046d40 f   g_utils.obj
 0001:00045e10       _G_InitGentity             20046e10 f   g_utils.obj
 0001:00045e70       _G_Spawn                   20046e70 f   g_utils.obj
 0001:00045fe0       _G_EntitiesFree            20046fe0 f   g_utils.obj
 0001:00046040       _qlua_LinkEntity           20047040 f   g_utils.obj
 0001:000460b0       _qlua_UnlinkEntity         200470b0 f   g_utils.obj
 0001:00046120       _G_FreeEntity              20047120 f   g_utils.obj
 0001:00046240       _G_TempEntity              20047240 f   g_utils.obj
 0001:00046300       _G_KillBox                 20047300 f   g_utils.obj
 0001:00046450       _G_AddPredictableEvent     20047450 f   g_utils.obj
 0001:00046490       _G_AddEvent                20047490 f   g_utils.obj
 0001:00046580       _G_Sound                   20047580 f   g_utils.obj
 0001:000465c0       _G_SetOrigin               200475c0 f   g_utils.obj
 0001:00046660       _DebugLine                 20047660 f   g_utils.obj
 0001:000468c0       _G_BounceProjectile        200478c0 f   g_weapon.obj
 0001:000469b0       _Weapon_Gauntlet           200479b0 f   g_weapon.obj
 0001:000469c0       _CheckGauntletAttack       200479c0 f   g_weapon.obj
 0001:00046b90       _SnapVectorTowards         20047b90 f   g_weapon.obj
 0001:00046c20       _Bullet_Fire               20047c20 f   g_weapon.obj
 0001:00046ee0       _BFG_Fire                  20047ee0 f   g_weapon.obj
 0001:00046f50       _ShotgunPellet             20047f50 f   g_weapon.obj
 0001:00047060       _ShotgunPattern            20048060 f   g_weapon.obj
 0001:00047250       _weapon_supershotgun_fire  20048250 f   g_weapon.obj
 0001:00047340       _weapon_grenadelauncher_fire 20048340 f   g_weapon.obj
 0001:000473d0       _Weapon_RocketLauncher_Fire 200483d0 f   g_weapon.obj
 0001:00047440       _Weapon_Plasmagun_Fire     20048440 f   g_weapon.obj
 0001:000474b0       _weapon_railgun_fire       200484b0 f   g_weapon.obj
 0001:00047850       _Weapon_GrapplingHook_Fire 20048850 f   g_weapon.obj
 0001:000478b0       _Weapon_HookFree           200488b0 f   g_weapon.obj
 0001:00047910       _Weapon_HookThink          20048910 f   g_weapon.obj
 0001:00047a70       _Weapon_LightningFire      20048a70 f   g_weapon.obj
 0001:00047c30       _LogAccuracyHit            20048c30 f   g_weapon.obj
 0001:00047cb0       _CalcMuzzlePoint           20048cb0 f   g_weapon.obj
 0001:00047d90       _CalcMuzzlePointOrigin     20048d90 f   g_weapon.obj
 0001:00047e70       _FireWeapon                20048e70 f   g_weapon.obj
 0001:00048110       _Q_rand                    20049110 f   q_math.obj
 0001:00048140       _Q_random                  20049140 f   q_math.obj
 0001:00048170       _Q_crandom                 20049170 f   q_math.obj
 0001:000481a0       _ClampChar                 200491a0 f   q_math.obj
 0001:000481d0       _ClampShort                200491d0 f   q_math.obj
 0001:00048210       _DirToByte                 20049210 f   q_math.obj
 0001:000482b0       _ByteToDir                 200492b0 f   q_math.obj
 0001:00048330       _ColorBytes3               20049330 f   q_math.obj
 0001:00048380       _ColorBytes4               20049380 f   q_math.obj
 0001:000483e0       _NormalizeColor            200493e0 f   q_math.obj
 0001:00048490       _PlaneFromPoints           20049490 f   q_math.obj
 0001:000485d0       _RotatePointAroundVector   200495d0 f   q_math.obj
 0001:00048800       _RotateAroundDirection     20049800 f   q_math.obj
 0001:00048890       _vectoangles               20049890 f   q_math.obj
 0001:00048a10       _AnglesToAxis              20049a10 f   q_math.obj
 0001:00048a70       _AxisClear                 20049a70 f   q_math.obj
 0001:00048ae0       _AxisCopy                  20049ae0 f   q_math.obj
 0001:00048b60       _ProjectPointOnPlane       20049b60 f   q_math.obj
 0001:00048c60       _MakeNormalVectors         20049c60 f   q_math.obj
 0001:00048d30       _VectorRotate              20049d30 f   q_math.obj
 0001:00048dd0       _Q_rsqrt                   20049dd0 f   q_math.obj
 0001:00048e30       _Q_fabs                    20049e30 f   q_math.obj
 0001:00048e60       _LerpAngle                 20049e60 f   q_math.obj
 0001:00048ec0       _AngleSubtract             20049ec0 f   q_math.obj
 0001:00048f20       _AnglesSubtract            20049f20 f   q_math.obj
 0001:00048f90       _AngleMod                  20049f90 f   q_math.obj
 0001:00048fd0       _AngleNormalize360         20049fd0 f   q_math.obj
 0001:00049010       _AngleNormalize180         2004a010 f   q_math.obj
 0001:00049050       _AngleDelta                2004a050 f   q_math.obj
 0001:00049080       _SetPlaneSignbits          2004a080 f   q_math.obj
 0001:000490e0       _BoxOnPlaneSide            2004a0e0 f   q_math.obj
 0001:00049320       _RadiusFromBounds          2004a320 f   q_math.obj
 0001:00049400       _ClearBounds               2004a400 f   q_math.obj
 0001:00049450       _AddPointToBounds          2004a450 f   q_math.obj
 0001:00049520       _VectorNormalize           2004a520 f   q_math.obj
 0001:000495c0       _VectorNormalize2          2004a5c0 f   q_math.obj
 0001:00049680       __VectorMA                 2004a680 f   q_math.obj
 0001:000496d0       __DotProduct               2004a6d0 f   q_math.obj
 0001:00049710       __VectorSubtract           2004a710 f   q_math.obj
 0001:00049760       __VectorAdd                2004a760 f   q_math.obj
 0001:000497b0       __VectorCopy               2004a7b0 f   q_math.obj
 0001:000497f0       __VectorScale              2004a7f0 f   q_math.obj
 0001:00049830       _Vector4Scale              2004a830 f   q_math.obj
 0001:00049880       _Q_log2                    2004a880 f   q_math.obj
 0001:000498c0       _MatrixMultiply            2004a8c0 f   q_math.obj
 0001:00049a70       _AngleVectors              2004aa70 f   q_math.obj
 0001:00049c60       _PerpendicularVector       2004ac60 f   q_math.obj
 0001:00049d20       _Com_Clamp                 2004ad20 f   q_shared.obj
 0001:00049d60       _COM_SkipPath              2004ad60 f   q_shared.obj
 0001:00049db0       _COM_StripExtension        2004adb0 f   q_shared.obj
 0001:00049e00       _COM_DefaultExtension      2004ae00 f   q_shared.obj
 0001:00049e90       _ShortSwap                 2004ae90 f   q_shared.obj
 0001:00049ed0       _ShortNoSwap               2004aed0 f   q_shared.obj
 0001:00049ef0       _LongSwap                  2004aef0 f   q_shared.obj
 0001:00049f60       _LongNoSwap                2004af60 f   q_shared.obj
 0001:00049f80       _Long64Swap                2004af80 f   q_shared.obj
 0001:00049fd0       _Long64NoSwap              2004afd0 f   q_shared.obj
 0001:00049ff0       _FloatSwap                 2004aff0 f   q_shared.obj
 0001:0004a020       _FloatNoSwap               2004b020 f   q_shared.obj
 0001:0004a040       _COM_BeginParseSession     2004b040 f   q_shared.obj
 0001:0004a080       _COM_GetCurrentParseLine   2004b080 f   q_shared.obj
 0001:0004a0a0       _COM_Parse                 2004b0a0 f   q_shared.obj
 0001:0004a0c0       _COM_ParseError            2004b0c0 f   q_shared.obj
 0001:0004a110       _COM_ParseWarning          2004b110 f   q_shared.obj
 0001:0004a160       _COM_Compress              2004b160 f   q_shared.obj
 0001:0004a360       _COM_ParseExt              2004b360 f   q_shared.obj
 0001:0004a5f0       _COM_MatchToken            2004b5f0 f   q_shared.obj
 0001:0004a640       _SkipBracedSection         2004b640 f   q_shared.obj
 0001:0004a6b0       _SkipRestOfLine            2004b6b0 f   q_shared.obj
 0001:0004a700       _Parse1DMatrix             2004b700 f   q_shared.obj
 0001:0004a780       _Parse2DMatrix             2004b780 f   q_shared.obj
 0001:0004a7f0       _Parse3DMatrix             2004b7f0 f   q_shared.obj
 0001:0004a870       _Q_isprint                 2004b870 f   q_shared.obj
 0001:0004a8a0       _Q_islower                 2004b8a0 f   q_shared.obj
 0001:0004a8d0       _Q_isupper                 2004b8d0 f   q_shared.obj
 0001:0004a900       _Q_isalpha                 2004b900 f   q_shared.obj
 0001:0004a940       _Q_strrchr                 2004b940 f   q_shared.obj
 0001:0004a9a0       _Q_strncpyz                2004b9a0 f   q_shared.obj
 0001:0004aa10       _Q_stricmpn                2004ba10 f   q_shared.obj
 0001:0004aae0       _Q_strncmp                 2004bae0 f   q_shared.obj
 0001:0004ab50       _Q_stricmp                 2004bb50 f   q_shared.obj
 0001:0004ab90       _Q_strlwr                  2004bb90 f   q_shared.obj
 0001:0004abe0       _Q_strupr                  2004bbe0 f   q_shared.obj
 0001:0004ac30       _Q_strcat                  2004bc30 f   q_shared.obj
 0001:0004ac80       _Q_PrintStrlen             2004bc80 f   q_shared.obj
 0001:0004ad00       _Q_CleanStr                2004bd00 f   q_shared.obj
 0001:0004ad90       _Com_sprintf               2004bd90 f   q_shared.obj
 0001:0004ae20       _va                        2004be20 f   q_shared.obj
 0001:0004ae80       _Info_ValueForKey          2004be80 f   q_shared.obj
 0001:0004b000       _Info_NextPair             2004c000 f   q_shared.obj
 0001:0004b0e0       _Info_RemoveKey            2004c0e0 f   q_shared.obj
 0001:0004b250       _Info_RemoveKey_Big        2004c250 f   q_shared.obj
 0001:0004b3c0       _Info_Validate             2004c3c0 f   q_shared.obj
 0001:0004b410       _Info_SetValueForKey       2004c410 f   q_shared.obj
 0001:0004b590       _Info_SetValueForKey_Big   2004c590 f   q_shared.obj
 0001:0004b6fe       _lua_toboolean             2004c6fe f   lua:lua.dll
 0001:0004b704       _lua_type                  2004c704 f   lua:lua.dll
 0001:0004b70a       _lua_pushinteger           2004c70a f   lua:lua.dll
 0001:0004b710       _lua_tointeger             2004c710 f   lua:lua.dll
 0001:0004b716       _lua_pushstring            2004c716 f   lua:lua.dll
 0001:0004b71c       _lua_pushboolean           2004c71c f   lua:lua.dll
 0001:0004b722       _lua_pushfstring           2004c722 f   lua:lua.dll
 0001:0004b728       _lua_pushnil               2004c728 f   lua:lua.dll
 0001:0004b72e       _luaL_checklstring         2004c72e f   lua:lua.dll
 0001:0004b734       _luaL_error                2004c734 f   lua:lua.dll
 0001:0004b73a       _luaL_checkudata           2004c73a f   lua:lua.dll
 0001:0004b740       _luaL_checkoption          2004c740 f   lua:lua.dll
 0001:0004b746       _luaL_optinteger           2004c746 f   lua:lua.dll
 0001:0004b74c       _lua_pushcclosure          2004c74c f   lua:lua.dll
 0001:0004b752       _lua_setmetatable          2004c752 f   lua:lua.dll
 0001:0004b758       _lua_getfield              2004c758 f   lua:lua.dll
 0001:0004b75e       _lua_newuserdata           2004c75e f   lua:lua.dll
 0001:0004b764       _luaL_argerror             2004c764 f   lua:lua.dll
 0001:0004b76a       _lua_touserdata            2004c76a f   lua:lua.dll
 0001:0004b770       _luaL_optnumber            2004c770 f   lua:lua.dll
 0001:0004b776       _lua_gettop                2004c776 f   lua:lua.dll
[...]
 0003:00151340       _bot_fastchat              201cd340     <common>
 0003:00151460       _ctf_blueflag              201cd460     <common>
 0003:00151498       _max_bspmodelindex         201cd498     <common>
 0003:0015149c       _red_numaltroutegoals      201cd49c     <common>
 0003:001514a0       _gametype                  201cd4a0     <common>
 0003:001514c0       _botai_waypoints           201cd4c0     <common>
 0003:001546c0       _numnodeswitches           201d06c0     <common>
 0003:001546e0       _nodeswitch                201d06e0     <common>
 0003:001563a0       _notleader                 201d23a0     <common>
 0003:001564a0       ___mblcid                  201d24a0     <common>
 0003:001564a4       ___ptmbcinfo               201d24a4     <common>
 0003:001564a8       ___ismbcodepage            201d24a8     <common>
 0003:001564c0       __mbctype                  201d24c0     <common>
 0003:001565c4       ___mbcodepage              201d25c4     <common>
 0003:001565d0       ___mbulinfo                201d25d0     <common>
 0003:001565e0       __mbcasemap                201d25e0     <common>
 0003:001566e0       ___ctype1                  201d26e0     <common>
 0003:001566e4       ___ctype1_refcount         201d26e4     <common>
 0003:001566e8       ___lconv_mon_refcount      201d26e8     <common>
 0003:001566ec       ___lconv_intl_refcount     201d26ec     <common>
 0003:001566f0       ___lconv_num_refcount      201d26f0     <common>
 0003:001566f4       ___piob                    201d26f4     <common>
 0003:00156700       __bufin                    201d2700     <common>
 0003:00157700       __nstream                  201d3700     <common>
 0003:00157704       __nhandle                  201d3704     <common>
 0003:00157720       ___pioinfo                 201d3720     <common>
 0003:00157820       ___sbh_initialized         201d3820     <common>
 0003:00157824       ___sbh_pHeaderDefer        201d3824     <common>
 0003:00157828       ___sbh_cntHeaderList       201d3828     <common>
 0003:0015782c       ___sbh_pHeaderList         201d382c     <common>
 0003:00157830       ___sbh_threshold           201d3830     <common>
 0003:00157834       ___sbh_pHeaderScan         201d3834     <common>
 0003:00157838       ___sbh_sizeHeaderList      201d3838     <common>
 0003:0015783c       ___sbh_indGroupDefer       201d383c     <common>
 0003:00157840       ___env_initialized         201d3840     <common>
 0003:00157844       ___onexitend               201d3844     <common>
 0003:00157848       ___onexitbegin             201d3848     <common>
 0003:0015784c       ___mbctype_initialized     201d384c     <common>
 0003:00157850       __crtheap                  201d3850     <common>
 0003:00157854       ___active_heap             201d3854     <common>
 0003:00157858       ___use_sse2_mathfcns       201d3858     <common>
 0003:0015785c       ___sse2_available          201d385c     <common>
 0003:00157860       __pfnReportHook            201d3860     <common>
 0003:00157864       __pReportHookList          201d3864     <common>
 0003:00157868       ___setlc_active            201d3868     <common>
 0003:0015786c       ___unguarded_readlc_active 201d386c     <common>
 0003:00157870       __acmdln                   201d3870     <common>
 0003:00157874       __pRawDllMain              201d3874     <common>
 0003:00157878       __pfnDumpClient            201d3878     <common>

 entry point at        0001:00051b30

 Static symbols

 0001:00005dc0       _VectorLength              20006dc0 f   ai_cmd.obj
 0001:00009150       _VectorLengthSquared       2000a150 f   ai_dmnet.obj
 0001:0000a0f0       _VectorLength              2000b0f0 f   ai_dmnet.obj
 0001:0000a930       _VectorCompare             2000b930 f   ai_dmnet.obj
 0001:0000dec0       _VectorLength              2000eec0 f   ai_dmq3.obj
 0001:00010410       _CrossProduct              20011410 f   ai_dmq3.obj
 0001:00010ba0       _VectorLengthSquared       20011ba0 f   ai_dmq3.obj
 0001:000130a0       _VectorCompare             200140a0 f   ai_dmq3.obj
 0001:0001f7f0       _PM_WaterJumpMove          200207f0 f   bg_pmove.obj
 0001:0001f870       _PM_WaterMove              20020870 f   bg_pmove.obj
 0001:0001fab0       _VectorLength              20020ab0 f   bg_pmove.obj
 0001:0001fb00       _PM_Friction               20020b00 f   bg_pmove.obj
 0001:0001fcc0       _PM_Accelerate             20020cc0 f   bg_pmove.obj
 0001:0001fd90       _PM_CmdScale               20020d90 f   bg_pmove.obj
 0001:0001fe80       _PM_CheckWaterJump         20020e80 f   bg_pmove.obj
 0001:00020020       _PM_FlyMove                20021020 f   bg_pmove.obj
 0001:00020130       _PM_AirMove                20021130 f   bg_pmove.obj
 0001:000202b0       _PM_SetMovementDir         200212b0 f   bg_pmove.obj
 0001:00020480       _PM_GrappleMove            20021480 f   bg_pmove.obj
 0001:000205e0       _PM_WalkMove               200215e0 f   bg_pmove.obj
 0001:000209b0       _PM_CheckJump              200219b0 f   bg_pmove.obj
 0001:00020ac0       _PM_ForceLegsAnim          20021ac0 f   bg_pmove.obj
 0001:00020af0       _PM_StartLegsAnim          20021af0 f   bg_pmove.obj
 0001:00020b50       _PM_DeadMove               20021b50 f   bg_pmove.obj
 0001:00020c30       _PM_NoclipMove             20021c30 f   bg_pmove.obj
 0001:00020ed0       _PM_GroundTrace            20021ed0 f   bg_pmove.obj
 0001:000211e0       _PM_CrashLand              200221e0 f   bg_pmove.obj
 0001:000213e0       _PM_FootstepForSurface     200223e0 f   bg_pmove.obj
 0001:00021420       _PM_CorrectAllSolid        20022420 f   bg_pmove.obj
 0001:00021610       _PM_GroundTraceMissed      20022610 f   bg_pmove.obj
 0001:00021760       _PM_SetWaterLevel          20022760 f   bg_pmove.obj
 0001:000218d0       _PM_CheckDuck              200228d0 f   bg_pmove.obj
 0001:00021ba0       _PM_Footsteps              20022ba0 f   bg_pmove.obj
 0001:00021e10       _PM_ContinueLegsAnim       20022e10 f   bg_pmove.obj
 0001:00021e60       _PM_WaterEvents            20022e60 f   bg_pmove.obj
 0001:00021f00       _PM_TorsoAnimation         20022f00 f   bg_pmove.obj
 0001:00021f50       _PM_ContinueTorsoAnim      20022f50 f   bg_pmove.obj
 0001:00021fa0       _PM_StartTorsoAnim         20022fa0 f   bg_pmove.obj
 0001:00021ff0       _PM_Weapon                 20022ff0 f   bg_pmove.obj
 0001:00022430       _PM_BeginWeaponChange      20023430 f   bg_pmove.obj
 0001:000224c0       _PM_FinishWeaponChange     200234c0 f   bg_pmove.obj
 0001:00022560       _PM_Animate                20023560 f   bg_pmove.obj
 0001:000225b0       _PM_DropTimers             200235b0 f   bg_pmove.obj
 0001:00022fd0       _CrossProduct              20023fd0 f   bg_slidemove.obj
 0001:000256d0       _SpawnModelOnVictoryPad    200266d0 f   g_arenas.obj
 0001:00025a80       _CelebrateStart            20026a80 f   g_arenas.obj
 0001:00025af0       _CelebrateStop             20026af0 f   g_arenas.obj
 0001:00025b40       _SpawnPodium               20026b40 f   g_arenas.obj
 0001:00025ce0       _PodiumPlacementThink      20026ce0 f   g_arenas.obj
 0001:00026c00       _PlayerIntroSound          20027c00 f   g_bot.obj
 0001:00026f20       _G_AddBot                  20027f20 f   g_bot.obj
 0001:000273e0       _AddBotToSpawnQueue        200283e0 f   g_bot.obj
 0001:00027880       _G_LoadArenas              20028880 f   g_bot.obj
 0001:00027a20       _G_LoadArenasFromFile      20028a20 f   g_bot.obj
 0001:00027b10       _G_SpawnBots               20028b10 f   g_bot.obj
 0001:00027c80       _G_LoadBots                20028c80 f   g_bot.obj
 0001:00027de0       _G_LoadBotsFromFile        20028de0 f   g_bot.obj
 0001:00028130       _VectorLength              20029130 f   g_client.obj
 0001:00029420       _ClientCleanName           2002a420 f   g_client.obj
 0001:0002bd30       _G_SayTo                   2002cd30 f   g_cmds.obj
 0001:0002bee0       _G_VoiceTo                 2002cee0 f   g_cmds.obj
 0001:0002d7b0       _Cmd_Say_f                 2002e7b0 f   g_cmds.obj
 0001:0002d810       _Cmd_Tell_f                2002e810 f   g_cmds.obj
 0001:0002d920       _Cmd_Voice_f               2002e920 f   g_cmds.obj
 0001:0002d980       _Cmd_VoiceTell_f           2002e980 f   g_cmds.obj
 0001:0002daa0       _Cmd_VoiceTaunt_f          2002eaa0 f   g_cmds.obj
 0001:0002e3d0       _VectorLength              2002f3d0 f   g_combat.obj
 0001:00031580       _change_dir                20032580 f   g_lua.obj
 0001:00031610       _get_dir                   20032610 f   g_lua.obj
 0001:00031690       _lfs_f_setmode             20032690 f   g_lua.obj
 0001:000316d0       _check_file                200326d0 f   g_lua.obj
 0001:00031740       _lfs_g_setmode             20032740 f   g_lua.obj
 0001:00031850       _file_lock                 20032850 f   g_lua.obj
 0001:00031930       __file_lock                20032930 f   g_lua.obj
 0001:000319f0       _file_unlock               200329f0 f   g_lua.obj
 0001:00031ab0       _make_dir                  20032ab0 f   g_lua.obj
 0001:00031b50       _remove_dir                20032b50 f   g_lua.obj
 0001:00031be0       _dir_iter_factory          20032be0 f   g_lua.obj
 0001:00031cb0       _dir_iter                  20032cb0 f   g_lua.obj
 0001:00031de0       _file_utime                20032de0 f   g_lua.obj
 0001:00031ed0       _push_st_mode              20032ed0 f   g_lua.obj
 0001:00031f00       _mode2string               20032f00 f   g_lua.obj
 0001:00031f80       _push_st_dev               20032f80 f   g_lua.obj
 0001:00031fc0       _push_st_ino               20032fc0 f   g_lua.obj
 0001:00031ff0       _push_st_nlink             20032ff0 f   g_lua.obj
 0001:00032020       _push_st_uid               20033020 f   g_lua.obj
 0001:00032050       _push_st_gid               20033050 f   g_lua.obj
 0001:00032080       _push_st_rdev              20033080 f   g_lua.obj
 0001:000320c0       _push_st_atime             200330c0 f   g_lua.obj
 0001:000320f0       _push_st_mtime             200330f0 f   g_lua.obj
 0001:00032120       _push_st_ctime             20033120 f   g_lua.obj
 0001:00032150       _push_st_size              20033150 f   g_lua.obj
 0001:00032180       _push_invalid              20033180 f   g_lua.obj
 0001:000321b0       _file_info                 200331b0 f   g_lua.obj
 0001:000321e0       __file_info_               200331e0 f   g_lua.obj
 0001:00032370       _link_info                 20033370 f   g_lua.obj
 0001:00032400       _dir_create_meta           20033400 f   g_lua.obj
 0001:00032460       _dir_close                 20033460 f   g_lua.obj
 0001:000324b0       _set_info                  200334b0 f   g_lua.obj
 0001:00034a80       _Entity_tostring           20035a80 f   g_luaentity.obj
 0001:00034ac0       _Entity_equal              20035ac0 f   g_luaentity.obj
 0001:00034f80       _qlua_setvector            20035f80 f   g_luavector.obj
 0001:00035000       _qlua_getvector            20036000 f   g_luavector.obj
 0001:000350c0       _Vector_tostring           200360c0 f   g_luavector.obj
 0001:00035100       _Vector_equal              20036100 f   g_luavector.obj
 0001:00039000       _CrossProduct              2003a000 f   g_misc.obj
 0001:00039150       _InitShooter_Finish        2003a150 f   g_misc.obj
 0001:00039470       _VectorLength              2003a470 f   g_missile.obj
 0001:0003adc0       _VectorInverse             2003bdc0 f   g_mover.obj
 0001:0003c190       _VectorLength              2003d190 f   g_mover.obj
 0001:0003c340       _Touch_DoorTriggerSpectator 2003d340 f   g_mover.obj
 0001:0003ea50       _AddIP                     2003fa50 f   g_svcmds.obj
 0001:0003eaf0       _StringToFilter            2003faf0 f   g_svcmds.obj
 0001:0003ec80       _UpdateIPBans              2003fc80 f   g_svcmds.obj
 0001:000424f0       _target_location_linkup    200434f0 f   g_target.obj
 0001:00043500       _VectorLength              20044500 f   g_team.obj
 0001:000446f0       _SortClients               200456f0 f   g_team.obj
 0001:00044ab0       _VectorCompare             20045ab0 f   g_trigger.obj
 0001:00045ce0       _VectorCompare             20046ce0 f   g_utils.obj
 0001:00046850       _CrossProduct              20047850 f   g_utils.obj
 0001:000471e0       _CrossProduct              200481e0 f   g_weapon.obj
 0001:00048560       _CrossProduct              20049560 f   q_math.obj
 0001:000493b0       _VectorLength              2004a3b0 f   q_math.obj
 0001:0004a590       _SkipWhitespace            2004b590 f   q_shared.obj
 0001:0004cd10       _$$$00001                  2004dd10 f   LIBCMTD:strchr.obj
 0001:0004d930       _realloc_help              2004e930 f   LIBCMTD:dbgheap.obj
 0001:0004e670       _CheckBytes                2004f670 f   LIBCMTD:dbgheap.obj
 0001:0004f3c0       __printMemBlockData        200503c0 f   LIBCMTD:dbgheap.obj
 0001:0004fe20       __locking_lk               20050e20 f   LIBCMTD:locking.obj
 0001:00050d70       _IsRootUNCName             20051d70 f   LIBCMTD:stati64.obj
 0001:00051200       _shortsort                 20052200 f   LIBCMTD:qsort.obj
 0001:00051270       _swap                      20052270 f   LIBCMTD:qsort.obj
 0001:00052080       ___updatetlocinfo_lk       20053080 f   LIBCMTD:setlocal.obj
 0001:00052470       __setlocale_lk             20053470 f   LIBCMTD:setlocal.obj
 0001:00052820       __setlocale_set_cat        20053820 f   LIBCMTD:setlocal.obj
 0001:00052bf0       __setlocale_get_all        20053bf0 f   LIBCMTD:setlocal.obj
 0001:000539c0       __cftoe2                   200549c0 f   LIBCMTD:cvt.obj
 0001:00053bb0       __cftof2                   20054bb0 f   LIBCMTD:cvt.obj
 0001:00053e50       __shift                    20054e50 f   LIBCMTD:cvt.obj
 0001:000557f0       __hextodec                 200567f0 f   LIBCMTD:input.obj
 0001:00055820       __inc                      20056820 f   LIBCMTD:input.obj
 0001:00055880       __un_inc                   20056880 f   LIBCMTD:input.obj
 0001:000558a0       __whiteout                 200568a0 f   LIBCMTD:input.obj
 0001:000560b0       _CrtMessageWindow          200570b0 f   LIBCMTD:dbgrpt.obj
 0001:000564a3       _$$$00003                  200574a3 f   LIBCMTD:87disp.obj
 0001:00056ce0       _strncnt                   20057ce0 f   LIBCMTD:a_map.obj
 0001:000578c0       __get_fname                200588c0 f   LIBCMTD:fpexcept.obj
 0001:00058cf0       _write_char                20059cf0 f   LIBCMTD:output.obj
 0001:00058d90       _write_multi_char          20059d90 f   LIBCMTD:output.obj
 0001:00058dd0       _write_string              20059dd0 f   LIBCMTD:output.obj
 0001:00058e40       _get_int_arg               20059e40 f   LIBCMTD:output.obj
 0001:00058e60       _get_int64_arg             20059e60 f   LIBCMTD:output.obj
 0001:00058e80       _get_short_arg             20059e80 f   LIBCMTD:output.obj
 0001:000599d0       _has_osfxsr_set            2005a9d0 f   LIBCMTD:cpu_disp.obj
 0001:00059f00       $$$00001                   2005af00 f   LIBCMTD:exsup.obj
 0001:00059f20       __unwind_handler           2005af20 f   LIBCMTD:exsup.obj
 0001:00059f20       $$$00003                   2005af20 f   LIBCMTD:exsup.obj
 0001:00059f42       $$$00005                   2005af42 f   LIBCMTD:exsup.obj
 0001:00059faa       $$$00007                   2005afaa f   LIBCMTD:exsup.obj
 0001:00059fee       $$$00011                   2005afee f   LIBCMTD:exsup.obj
 0001:0005a0f9       $$$00003                   2005b0f9 f   LIBCMTD:exsup3.obj
 0001:0005aa10       _doexit                    2005ba10 f   LIBCMTD:crt0dat.obj
 0001:0005abb0       __initterm                 2005bbb0 f   LIBCMTD:crt0dat.obj
 0001:0005abe0       __initterm_e               2005bbe0 f   LIBCMTD:crt0dat.obj
 0001:0005c7e0       _report_failure            2005d7e0 f   LIBCMTD:secchk.obj
 0001:0005d930       _flsall                    2005e930 f   LIBCMTD:fflush.obj
 0001:0005e1b0       _IsRootUNCName             2005f1b0 f   LIBCMTD:stat.obj
 0001:0005e820       _$$$00001                  2005f820 f   LIBCMTD:87triga.obj
 0001:0005ede0       _ctrlevent_capture@4       2005fde0 f   LIBCMTD:winsig.obj
 0001:0005f110       _siglookup                 20060110 f   LIBCMTD:winsig.obj
 0001:0005f350       _xtoa                      20060350 f   LIBCMTD:xtoa.obj
 0001:0005f4d0       _x64toa@20                 200604d0 f   LIBCMTD:xtoa.obj
 0001:0005fc30       _parse_cmdline             20060c30 f   LIBCMTD:stdargv.obj
 0001:000604b0       _xcptlookup                200614b0 f   LIBCMTD:winxfltr.obj
 0001:000612d0       __expandtime               200622d0 f   LIBCMTD:strftime.obj
 0001:000618b0       __store_str                200628b0 f   LIBCMTD:strftime.obj
 0001:00061900       __store_num                20062900 f   LIBCMTD:strftime.obj
 0001:000619b0       __store_number             200629b0 f   LIBCMTD:strftime.obj
 0001:00061a60       __store_winword            20062a60 f   LIBCMTD:strftime.obj
 0001:000623c0       __get_lc_time              200633c0 f   LIBCMTD:inittime.obj
 0001:00062f00       _fix_grouping              20063f00 f   LIBCMTD:initnum.obj
 0001:000633a0       _fix_grouping              200643a0 f   LIBCMTD:initmon.obj
 0001:00063cb0       _TranslateName             20064cb0 f   LIBCMTD:getqloc.obj
 0001:00063d40       _GetLcidFromLangCountry    20064d40 f   LIBCMTD:getqloc.obj
 0001:00063e00       _LangCountryEnumProc@4     20064e00 f   LIBCMTD:getqloc.obj
 0001:00064180       _GetLcidFromLanguage       20065180 f   LIBCMTD:getqloc.obj
 0001:000641f0       _LanguageEnumProc@4        200651f0 f   LIBCMTD:getqloc.obj
 0001:00064340       _GetLcidFromCountry        20065340 f   LIBCMTD:getqloc.obj
 0001:00064390       _CountryEnumProc@4         20065390 f   LIBCMTD:getqloc.obj
 0001:00064460       _GetLcidFromDefault        20065460 f   LIBCMTD:getqloc.obj
 0001:00064490       _ProcessCodePage           20065490 f   LIBCMTD:getqloc.obj
 0001:00064540       _TestDefaultCountry        20065540 f   LIBCMTD:getqloc.obj
 0001:00064590       _TestDefaultLanguage       20065590 f   LIBCMTD:getqloc.obj
 0001:00064630       _crtGetLocaleInfoA@16      20065630 f   LIBCMTD:getqloc.obj
 0001:000647c0       _LcidFromHexString         200657c0 f   LIBCMTD:getqloc.obj
 0001:00064840       _GetPrimaryLen             20065840 f   LIBCMTD:getqloc.obj
 0001:00064b50       _getSystemCP               20065b50 f   LIBCMTD:mbctype.obj
 0001:00064bb0       __setmbcp_lk               20065bb0 f   LIBCMTD:mbctype.obj
 0001:00064ea0       _CPtoLCID                  20065ea0 f   LIBCMTD:mbctype.obj
 0001:00064f20       _setSBCS                   20065f20 f   LIBCMTD:mbctype.obj
 0001:00064fa0       _setSBUpLow                20065fa0 f   LIBCMTD:mbctype.obj
 0001:00065410       __abstract_cw              20066410 f   LIBCMTD:ieee87.obj
 0001:00065560       __hw_cw                    20066560 f   LIBCMTD:ieee87.obj
 0001:000656c0       __abstract_sw              200666c0 f   LIBCMTD:ieee87.obj
 0001:000681a0       ___crtInitCritSecNoSpinCount@8 200691a0 f   LIBCMTD:initcrit.obj
 0001:00068620       __onexit_lk                20069620 f   LIBCMTD:onexit.obj
 0001:00068de0       __tzset_lk                 20069de0 f   LIBCMTD:tzset.obj
 0001:00069270       __isindst_lk               2006a270 f   LIBCMTD:tzset.obj
 0001:00069540       _cvtdate                   2006a540 f   LIBCMTD:tzset.obj
 0001:0006c7a0       _strncnt                   2006d7a0 f   LIBCMTD:a_cmp.obj
 0001:0006cb70       _findenv                   2006db70 f   LIBCMTD:setenv.obj
 0001:0006cbf0       _copy_environ              2006dbf0 f   LIBCMTD:setenv.obj
 0001:0006d6d0       __tsopen_lk                2006e6d0 f   LIBCMTD:open.obj
